/home/ben/Documents/master_thesis/code/uwb_online_initialisation_simulator/src/install/online_uwb_initialisation/lib/python3.10/site-packages/online_uwb_initialisation/__init__.py
/home/ben/Documents/master_thesis/code/uwb_online_initialisation_simulator/src/install/online_uwb_initialisation/lib/python3.10/site-packages/online_uwb_initialisation/ros/uwb_online_initialisation_node.py
/home/ben/Documents/master_thesis/code/uwb_online_initialisation_simulator/src/install/online_uwb_initialisation/lib/python3.10/site-packages/online_uwb_initialisation/ros/__init__.py
/home/ben/Documents/master_thesis/code/uwb_online_initialisation_simulator/src/install/online_uwb_initialisation/lib/python3.10/site-packages/online_uwb_initialisation/ros/uwb_online_initialisation_node_old.py
/home/ben/Documents/master_thesis/code/uwb_online_initialisation_simulator/src/install/online_uwb_initialisation/lib/python3.10/site-packages/online_uwb_initialisation/ros/uwb_config_loader.py
/home/ben/Documents/master_thesis/code/uwb_online_initialisation_simulator/src/install/online_uwb_initialisation/lib/python3.10/site-packages/online_uwb_initialisation/media/__init__.py
/home/ben/Documents/master_thesis/code/uwb_online_initialisation_simulator/src/install/online_uwb_initialisation/lib/python3.10/site-packages/online_uwb_initialisation/simulation/monte_carlo_simulating.py
/home/ben/Documents/master_thesis/code/uwb_online_initialisation_simulator/src/install/online_uwb_initialisation/lib/python3.10/site-packages/online_uwb_initialisation/simulation/quick_uwb_initialisation_sim.py
/home/ben/Documents/master_thesis/code/uwb_online_initialisation_simulator/src/install/online_uwb_initialisation/lib/python3.10/site-packages/online_uwb_initialisation/simulation/__init__.py
/home/ben/Documents/master_thesis/code/uwb_online_initialisation_simulator/src/install/online_uwb_initialisation/lib/python3.10/site-packages/online_uwb_initialisation/data/__init__.py
/home/ben/Documents/master_thesis/code/uwb_online_initialisation_simulator/src/install/online_uwb_initialisation/lib/python3.10/site-packages/online_uwb_initialisation/analysis/stopping_criterion_metrics_analysis.py
/home/ben/Documents/master_thesis/code/uwb_online_initialisation_simulator/src/install/online_uwb_initialisation/lib/python3.10/site-packages/online_uwb_initialisation/analysis/final_error_analysis.py
/home/ben/Documents/master_thesis/code/uwb_online_initialisation_simulator/src/install/online_uwb_initialisation/lib/python3.10/site-packages/online_uwb_initialisation/analysis/rosbag_reader.py
/home/ben/Documents/master_thesis/code/uwb_online_initialisation_simulator/src/install/online_uwb_initialisation/lib/python3.10/site-packages/online_uwb_initialisation/analysis/non_linear_least_squares_analysis.py
/home/ben/Documents/master_thesis/code/uwb_online_initialisation_simulator/src/install/online_uwb_initialisation/lib/python3.10/site-packages/online_uwb_initialisation/analysis/linear_least_squares_analysis.py
/home/ben/Documents/master_thesis/code/uwb_online_initialisation_simulator/src/install/online_uwb_initialisation/lib/python3.10/site-packages/online_uwb_initialisation/analysis/general_analysis_script.py
/home/ben/Documents/master_thesis/code/uwb_online_initialisation_simulator/src/install/online_uwb_initialisation/lib/python3.10/site-packages/online_uwb_initialisation/analysis/trajectory_optimisation_analysis.py
/home/ben/Documents/master_thesis/code/uwb_online_initialisation_simulator/src/install/online_uwb_initialisation/lib/python3.10/site-packages/online_uwb_initialisation/analysis/trajectory_optimisation_comparison.py
/home/ben/Documents/master_thesis/code/uwb_online_initialisation_simulator/src/install/online_uwb_initialisation/lib/python3.10/site-packages/online_uwb_initialisation/analysis/drone_halle_data_analysis.py
/home/ben/Documents/master_thesis/code/uwb_online_initialisation_simulator/src/install/online_uwb_initialisation/lib/python3.10/site-packages/online_uwb_initialisation/analysis/residual_analysis.py
/home/ben/Documents/master_thesis/code/uwb_online_initialisation_simulator/src/install/online_uwb_initialisation/lib/python3.10/site-packages/online_uwb_initialisation/analysis/__init__.py
/home/ben/Documents/master_thesis/code/uwb_online_initialisation_simulator/src/install/online_uwb_initialisation/lib/python3.10/site-packages/online_uwb_initialisation/analysis/outlier_filtering_analysis.py
/home/ben/Documents/master_thesis/code/uwb_online_initialisation_simulator/src/install/online_uwb_initialisation/lib/python3.10/site-packages/online_uwb_initialisation/analysis/non_linear_methods_analysis.py
/home/ben/Documents/master_thesis/code/uwb_online_initialisation_simulator/src/install/online_uwb_initialisation/lib/python3.10/site-packages/online_uwb_initialisation/analysis/clustering_analysis.py
/home/ben/Documents/master_thesis/code/uwb_online_initialisation_simulator/src/install/online_uwb_initialisation/lib/python3.10/site-packages/online_uwb_initialisation/analysis/stopping_criterion_sensitivity.py
/home/ben/Documents/master_thesis/code/uwb_online_initialisation_simulator/src/install/online_uwb_initialisation/lib/python3.10/site-packages/online_uwb_initialisation/analysis/insane_dataset_analysis.py
/home/ben/Documents/master_thesis/code/uwb_online_initialisation_simulator/src/install/online_uwb_initialisation/lib/python3.10/site-packages/online_uwb_initialisation/analysis/weight_optimisation_analysis.py
/home/ben/Documents/master_thesis/code/uwb_online_initialisation_simulator/src/install/online_uwb_initialisation/lib/python3.10/site-packages/online_uwb_initialisation/core/uwb_online_initialisation_pipeline.py
/home/ben/Documents/master_thesis/code/uwb_online_initialisation_simulator/src/install/online_uwb_initialisation/lib/python3.10/site-packages/online_uwb_initialisation/core/trajectory_optimisation.py
/home/ben/Documents/master_thesis/code/uwb_online_initialisation_simulator/src/install/online_uwb_initialisation/lib/python3.10/site-packages/online_uwb_initialisation/core/trajectory_manager.py
/home/ben/Documents/master_thesis/code/uwb_online_initialisation_simulator/src/install/online_uwb_initialisation/lib/python3.10/site-packages/online_uwb_initialisation/core/measurement_processor.py
/home/ben/Documents/master_thesis/code/uwb_online_initialisation_simulator/src/install/online_uwb_initialisation/lib/python3.10/site-packages/online_uwb_initialisation/core/config_params.py
/home/ben/Documents/master_thesis/code/uwb_online_initialisation_simulator/src/install/online_uwb_initialisation/lib/python3.10/site-packages/online_uwb_initialisation/core/estimation_result.py
/home/ben/Documents/master_thesis/code/uwb_online_initialisation_simulator/src/install/online_uwb_initialisation/lib/python3.10/site-packages/online_uwb_initialisation/core/__init__.py
/home/ben/Documents/master_thesis/code/uwb_online_initialisation_simulator/src/install/online_uwb_initialisation/lib/python3.10/site-packages/online_uwb_initialisation/core/uwb_online_initialisation.py
/home/ben/Documents/master_thesis/code/uwb_online_initialisation_simulator/src/install/online_uwb_initialisation/lib/python3.10/site-packages/online_uwb_initialisation/core/anchor_data.py
/home/ben/Documents/master_thesis/code/uwb_online_initialisation_simulator/src/install/online_uwb_initialisation/lib/python3.10/site-packages/online_uwb_initialisation/core/estimation_interface.py
/home/ben/Documents/master_thesis/code/uwb_online_initialisation_simulator/src/install/online_uwb_initialisation/lib/python3.10/site-packages/online_uwb_initialisation/core/metrics_calculator.py
/home/ben/Documents/master_thesis/code/uwb_online_initialisation_simulator/src/install/online_uwb_initialisation/lib/python3.10/site-packages/online_uwb_initialisation/__pycache__/__init__.cpython-310.pyc
/home/ben/Documents/master_thesis/code/uwb_online_initialisation_simulator/src/install/online_uwb_initialisation/lib/python3.10/site-packages/online_uwb_initialisation/ros/__pycache__/uwb_online_initialisation_node.cpython-310.pyc
/home/ben/Documents/master_thesis/code/uwb_online_initialisation_simulator/src/install/online_uwb_initialisation/lib/python3.10/site-packages/online_uwb_initialisation/ros/__pycache__/__init__.cpython-310.pyc
/home/ben/Documents/master_thesis/code/uwb_online_initialisation_simulator/src/install/online_uwb_initialisation/lib/python3.10/site-packages/online_uwb_initialisation/ros/__pycache__/uwb_online_initialisation_node_old.cpython-310.pyc
/home/ben/Documents/master_thesis/code/uwb_online_initialisation_simulator/src/install/online_uwb_initialisation/lib/python3.10/site-packages/online_uwb_initialisation/ros/__pycache__/uwb_config_loader.cpython-310.pyc
/home/ben/Documents/master_thesis/code/uwb_online_initialisation_simulator/src/install/online_uwb_initialisation/lib/python3.10/site-packages/online_uwb_initialisation/media/__pycache__/__init__.cpython-310.pyc
/home/ben/Documents/master_thesis/code/uwb_online_initialisation_simulator/src/install/online_uwb_initialisation/lib/python3.10/site-packages/online_uwb_initialisation/simulation/__pycache__/monte_carlo_simulating.cpython-310.pyc
/home/ben/Documents/master_thesis/code/uwb_online_initialisation_simulator/src/install/online_uwb_initialisation/lib/python3.10/site-packages/online_uwb_initialisation/simulation/__pycache__/quick_uwb_initialisation_sim.cpython-310.pyc
/home/ben/Documents/master_thesis/code/uwb_online_initialisation_simulator/src/install/online_uwb_initialisation/lib/python3.10/site-packages/online_uwb_initialisation/simulation/__pycache__/__init__.cpython-310.pyc
/home/ben/Documents/master_thesis/code/uwb_online_initialisation_simulator/src/install/online_uwb_initialisation/lib/python3.10/site-packages/online_uwb_initialisation/data/__pycache__/__init__.cpython-310.pyc
/home/ben/Documents/master_thesis/code/uwb_online_initialisation_simulator/src/install/online_uwb_initialisation/lib/python3.10/site-packages/online_uwb_initialisation/analysis/__pycache__/stopping_criterion_metrics_analysis.cpython-310.pyc
/home/ben/Documents/master_thesis/code/uwb_online_initialisation_simulator/src/install/online_uwb_initialisation/lib/python3.10/site-packages/online_uwb_initialisation/analysis/__pycache__/final_error_analysis.cpython-310.pyc
/home/ben/Documents/master_thesis/code/uwb_online_initialisation_simulator/src/install/online_uwb_initialisation/lib/python3.10/site-packages/online_uwb_initialisation/analysis/__pycache__/rosbag_reader.cpython-310.pyc
/home/ben/Documents/master_thesis/code/uwb_online_initialisation_simulator/src/install/online_uwb_initialisation/lib/python3.10/site-packages/online_uwb_initialisation/analysis/__pycache__/non_linear_least_squares_analysis.cpython-310.pyc
/home/ben/Documents/master_thesis/code/uwb_online_initialisation_simulator/src/install/online_uwb_initialisation/lib/python3.10/site-packages/online_uwb_initialisation/analysis/__pycache__/linear_least_squares_analysis.cpython-310.pyc
/home/ben/Documents/master_thesis/code/uwb_online_initialisation_simulator/src/install/online_uwb_initialisation/lib/python3.10/site-packages/online_uwb_initialisation/analysis/__pycache__/general_analysis_script.cpython-310.pyc
/home/ben/Documents/master_thesis/code/uwb_online_initialisation_simulator/src/install/online_uwb_initialisation/lib/python3.10/site-packages/online_uwb_initialisation/analysis/__pycache__/trajectory_optimisation_analysis.cpython-310.pyc
/home/ben/Documents/master_thesis/code/uwb_online_initialisation_simulator/src/install/online_uwb_initialisation/lib/python3.10/site-packages/online_uwb_initialisation/analysis/__pycache__/trajectory_optimisation_comparison.cpython-310.pyc
/home/ben/Documents/master_thesis/code/uwb_online_initialisation_simulator/src/install/online_uwb_initialisation/lib/python3.10/site-packages/online_uwb_initialisation/analysis/__pycache__/drone_halle_data_analysis.cpython-310.pyc
/home/ben/Documents/master_thesis/code/uwb_online_initialisation_simulator/src/install/online_uwb_initialisation/lib/python3.10/site-packages/online_uwb_initialisation/analysis/__pycache__/residual_analysis.cpython-310.pyc
/home/ben/Documents/master_thesis/code/uwb_online_initialisation_simulator/src/install/online_uwb_initialisation/lib/python3.10/site-packages/online_uwb_initialisation/analysis/__pycache__/__init__.cpython-310.pyc
/home/ben/Documents/master_thesis/code/uwb_online_initialisation_simulator/src/install/online_uwb_initialisation/lib/python3.10/site-packages/online_uwb_initialisation/analysis/__pycache__/outlier_filtering_analysis.cpython-310.pyc
/home/ben/Documents/master_thesis/code/uwb_online_initialisation_simulator/src/install/online_uwb_initialisation/lib/python3.10/site-packages/online_uwb_initialisation/analysis/__pycache__/non_linear_methods_analysis.cpython-310.pyc
/home/ben/Documents/master_thesis/code/uwb_online_initialisation_simulator/src/install/online_uwb_initialisation/lib/python3.10/site-packages/online_uwb_initialisation/analysis/__pycache__/clustering_analysis.cpython-310.pyc
/home/ben/Documents/master_thesis/code/uwb_online_initialisation_simulator/src/install/online_uwb_initialisation/lib/python3.10/site-packages/online_uwb_initialisation/analysis/__pycache__/stopping_criterion_sensitivity.cpython-310.pyc
/home/ben/Documents/master_thesis/code/uwb_online_initialisation_simulator/src/install/online_uwb_initialisation/lib/python3.10/site-packages/online_uwb_initialisation/analysis/__pycache__/insane_dataset_analysis.cpython-310.pyc
/home/ben/Documents/master_thesis/code/uwb_online_initialisation_simulator/src/install/online_uwb_initialisation/lib/python3.10/site-packages/online_uwb_initialisation/analysis/__pycache__/weight_optimisation_analysis.cpython-310.pyc
/home/ben/Documents/master_thesis/code/uwb_online_initialisation_simulator/src/install/online_uwb_initialisation/lib/python3.10/site-packages/online_uwb_initialisation/core/__pycache__/uwb_online_initialisation_pipeline.cpython-310.pyc
/home/ben/Documents/master_thesis/code/uwb_online_initialisation_simulator/src/install/online_uwb_initialisation/lib/python3.10/site-packages/online_uwb_initialisation/core/__pycache__/trajectory_optimisation.cpython-310.pyc
/home/ben/Documents/master_thesis/code/uwb_online_initialisation_simulator/src/install/online_uwb_initialisation/lib/python3.10/site-packages/online_uwb_initialisation/core/__pycache__/trajectory_manager.cpython-310.pyc
/home/ben/Documents/master_thesis/code/uwb_online_initialisation_simulator/src/install/online_uwb_initialisation/lib/python3.10/site-packages/online_uwb_initialisation/core/__pycache__/measurement_processor.cpython-310.pyc
/home/ben/Documents/master_thesis/code/uwb_online_initialisation_simulator/src/install/online_uwb_initialisation/lib/python3.10/site-packages/online_uwb_initialisation/core/__pycache__/config_params.cpython-310.pyc
/home/ben/Documents/master_thesis/code/uwb_online_initialisation_simulator/src/install/online_uwb_initialisation/lib/python3.10/site-packages/online_uwb_initialisation/core/__pycache__/estimation_result.cpython-310.pyc
/home/ben/Documents/master_thesis/code/uwb_online_initialisation_simulator/src/install/online_uwb_initialisation/lib/python3.10/site-packages/online_uwb_initialisation/core/__pycache__/__init__.cpython-310.pyc
/home/ben/Documents/master_thesis/code/uwb_online_initialisation_simulator/src/install/online_uwb_initialisation/lib/python3.10/site-packages/online_uwb_initialisation/core/__pycache__/uwb_online_initialisation.cpython-310.pyc
/home/ben/Documents/master_thesis/code/uwb_online_initialisation_simulator/src/install/online_uwb_initialisation/lib/python3.10/site-packages/online_uwb_initialisation/core/__pycache__/anchor_data.cpython-310.pyc
/home/ben/Documents/master_thesis/code/uwb_online_initialisation_simulator/src/install/online_uwb_initialisation/lib/python3.10/site-packages/online_uwb_initialisation/core/__pycache__/estimation_interface.cpython-310.pyc
/home/ben/Documents/master_thesis/code/uwb_online_initialisation_simulator/src/install/online_uwb_initialisation/lib/python3.10/site-packages/online_uwb_initialisation/core/__pycache__/metrics_calculator.cpython-310.pyc
/home/ben/Documents/master_thesis/code/uwb_online_initialisation_simulator/src/install/online_uwb_initialisation/share/ament_index/resource_index/packages/online_uwb_initialisation
/home/ben/Documents/master_thesis/code/uwb_online_initialisation_simulator/src/install/online_uwb_initialisation/share/online_uwb_initialisation/package.xml
/home/ben/Documents/master_thesis/code/uwb_online_initialisation_simulator/src/install/online_uwb_initialisation/lib/python3.10/site-packages/online_uwb_initialisation-0.0.0-py3.10.egg-info/top_level.txt
/home/ben/Documents/master_thesis/code/uwb_online_initialisation_simulator/src/install/online_uwb_initialisation/lib/python3.10/site-packages/online_uwb_initialisation-0.0.0-py3.10.egg-info/entry_points.txt
/home/ben/Documents/master_thesis/code/uwb_online_initialisation_simulator/src/install/online_uwb_initialisation/lib/python3.10/site-packages/online_uwb_initialisation-0.0.0-py3.10.egg-info/PKG-INFO
/home/ben/Documents/master_thesis/code/uwb_online_initialisation_simulator/src/install/online_uwb_initialisation/lib/python3.10/site-packages/online_uwb_initialisation-0.0.0-py3.10.egg-info/requires.txt
/home/ben/Documents/master_thesis/code/uwb_online_initialisation_simulator/src/install/online_uwb_initialisation/lib/python3.10/site-packages/online_uwb_initialisation-0.0.0-py3.10.egg-info/dependency_links.txt
/home/ben/Documents/master_thesis/code/uwb_online_initialisation_simulator/src/install/online_uwb_initialisation/lib/python3.10/site-packages/online_uwb_initialisation-0.0.0-py3.10.egg-info/SOURCES.txt
/home/ben/Documents/master_thesis/code/uwb_online_initialisation_simulator/src/install/online_uwb_initialisation/lib/python3.10/site-packages/online_uwb_initialisation-0.0.0-py3.10.egg-info/zip-safe
/home/ben/Documents/master_thesis/code/uwb_online_initialisation_simulator/src/install/online_uwb_initialisation/lib/online_uwb_initialisation/uwb_online_initialisation
