-- The C compiler identification is GNU 11.4.0
-- The CXX compiler identification is GNU 11.4.0
-- Detecting C compiler ABI info
-- Detecting C compiler ABI info - done
-- Check for working C compiler: /usr/bin/cc - skipped
-- Detecting C compile features
-- Detecting C compile features - done
-- Detecting CXX compiler ABI info
-- Detecting CXX compiler ABI info - done
-- Check for working CXX compiler: /usr/bin/c++ - skipped
-- Detecting CXX compile features
-- Detecting CXX compile features - done
-- Found ament_cmake: 1.3.10 (/opt/ros/humble/share/ament_cmake/cmake)
-- Found Python3: /usr/bin/python3 (found version "3.10.12") found components: Interpreter 
-- Found std_msgs: 4.2.4 (/opt/ros/humble/share/std_msgs/cmake)
-- Found rosidl_generator_c: 3.1.5 (/opt/ros/humble/share/rosidl_generator_c/cmake)
-- Found rosidl_adapter: 3.1.5 (/opt/ros/humble/share/rosidl_adapter/cmake)
-- Found rosidl_generator_cpp: 3.1.5 (/opt/ros/humble/share/rosidl_generator_cpp/cmake)
-- Using all available rosidl_typesupport_c: rosidl_typesupport_fastrtps_c;rosidl_typesupport_introspection_c
-- Using all available rosidl_typesupport_cpp: rosidl_typesupport_fastrtps_cpp;rosidl_typesupport_introspection_cpp
-- Found rosidl_default_generators: 1.2.0 (/opt/ros/humble/share/rosidl_default_generators/cmake)
-- Found ament_cmake_ros: 0.10.0 (/opt/ros/humble/share/ament_cmake_ros/cmake)
-- Using all available rosidl_typesupport_c: rosidl_typesupport_fastrtps_c;rosidl_typesupport_introspection_c
-- Using all available rosidl_typesupport_cpp: rosidl_typesupport_fastrtps_cpp;rosidl_typesupport_introspection_cpp
-- Found PythonInterp: /usr/bin/python3 (found suitable version "3.10.12", minimum required is "3.6") 
-- Found python_cmake_module: 0.10.0 (/opt/ros/humble/share/python_cmake_module/cmake)
-- Found PythonLibs: /usr/lib/x86_64-linux-gnu/libpython3.10.so (found suitable version "3.10.12", minimum required is "3.5") 
-- Using PYTHON_EXECUTABLE: /usr/bin/python3
-- Using PYTHON_INCLUDE_DIRS: /usr/include/python3.10
-- Using PYTHON_LIBRARIES: /usr/lib/x86_64-linux-gnu/libpython3.10.so
-- Found PythonExtra: .so  
-- Configuring done
-- Generating done
-- Build files have been written to: /home/ben/Documents/master_thesis/code/uwb_online_initialisation_simulator/src/build/sim_interfaces
[  1%] [34m[1mGenerating C code for ROS interfaces[0m
[  1%] [34m[1mGenerating C++ code for ROS interfaces[0m
[  1%] Built target ament_cmake_python_copy_sim_interfaces
running egg_info
creating sim_interfaces.egg-info
writing sim_interfaces.egg-info/PKG-INFO
writing dependency_links to sim_interfaces.egg-info/dependency_links.txt
writing top-level names to sim_interfaces.egg-info/top_level.txt
writing manifest file 'sim_interfaces.egg-info/SOURCES.txt'
[  1%] Built target sim_interfaces__cpp
[  2%] [34m[1mGenerating C++ type support dispatch for ROS interfaces[0m
[  3%] [34m[1mGenerating C++ introspection for ROS interfaces[0m
[  3%] [34m[1mGenerating C++ type support for eProsima Fast-RTPS[0m
[  6%] [32mBuilding C object CMakeFiles/sim_interfaces__rosidl_generator_c.dir/rosidl_generator_c/sim_interfaces/msg/detail/anchor_estimates__functions.c.o[0m
[  6%] [32mBuilding C object CMakeFiles/sim_interfaces__rosidl_generator_c.dir/rosidl_generator_c/sim_interfaces/srv/detail/trajectory_info__functions.c.o[0m
[  6%] [32mBuilding C object CMakeFiles/sim_interfaces__rosidl_generator_c.dir/rosidl_generator_c/sim_interfaces/msg/detail/drone_position__functions.c.o[0m
[  7%] [32mBuilding C object CMakeFiles/sim_interfaces__rosidl_generator_c.dir/rosidl_generator_c/sim_interfaces/msg/detail/anchor_estimate__functions.c.o[0m
[  8%] [32mBuilding C object CMakeFiles/sim_interfaces__rosidl_generator_c.dir/rosidl_generator_c/sim_interfaces/msg/detail/anchor_error__functions.c.o[0m
[  9%] [32mBuilding C object CMakeFiles/sim_interfaces__rosidl_generator_c.dir/rosidl_generator_c/sim_interfaces/msg/detail/waypoint_list__functions.c.o[0m
[  6%] [32mBuilding C object CMakeFiles/sim_interfaces__rosidl_generator_c.dir/rosidl_generator_c/sim_interfaces/msg/detail/stamped_float__functions.c.o[0m
[  9%] [32mBuilding C object CMakeFiles/sim_interfaces__rosidl_generator_c.dir/rosidl_generator_c/sim_interfaces/msg/detail/waypoint_lists__functions.c.o[0m
[ 10%] [32mBuilding C object CMakeFiles/sim_interfaces__rosidl_generator_c.dir/rosidl_generator_c/sim_interfaces/srv/detail/anchor_info__functions.c.o[0m
[ 11%] [32mBuilding C object CMakeFiles/sim_interfaces__rosidl_generator_c.dir/rosidl_generator_c/sim_interfaces/msg/detail/anchor_errors__functions.c.o[0m
[ 12%] [32mBuilding C object CMakeFiles/sim_interfaces__rosidl_generator_c.dir/rosidl_generator_c/sim_interfaces/msg/detail/optimized_trajectory__functions.c.o[0m
[ 13%] [32mBuilding C object CMakeFiles/sim_interfaces__rosidl_generator_c.dir/rosidl_generator_c/sim_interfaces/msg/detail/anchor_info__functions.c.o[0m
[ 14%] [32m[1mLinking C shared library libsim_interfaces__rosidl_generator_c.so[0m
[ 14%] Built target sim_interfaces__rosidl_generator_c
[ 16%] [34m[1mGenerating C introspection for ROS interfaces[0m
[ 16%] [34m[1mGenerating C type support for eProsima Fast-RTPS[0m
[ 17%] [34m[1mGenerating C type support dispatch for ROS interfaces[0m
reading manifest file 'sim_interfaces.egg-info/SOURCES.txt'
writing manifest file 'sim_interfaces.egg-info/SOURCES.txt'
[ 17%] Built target ament_cmake_python_build_sim_interfaces_egg
[ 19%] [32mBuilding CXX object CMakeFiles/sim_interfaces__rosidl_typesupport_cpp.dir/rosidl_typesupport_cpp/sim_interfaces/msg/anchor_estimates__type_support.cpp.o[0m
[ 19%] [32mBuilding CXX object CMakeFiles/sim_interfaces__rosidl_typesupport_cpp.dir/rosidl_typesupport_cpp/sim_interfaces/msg/drone_position__type_support.cpp.o[0m
[ 20%] [32mBuilding CXX object CMakeFiles/sim_interfaces__rosidl_typesupport_cpp.dir/rosidl_typesupport_cpp/sim_interfaces/srv/trajectory_info__type_support.cpp.o[0m
[ 20%] [32mBuilding CXX object CMakeFiles/sim_interfaces__rosidl_typesupport_cpp.dir/rosidl_typesupport_cpp/sim_interfaces/msg/anchor_estimate__type_support.cpp.o[0m
[ 21%] [32mBuilding CXX object CMakeFiles/sim_interfaces__rosidl_typesupport_cpp.dir/rosidl_typesupport_cpp/sim_interfaces/srv/anchor_info__type_support.cpp.o[0m
[ 23%] [32mBuilding CXX object CMakeFiles/sim_interfaces__rosidl_typesupport_cpp.dir/rosidl_typesupport_cpp/sim_interfaces/msg/anchor_errors__type_support.cpp.o[0m
[ 23%] [32mBuilding CXX object CMakeFiles/sim_interfaces__rosidl_typesupport_cpp.dir/rosidl_typesupport_cpp/sim_interfaces/msg/anchor_error__type_support.cpp.o[0m
[ 24%] [32mBuilding CXX object CMakeFiles/sim_interfaces__rosidl_typesupport_cpp.dir/rosidl_typesupport_cpp/sim_interfaces/msg/stamped_float__type_support.cpp.o[0m
[ 24%] [32mBuilding CXX object CMakeFiles/sim_interfaces__rosidl_typesupport_cpp.dir/rosidl_typesupport_cpp/sim_interfaces/msg/optimized_trajectory__type_support.cpp.o[0m
[ 25%] [32mBuilding CXX object CMakeFiles/sim_interfaces__rosidl_typesupport_cpp.dir/rosidl_typesupport_cpp/sim_interfaces/msg/waypoint_lists__type_support.cpp.o[0m
[ 26%] [32mBuilding CXX object CMakeFiles/sim_interfaces__rosidl_typesupport_cpp.dir/rosidl_typesupport_cpp/sim_interfaces/msg/waypoint_list__type_support.cpp.o[0m
[ 27%] [32mBuilding CXX object CMakeFiles/sim_interfaces__rosidl_typesupport_cpp.dir/rosidl_typesupport_cpp/sim_interfaces/msg/anchor_info__type_support.cpp.o[0m
[ 28%] [32mBuilding CXX object CMakeFiles/sim_interfaces__rosidl_typesupport_c.dir/rosidl_typesupport_c/sim_interfaces/srv/anchor_info__type_support.cpp.o[0m
[ 28%] [32mBuilding CXX object CMakeFiles/sim_interfaces__rosidl_typesupport_c.dir/rosidl_typesupport_c/sim_interfaces/srv/trajectory_info__type_support.cpp.o[0m
[ 29%] [32mBuilding CXX object CMakeFiles/sim_interfaces__rosidl_typesupport_c.dir/rosidl_typesupport_c/sim_interfaces/msg/stamped_float__type_support.cpp.o[0m
[ 30%] [32mBuilding CXX object CMakeFiles/sim_interfaces__rosidl_typesupport_c.dir/rosidl_typesupport_c/sim_interfaces/msg/drone_position__type_support.cpp.o[0m
[ 31%] [32mBuilding CXX object CMakeFiles/sim_interfaces__rosidl_typesupport_c.dir/rosidl_typesupport_c/sim_interfaces/msg/anchor_estimate__type_support.cpp.o[0m
[ 32%] [32mBuilding CXX object CMakeFiles/sim_interfaces__rosidl_typesupport_c.dir/rosidl_typesupport_c/sim_interfaces/msg/anchor_estimates__type_support.cpp.o[0m
[ 33%] [32mBuilding CXX object CMakeFiles/sim_interfaces__rosidl_typesupport_c.dir/rosidl_typesupport_c/sim_interfaces/msg/anchor_error__type_support.cpp.o[0m
[ 34%] [32mBuilding CXX object CMakeFiles/sim_interfaces__rosidl_typesupport_c.dir/rosidl_typesupport_c/sim_interfaces/msg/waypoint_list__type_support.cpp.o[0m
[ 34%] [32mBuilding CXX object CMakeFiles/sim_interfaces__rosidl_typesupport_c.dir/rosidl_typesupport_c/sim_interfaces/msg/anchor_errors__type_support.cpp.o[0m
[ 35%] [32mBuilding CXX object CMakeFiles/sim_interfaces__rosidl_typesupport_c.dir/rosidl_typesupport_c/sim_interfaces/msg/waypoint_lists__type_support.cpp.o[0m
[ 36%] [32mBuilding CXX object CMakeFiles/sim_interfaces__rosidl_typesupport_c.dir/rosidl_typesupport_c/sim_interfaces/msg/anchor_info__type_support.cpp.o[0m
[ 37%] [32mBuilding CXX object CMakeFiles/sim_interfaces__rosidl_typesupport_introspection_cpp.dir/rosidl_typesupport_introspection_cpp/sim_interfaces/srv/detail/trajectory_info__type_support.cpp.o[0m
[ 37%] [32mBuilding CXX object CMakeFiles/sim_interfaces__rosidl_typesupport_introspection_cpp.dir/rosidl_typesupport_introspection_cpp/sim_interfaces/srv/detail/anchor_info__type_support.cpp.o[0m
[ 39%] [32mBuilding CXX object CMakeFiles/sim_interfaces__rosidl_typesupport_c.dir/rosidl_typesupport_c/sim_interfaces/msg/optimized_trajectory__type_support.cpp.o[0m
[ 39%] [32mBuilding CXX object CMakeFiles/sim_interfaces__rosidl_typesupport_introspection_cpp.dir/rosidl_typesupport_introspection_cpp/sim_interfaces/msg/detail/drone_position__type_support.cpp.o[0m
[ 40%] [32mBuilding CXX object CMakeFiles/sim_interfaces__rosidl_typesupport_introspection_cpp.dir/rosidl_typesupport_introspection_cpp/sim_interfaces/msg/detail/anchor_estimate__type_support.cpp.o[0m
[ 41%] [32mBuilding CXX object CMakeFiles/sim_interfaces__rosidl_typesupport_introspection_cpp.dir/rosidl_typesupport_introspection_cpp/sim_interfaces/msg/detail/stamped_float__type_support.cpp.o[0m
[ 42%] [32mBuilding CXX object CMakeFiles/sim_interfaces__rosidl_typesupport_introspection_cpp.dir/rosidl_typesupport_introspection_cpp/sim_interfaces/msg/detail/anchor_estimates__type_support.cpp.o[0m
[ 42%] [32mBuilding CXX object CMakeFiles/sim_interfaces__rosidl_typesupport_introspection_cpp.dir/rosidl_typesupport_introspection_cpp/sim_interfaces/msg/detail/anchor_error__type_support.cpp.o[0m
[ 43%] [32mBuilding CXX object CMakeFiles/sim_interfaces__rosidl_typesupport_introspection_cpp.dir/rosidl_typesupport_introspection_cpp/sim_interfaces/msg/detail/anchor_errors__type_support.cpp.o[0m
[ 44%] [32mBuilding CXX object CMakeFiles/sim_interfaces__rosidl_typesupport_introspection_cpp.dir/rosidl_typesupport_introspection_cpp/sim_interfaces/msg/detail/waypoint_list__type_support.cpp.o[0m
[ 45%] [32mBuilding CXX object CMakeFiles/sim_interfaces__rosidl_typesupport_fastrtps_cpp.dir/rosidl_typesupport_fastrtps_cpp/sim_interfaces/srv/detail/dds_fastrtps/anchor_info__type_support.cpp.o[0m
[ 46%] [32mBuilding CXX object CMakeFiles/sim_interfaces__rosidl_typesupport_fastrtps_cpp.dir/rosidl_typesupport_fastrtps_cpp/sim_interfaces/srv/detail/dds_fastrtps/trajectory_info__type_support.cpp.o[0m
[ 47%] [32mBuilding CXX object CMakeFiles/sim_interfaces__rosidl_typesupport_introspection_cpp.dir/rosidl_typesupport_introspection_cpp/sim_interfaces/msg/detail/waypoint_lists__type_support.cpp.o[0m
[ 48%] [32m[1mLinking CXX shared library libsim_interfaces__rosidl_typesupport_c.so[0m
[ 48%] Built target sim_interfaces__rosidl_typesupport_c
[ 49%] [32mBuilding CXX object CMakeFiles/sim_interfaces__rosidl_typesupport_introspection_cpp.dir/rosidl_typesupport_introspection_cpp/sim_interfaces/msg/detail/optimized_trajectory__type_support.cpp.o[0m
[ 50%] [32m[1mLinking CXX shared library libsim_interfaces__rosidl_typesupport_cpp.so[0m
[ 50%] Built target sim_interfaces__rosidl_typesupport_cpp
[ 51%] [32mBuilding CXX object CMakeFiles/sim_interfaces__rosidl_typesupport_introspection_cpp.dir/rosidl_typesupport_introspection_cpp/sim_interfaces/msg/detail/anchor_info__type_support.cpp.o[0m
[ 52%] [32mBuilding C object CMakeFiles/sim_interfaces__rosidl_typesupport_introspection_c.dir/rosidl_typesupport_introspection_c/sim_interfaces/srv/detail/anchor_info__type_support.c.o[0m
[ 53%] [32mBuilding CXX object CMakeFiles/sim_interfaces__rosidl_typesupport_fastrtps_cpp.dir/rosidl_typesupport_fastrtps_cpp/sim_interfaces/msg/detail/dds_fastrtps/stamped_float__type_support.cpp.o[0m
[ 54%] [32mBuilding CXX object CMakeFiles/sim_interfaces__rosidl_typesupport_fastrtps_cpp.dir/rosidl_typesupport_fastrtps_cpp/sim_interfaces/msg/detail/dds_fastrtps/drone_position__type_support.cpp.o[0m
[ 55%] [32mBuilding C object CMakeFiles/sim_interfaces__rosidl_typesupport_introspection_c.dir/rosidl_typesupport_introspection_c/sim_interfaces/srv/detail/trajectory_info__type_support.c.o[0m
[ 56%] [32mBuilding C object CMakeFiles/sim_interfaces__rosidl_typesupport_introspection_c.dir/rosidl_typesupport_introspection_c/sim_interfaces/msg/detail/stamped_float__type_support.c.o[0m
[ 56%] [32mBuilding CXX object CMakeFiles/sim_interfaces__rosidl_typesupport_fastrtps_cpp.dir/rosidl_typesupport_fastrtps_cpp/sim_interfaces/msg/detail/dds_fastrtps/anchor_estimates__type_support.cpp.o[0m
[ 57%] [32mBuilding CXX object CMakeFiles/sim_interfaces__rosidl_typesupport_fastrtps_cpp.dir/rosidl_typesupport_fastrtps_cpp/sim_interfaces/msg/detail/dds_fastrtps/anchor_estimate__type_support.cpp.o[0m
[ 57%] [32mBuilding C object CMakeFiles/sim_interfaces__rosidl_typesupport_introspection_c.dir/rosidl_typesupport_introspection_c/sim_interfaces/msg/detail/drone_position__type_support.c.o[0m
[ 58%] [32mBuilding C object CMakeFiles/sim_interfaces__rosidl_typesupport_introspection_c.dir/rosidl_typesupport_introspection_c/sim_interfaces/msg/detail/anchor_estimate__type_support.c.o[0m
[ 59%] [32mBuilding CXX object CMakeFiles/sim_interfaces__rosidl_typesupport_fastrtps_cpp.dir/rosidl_typesupport_fastrtps_cpp/sim_interfaces/msg/detail/dds_fastrtps/anchor_error__type_support.cpp.o[0m
[ 60%] [32mBuilding CXX object CMakeFiles/sim_interfaces__rosidl_typesupport_fastrtps_c.dir/rosidl_typesupport_fastrtps_c/sim_interfaces/srv/detail/anchor_info__type_support_c.cpp.o[0m
[ 61%] [32mBuilding CXX object CMakeFiles/sim_interfaces__rosidl_typesupport_fastrtps_cpp.dir/rosidl_typesupport_fastrtps_cpp/sim_interfaces/msg/detail/dds_fastrtps/anchor_errors__type_support.cpp.o[0m
[ 62%] [32mBuilding C object CMakeFiles/sim_interfaces__rosidl_typesupport_introspection_c.dir/rosidl_typesupport_introspection_c/sim_interfaces/msg/detail/anchor_estimates__type_support.c.o[0m
[ 63%] [32mBuilding CXX object CMakeFiles/sim_interfaces__rosidl_typesupport_fastrtps_cpp.dir/rosidl_typesupport_fastrtps_cpp/sim_interfaces/msg/detail/dds_fastrtps/waypoint_list__type_support.cpp.o[0m
[ 64%] [32mBuilding CXX object CMakeFiles/sim_interfaces__rosidl_typesupport_fastrtps_c.dir/rosidl_typesupport_fastrtps_c/sim_interfaces/srv/detail/trajectory_info__type_support_c.cpp.o[0m
[ 65%] [32mBuilding CXX object CMakeFiles/sim_interfaces__rosidl_typesupport_fastrtps_cpp.dir/rosidl_typesupport_fastrtps_cpp/sim_interfaces/msg/detail/dds_fastrtps/waypoint_lists__type_support.cpp.o[0m
[ 65%] [32mBuilding CXX object CMakeFiles/sim_interfaces__rosidl_typesupport_fastrtps_c.dir/rosidl_typesupport_fastrtps_c/sim_interfaces/msg/detail/stamped_float__type_support_c.cpp.o[0m
[ 66%] [32mBuilding C object CMakeFiles/sim_interfaces__rosidl_typesupport_introspection_c.dir/rosidl_typesupport_introspection_c/sim_interfaces/msg/detail/anchor_error__type_support.c.o[0m
[ 67%] [32mBuilding CXX object CMakeFiles/sim_interfaces__rosidl_typesupport_fastrtps_cpp.dir/rosidl_typesupport_fastrtps_cpp/sim_interfaces/msg/detail/dds_fastrtps/optimized_trajectory__type_support.cpp.o[0m
[ 68%] [32mBuilding C object CMakeFiles/sim_interfaces__rosidl_typesupport_introspection_c.dir/rosidl_typesupport_introspection_c/sim_interfaces/msg/detail/anchor_errors__type_support.c.o[0m
[ 68%] [32mBuilding CXX object CMakeFiles/sim_interfaces__rosidl_typesupport_fastrtps_cpp.dir/rosidl_typesupport_fastrtps_cpp/sim_interfaces/msg/detail/dds_fastrtps/anchor_info__type_support.cpp.o[0m
[ 69%] [32mBuilding C object CMakeFiles/sim_interfaces__rosidl_typesupport_introspection_c.dir/rosidl_typesupport_introspection_c/sim_interfaces/msg/detail/waypoint_list__type_support.c.o[0m
[ 70%] [32mBuilding C object CMakeFiles/sim_interfaces__rosidl_typesupport_introspection_c.dir/rosidl_typesupport_introspection_c/sim_interfaces/msg/detail/waypoint_lists__type_support.c.o[0m
[ 71%] [32mBuilding CXX object CMakeFiles/sim_interfaces__rosidl_typesupport_fastrtps_c.dir/rosidl_typesupport_fastrtps_c/sim_interfaces/msg/detail/drone_position__type_support_c.cpp.o[0m
[ 71%] [32mBuilding C object CMakeFiles/sim_interfaces__rosidl_typesupport_introspection_c.dir/rosidl_typesupport_introspection_c/sim_interfaces/msg/detail/optimized_trajectory__type_support.c.o[0m
[ 72%] [32mBuilding C object CMakeFiles/sim_interfaces__rosidl_typesupport_introspection_c.dir/rosidl_typesupport_introspection_c/sim_interfaces/msg/detail/anchor_info__type_support.c.o[0m
[ 73%] [32mBuilding CXX object CMakeFiles/sim_interfaces__rosidl_typesupport_fastrtps_c.dir/rosidl_typesupport_fastrtps_c/sim_interfaces/msg/detail/anchor_estimate__type_support_c.cpp.o[0m
[ 74%] [32m[1mLinking C shared library libsim_interfaces__rosidl_typesupport_introspection_c.so[0m
[ 75%] [32m[1mLinking CXX shared library libsim_interfaces__rosidl_typesupport_introspection_cpp.so[0m
[ 76%] [32mBuilding CXX object CMakeFiles/sim_interfaces__rosidl_typesupport_fastrtps_c.dir/rosidl_typesupport_fastrtps_c/sim_interfaces/msg/detail/anchor_estimates__type_support_c.cpp.o[0m
[ 78%] [32mBuilding CXX object CMakeFiles/sim_interfaces__rosidl_typesupport_fastrtps_c.dir/rosidl_typesupport_fastrtps_c/sim_interfaces/msg/detail/anchor_errors__type_support_c.cpp.o[0m
[ 78%] [32mBuilding CXX object CMakeFiles/sim_interfaces__rosidl_typesupport_fastrtps_c.dir/rosidl_typesupport_fastrtps_c/sim_interfaces/msg/detail/anchor_error__type_support_c.cpp.o[0m
[ 78%] [32mBuilding CXX object CMakeFiles/sim_interfaces__rosidl_typesupport_fastrtps_c.dir/rosidl_typesupport_fastrtps_c/sim_interfaces/msg/detail/waypoint_list__type_support_c.cpp.o[0m
[ 79%] [32mBuilding CXX object CMakeFiles/sim_interfaces__rosidl_typesupport_fastrtps_c.dir/rosidl_typesupport_fastrtps_c/sim_interfaces/msg/detail/waypoint_lists__type_support_c.cpp.o[0m
[ 80%] [32mBuilding CXX object CMakeFiles/sim_interfaces__rosidl_typesupport_fastrtps_c.dir/rosidl_typesupport_fastrtps_c/sim_interfaces/msg/detail/optimized_trajectory__type_support_c.cpp.o[0m
[ 80%] Built target sim_interfaces__rosidl_typesupport_introspection_c
[ 81%] [32mBuilding CXX object CMakeFiles/sim_interfaces__rosidl_typesupport_fastrtps_c.dir/rosidl_typesupport_fastrtps_c/sim_interfaces/msg/detail/anchor_info__type_support_c.cpp.o[0m
[ 81%] Built target sim_interfaces__rosidl_typesupport_introspection_cpp
[ 82%] [32m[1mLinking CXX shared library libsim_interfaces__rosidl_typesupport_fastrtps_cpp.so[0m
[ 83%] [32m[1mLinking CXX shared library libsim_interfaces__rosidl_typesupport_fastrtps_c.so[0m
[ 83%] Built target sim_interfaces__rosidl_typesupport_fastrtps_cpp
[ 83%] Built target sim_interfaces__rosidl_typesupport_fastrtps_c
[ 83%] Built target sim_interfaces
[ 84%] [34m[1mGenerating Python code for ROS interfaces[0m
[ 84%] Built target sim_interfaces__py
[ 87%] [32mBuilding C object CMakeFiles/sim_interfaces__rosidl_generator_py.dir/rosidl_generator_py/sim_interfaces/srv/_trajectory_info_s.c.o[0m
[ 87%] [32mBuilding C object CMakeFiles/sim_interfaces__rosidl_generator_py.dir/rosidl_generator_py/sim_interfaces/msg/_drone_position_s.c.o[0m
[ 87%] [32mBuilding C object CMakeFiles/sim_interfaces__rosidl_generator_py.dir/rosidl_generator_py/sim_interfaces/msg/_anchor_estimate_s.c.o[0m
[ 87%] [32mBuilding C object CMakeFiles/sim_interfaces__rosidl_generator_py.dir/rosidl_generator_py/sim_interfaces/msg/_stamped_float_s.c.o[0m
[ 89%] [32mBuilding C object CMakeFiles/sim_interfaces__rosidl_generator_py.dir/rosidl_generator_py/sim_interfaces/msg/_anchor_estimates_s.c.o[0m
[ 90%] [32mBuilding C object CMakeFiles/sim_interfaces__rosidl_generator_py.dir/rosidl_generator_py/sim_interfaces/msg/_anchor_info_s.c.o[0m
[ 90%] [32mBuilding C object CMakeFiles/sim_interfaces__rosidl_generator_py.dir/rosidl_generator_py/sim_interfaces/msg/_waypoint_lists_s.c.o[0m
[ 91%] [32mBuilding C object CMakeFiles/sim_interfaces__rosidl_generator_py.dir/rosidl_generator_py/sim_interfaces/msg/_anchor_errors_s.c.o[0m
[ 91%] [32mBuilding C object CMakeFiles/sim_interfaces__rosidl_generator_py.dir/rosidl_generator_py/sim_interfaces/msg/_anchor_error_s.c.o[0m
[ 92%] [32mBuilding C object CMakeFiles/sim_interfaces__rosidl_generator_py.dir/rosidl_generator_py/sim_interfaces/msg/_waypoint_list_s.c.o[0m
[ 93%] [32mBuilding C object CMakeFiles/sim_interfaces__rosidl_generator_py.dir/rosidl_generator_py/sim_interfaces/srv/_anchor_info_s.c.o[0m
[ 94%] [32mBuilding C object CMakeFiles/sim_interfaces__rosidl_generator_py.dir/rosidl_generator_py/sim_interfaces/msg/_optimized_trajectory_s.c.o[0m
[ 95%] [32m[1mLinking C shared library rosidl_generator_py/sim_interfaces/libsim_interfaces__rosidl_generator_py.so[0m
[ 95%] Built target sim_interfaces__rosidl_generator_py
[ 97%] [32mBuilding C object CMakeFiles/sim_interfaces__rosidl_typesupport_introspection_c__pyext.dir/rosidl_generator_py/sim_interfaces/_sim_interfaces_s.ep.rosidl_typesupport_introspection_c.c.o[0m
[ 97%] [32mBuilding C object CMakeFiles/sim_interfaces__rosidl_typesupport_fastrtps_c__pyext.dir/rosidl_generator_py/sim_interfaces/_sim_interfaces_s.ep.rosidl_typesupport_fastrtps_c.c.o[0m
[ 97%] [32mBuilding C object CMakeFiles/sim_interfaces__rosidl_typesupport_c__pyext.dir/rosidl_generator_py/sim_interfaces/_sim_interfaces_s.ep.rosidl_typesupport_c.c.o[0m
[ 98%] [32m[1mLinking C shared library rosidl_generator_py/sim_interfaces/sim_interfaces_s__rosidl_typesupport_fastrtps_c.cpython-310-x86_64-linux-gnu.so[0m
[ 99%] [32m[1mLinking C shared library rosidl_generator_py/sim_interfaces/sim_interfaces_s__rosidl_typesupport_c.cpython-310-x86_64-linux-gnu.so[0m
[100%] [32m[1mLinking C shared library rosidl_generator_py/sim_interfaces/sim_interfaces_s__rosidl_typesupport_introspection_c.cpython-310-x86_64-linux-gnu.so[0m
[100%] Built target sim_interfaces__rosidl_typesupport_c__pyext
[100%] Built target sim_interfaces__rosidl_typesupport_introspection_c__pyext
[100%] Built target sim_interfaces__rosidl_typesupport_fastrtps_c__pyext
-- Install configuration: ""
-- Installing: /home/ben/Documents/master_thesis/code/uwb_online_initialisation_simulator/src/install/sim_interfaces/share/ament_index/resource_index/rosidl_interfaces/sim_interfaces
-- Installing: /home/ben/Documents/master_thesis/code/uwb_online_initialisation_simulator/src/install/sim_interfaces/include/sim_interfaces/sim_interfaces
-- Installing: /home/ben/Documents/master_thesis/code/uwb_online_initialisation_simulator/src/install/sim_interfaces/include/sim_interfaces/sim_interfaces/srv
-- Installing: /home/ben/Documents/master_thesis/code/uwb_online_initialisation_simulator/src/install/sim_interfaces/include/sim_interfaces/sim_interfaces/srv/detail
-- Installing: /home/ben/Documents/master_thesis/code/uwb_online_initialisation_simulator/src/install/sim_interfaces/include/sim_interfaces/sim_interfaces/srv/detail/anchor_info__type_support.h
-- Installing: /home/ben/Documents/master_thesis/code/uwb_online_initialisation_simulator/src/install/sim_interfaces/include/sim_interfaces/sim_interfaces/srv/detail/trajectory_info__type_support.h
-- Installing: /home/ben/Documents/master_thesis/code/uwb_online_initialisation_simulator/src/install/sim_interfaces/include/sim_interfaces/sim_interfaces/srv/detail/anchor_info__functions.h
-- Installing: /home/ben/Documents/master_thesis/code/uwb_online_initialisation_simulator/src/install/sim_interfaces/include/sim_interfaces/sim_interfaces/srv/detail/trajectory_info__functions.h
-- Installing: /home/ben/Documents/master_thesis/code/uwb_online_initialisation_simulator/src/install/sim_interfaces/include/sim_interfaces/sim_interfaces/srv/detail/anchor_info__functions.c
-- Installing: /home/ben/Documents/master_thesis/code/uwb_online_initialisation_simulator/src/install/sim_interfaces/include/sim_interfaces/sim_interfaces/srv/detail/trajectory_info__functions.c
-- Installing: /home/ben/Documents/master_thesis/code/uwb_online_initialisation_simulator/src/install/sim_interfaces/include/sim_interfaces/sim_interfaces/srv/detail/anchor_info__struct.h
-- Installing: /home/ben/Documents/master_thesis/code/uwb_online_initialisation_simulator/src/install/sim_interfaces/include/sim_interfaces/sim_interfaces/srv/detail/trajectory_info__struct.h
-- Installing: /home/ben/Documents/master_thesis/code/uwb_online_initialisation_simulator/src/install/sim_interfaces/include/sim_interfaces/sim_interfaces/srv/anchor_info.h
-- Installing: /home/ben/Documents/master_thesis/code/uwb_online_initialisation_simulator/src/install/sim_interfaces/include/sim_interfaces/sim_interfaces/srv/trajectory_info.h
-- Installing: /home/ben/Documents/master_thesis/code/uwb_online_initialisation_simulator/src/install/sim_interfaces/include/sim_interfaces/sim_interfaces/msg
-- Installing: /home/ben/Documents/master_thesis/code/uwb_online_initialisation_simulator/src/install/sim_interfaces/include/sim_interfaces/sim_interfaces/msg/detail
-- Installing: /home/ben/Documents/master_thesis/code/uwb_online_initialisation_simulator/src/install/sim_interfaces/include/sim_interfaces/sim_interfaces/msg/detail/stamped_float__type_support.h
-- Installing: /home/ben/Documents/master_thesis/code/uwb_online_initialisation_simulator/src/install/sim_interfaces/include/sim_interfaces/sim_interfaces/msg/detail/anchor_estimate__functions.h
-- Installing: /home/ben/Documents/master_thesis/code/uwb_online_initialisation_simulator/src/install/sim_interfaces/include/sim_interfaces/sim_interfaces/msg/detail/anchor_info__type_support.h
-- Installing: /home/ben/Documents/master_thesis/code/uwb_online_initialisation_simulator/src/install/sim_interfaces/include/sim_interfaces/sim_interfaces/msg/detail/waypoint_list__functions.h
-- Installing: /home/ben/Documents/master_thesis/code/uwb_online_initialisation_simulator/src/install/sim_interfaces/include/sim_interfaces/sim_interfaces/msg/detail/waypoint_list__struct.h
-- Installing: /home/ben/Documents/master_thesis/code/uwb_online_initialisation_simulator/src/install/sim_interfaces/include/sim_interfaces/sim_interfaces/msg/detail/optimized_trajectory__functions.h
-- Installing: /home/ben/Documents/master_thesis/code/uwb_online_initialisation_simulator/src/install/sim_interfaces/include/sim_interfaces/sim_interfaces/msg/detail/drone_position__functions.c
-- Installing: /home/ben/Documents/master_thesis/code/uwb_online_initialisation_simulator/src/install/sim_interfaces/include/sim_interfaces/sim_interfaces/msg/detail/waypoint_list__functions.c
-- Installing: /home/ben/Documents/master_thesis/code/uwb_online_initialisation_simulator/src/install/sim_interfaces/include/sim_interfaces/sim_interfaces/msg/detail/anchor_errors__functions.h
-- Installing: /home/ben/Documents/master_thesis/code/uwb_online_initialisation_simulator/src/install/sim_interfaces/include/sim_interfaces/sim_interfaces/msg/detail/anchor_errors__type_support.h
-- Installing: /home/ben/Documents/master_thesis/code/uwb_online_initialisation_simulator/src/install/sim_interfaces/include/sim_interfaces/sim_interfaces/msg/detail/waypoint_lists__type_support.h
-- Installing: /home/ben/Documents/master_thesis/code/uwb_online_initialisation_simulator/src/install/sim_interfaces/include/sim_interfaces/sim_interfaces/msg/detail/drone_position__type_support.h
-- Installing: /home/ben/Documents/master_thesis/code/uwb_online_initialisation_simulator/src/install/sim_interfaces/include/sim_interfaces/sim_interfaces/msg/detail/anchor_error__functions.h
-- Installing: /home/ben/Documents/master_thesis/code/uwb_online_initialisation_simulator/src/install/sim_interfaces/include/sim_interfaces/sim_interfaces/msg/detail/optimized_trajectory__struct.h
-- Installing: /home/ben/Documents/master_thesis/code/uwb_online_initialisation_simulator/src/install/sim_interfaces/include/sim_interfaces/sim_interfaces/msg/detail/anchor_estimate__functions.c
-- Installing: /home/ben/Documents/master_thesis/code/uwb_online_initialisation_simulator/src/install/sim_interfaces/include/sim_interfaces/sim_interfaces/msg/detail/waypoint_list__type_support.h
-- Installing: /home/ben/Documents/master_thesis/code/uwb_online_initialisation_simulator/src/install/sim_interfaces/include/sim_interfaces/sim_interfaces/msg/detail/optimized_trajectory__type_support.h
-- Installing: /home/ben/Documents/master_thesis/code/uwb_online_initialisation_simulator/src/install/sim_interfaces/include/sim_interfaces/sim_interfaces/msg/detail/anchor_estimate__type_support.h
-- Installing: /home/ben/Documents/master_thesis/code/uwb_online_initialisation_simulator/src/install/sim_interfaces/include/sim_interfaces/sim_interfaces/msg/detail/drone_position__struct.h
-- Installing: /home/ben/Documents/master_thesis/code/uwb_online_initialisation_simulator/src/install/sim_interfaces/include/sim_interfaces/sim_interfaces/msg/detail/anchor_info__functions.h
-- Installing: /home/ben/Documents/master_thesis/code/uwb_online_initialisation_simulator/src/install/sim_interfaces/include/sim_interfaces/sim_interfaces/msg/detail/optimized_trajectory__functions.c
-- Installing: /home/ben/Documents/master_thesis/code/uwb_online_initialisation_simulator/src/install/sim_interfaces/include/sim_interfaces/sim_interfaces/msg/detail/stamped_float__struct.h
-- Installing: /home/ben/Documents/master_thesis/code/uwb_online_initialisation_simulator/src/install/sim_interfaces/include/sim_interfaces/sim_interfaces/msg/detail/waypoint_lists__struct.h
-- Installing: /home/ben/Documents/master_thesis/code/uwb_online_initialisation_simulator/src/install/sim_interfaces/include/sim_interfaces/sim_interfaces/msg/detail/drone_position__functions.h
-- Installing: /home/ben/Documents/master_thesis/code/uwb_online_initialisation_simulator/src/install/sim_interfaces/include/sim_interfaces/sim_interfaces/msg/detail/anchor_info__functions.c
-- Installing: /home/ben/Documents/master_thesis/code/uwb_online_initialisation_simulator/src/install/sim_interfaces/include/sim_interfaces/sim_interfaces/msg/detail/anchor_estimates__type_support.h
-- Installing: /home/ben/Documents/master_thesis/code/uwb_online_initialisation_simulator/src/install/sim_interfaces/include/sim_interfaces/sim_interfaces/msg/detail/anchor_error__functions.c
-- Installing: /home/ben/Documents/master_thesis/code/uwb_online_initialisation_simulator/src/install/sim_interfaces/include/sim_interfaces/sim_interfaces/msg/detail/anchor_error__struct.h
-- Installing: /home/ben/Documents/master_thesis/code/uwb_online_initialisation_simulator/src/install/sim_interfaces/include/sim_interfaces/sim_interfaces/msg/detail/anchor_estimate__struct.h
-- Installing: /home/ben/Documents/master_thesis/code/uwb_online_initialisation_simulator/src/install/sim_interfaces/include/sim_interfaces/sim_interfaces/msg/detail/anchor_info__struct.h
-- Installing: /home/ben/Documents/master_thesis/code/uwb_online_initialisation_simulator/src/install/sim_interfaces/include/sim_interfaces/sim_interfaces/msg/detail/anchor_estimates__struct.h
-- Installing: /home/ben/Documents/master_thesis/code/uwb_online_initialisation_simulator/src/install/sim_interfaces/include/sim_interfaces/sim_interfaces/msg/detail/anchor_estimates__functions.c
-- Installing: /home/ben/Documents/master_thesis/code/uwb_online_initialisation_simulator/src/install/sim_interfaces/include/sim_interfaces/sim_interfaces/msg/detail/anchor_estimates__functions.h
-- Installing: /home/ben/Documents/master_thesis/code/uwb_online_initialisation_simulator/src/install/sim_interfaces/include/sim_interfaces/sim_interfaces/msg/detail/anchor_errors__functions.c
-- Installing: /home/ben/Documents/master_thesis/code/uwb_online_initialisation_simulator/src/install/sim_interfaces/include/sim_interfaces/sim_interfaces/msg/detail/waypoint_lists__functions.h
-- Installing: /home/ben/Documents/master_thesis/code/uwb_online_initialisation_simulator/src/install/sim_interfaces/include/sim_interfaces/sim_interfaces/msg/detail/stamped_float__functions.c
-- Installing: /home/ben/Documents/master_thesis/code/uwb_online_initialisation_simulator/src/install/sim_interfaces/include/sim_interfaces/sim_interfaces/msg/detail/waypoint_lists__functions.c
-- Installing: /home/ben/Documents/master_thesis/code/uwb_online_initialisation_simulator/src/install/sim_interfaces/include/sim_interfaces/sim_interfaces/msg/detail/anchor_error__type_support.h
-- Installing: /home/ben/Documents/master_thesis/code/uwb_online_initialisation_simulator/src/install/sim_interfaces/include/sim_interfaces/sim_interfaces/msg/detail/stamped_float__functions.h
-- Installing: /home/ben/Documents/master_thesis/code/uwb_online_initialisation_simulator/src/install/sim_interfaces/include/sim_interfaces/sim_interfaces/msg/detail/anchor_errors__struct.h
-- Installing: /home/ben/Documents/master_thesis/code/uwb_online_initialisation_simulator/src/install/sim_interfaces/include/sim_interfaces/sim_interfaces/msg/anchor_error.h
-- Installing: /home/ben/Documents/master_thesis/code/uwb_online_initialisation_simulator/src/install/sim_interfaces/include/sim_interfaces/sim_interfaces/msg/drone_position.h
-- Installing: /home/ben/Documents/master_thesis/code/uwb_online_initialisation_simulator/src/install/sim_interfaces/include/sim_interfaces/sim_interfaces/msg/rosidl_generator_c__visibility_control.h
-- Installing: /home/ben/Documents/master_thesis/code/uwb_online_initialisation_simulator/src/install/sim_interfaces/include/sim_interfaces/sim_interfaces/msg/anchor_info.h
-- Installing: /home/ben/Documents/master_thesis/code/uwb_online_initialisation_simulator/src/install/sim_interfaces/include/sim_interfaces/sim_interfaces/msg/waypoint_list.h
-- Installing: /home/ben/Documents/master_thesis/code/uwb_online_initialisation_simulator/src/install/sim_interfaces/include/sim_interfaces/sim_interfaces/msg/anchor_estimate.h
-- Installing: /home/ben/Documents/master_thesis/code/uwb_online_initialisation_simulator/src/install/sim_interfaces/include/sim_interfaces/sim_interfaces/msg/stamped_float.h
-- Installing: /home/ben/Documents/master_thesis/code/uwb_online_initialisation_simulator/src/install/sim_interfaces/include/sim_interfaces/sim_interfaces/msg/waypoint_lists.h
-- Installing: /home/ben/Documents/master_thesis/code/uwb_online_initialisation_simulator/src/install/sim_interfaces/include/sim_interfaces/sim_interfaces/msg/anchor_errors.h
-- Installing: /home/ben/Documents/master_thesis/code/uwb_online_initialisation_simulator/src/install/sim_interfaces/include/sim_interfaces/sim_interfaces/msg/anchor_estimates.h
-- Installing: /home/ben/Documents/master_thesis/code/uwb_online_initialisation_simulator/src/install/sim_interfaces/include/sim_interfaces/sim_interfaces/msg/optimized_trajectory.h
-- Installing: /home/ben/Documents/master_thesis/code/uwb_online_initialisation_simulator/src/install/sim_interfaces/share/sim_interfaces/environment/library_path.sh
-- Installing: /home/ben/Documents/master_thesis/code/uwb_online_initialisation_simulator/src/install/sim_interfaces/share/sim_interfaces/environment/library_path.dsv
-- Installing: /home/ben/Documents/master_thesis/code/uwb_online_initialisation_simulator/src/install/sim_interfaces/lib/libsim_interfaces__rosidl_generator_c.so
-- Set runtime path of "/home/ben/Documents/master_thesis/code/uwb_online_initialisation_simulator/src/install/sim_interfaces/lib/libsim_interfaces__rosidl_generator_c.so" to ""
-- Up-to-date: /home/ben/Documents/master_thesis/code/uwb_online_initialisation_simulator/src/install/sim_interfaces/include/sim_interfaces/sim_interfaces
-- Up-to-date: /home/ben/Documents/master_thesis/code/uwb_online_initialisation_simulator/src/install/sim_interfaces/include/sim_interfaces/sim_interfaces/srv
-- Up-to-date: /home/ben/Documents/master_thesis/code/uwb_online_initialisation_simulator/src/install/sim_interfaces/include/sim_interfaces/sim_interfaces/srv/detail
-- Installing: /home/ben/Documents/master_thesis/code/uwb_online_initialisation_simulator/src/install/sim_interfaces/include/sim_interfaces/sim_interfaces/srv/detail/trajectory_info__rosidl_typesupport_fastrtps_c.h
-- Installing: /home/ben/Documents/master_thesis/code/uwb_online_initialisation_simulator/src/install/sim_interfaces/include/sim_interfaces/sim_interfaces/srv/detail/anchor_info__rosidl_typesupport_fastrtps_c.h
-- Up-to-date: /home/ben/Documents/master_thesis/code/uwb_online_initialisation_simulator/src/install/sim_interfaces/include/sim_interfaces/sim_interfaces/msg
-- Up-to-date: /home/ben/Documents/master_thesis/code/uwb_online_initialisation_simulator/src/install/sim_interfaces/include/sim_interfaces/sim_interfaces/msg/detail
-- Installing: /home/ben/Documents/master_thesis/code/uwb_online_initialisation_simulator/src/install/sim_interfaces/include/sim_interfaces/sim_interfaces/msg/detail/stamped_float__rosidl_typesupport_fastrtps_c.h
-- Installing: /home/ben/Documents/master_thesis/code/uwb_online_initialisation_simulator/src/install/sim_interfaces/include/sim_interfaces/sim_interfaces/msg/detail/waypoint_list__rosidl_typesupport_fastrtps_c.h
-- Installing: /home/ben/Documents/master_thesis/code/uwb_online_initialisation_simulator/src/install/sim_interfaces/include/sim_interfaces/sim_interfaces/msg/detail/anchor_estimate__rosidl_typesupport_fastrtps_c.h
-- Installing: /home/ben/Documents/master_thesis/code/uwb_online_initialisation_simulator/src/install/sim_interfaces/include/sim_interfaces/sim_interfaces/msg/detail/waypoint_lists__rosidl_typesupport_fastrtps_c.h
-- Installing: /home/ben/Documents/master_thesis/code/uwb_online_initialisation_simulator/src/install/sim_interfaces/include/sim_interfaces/sim_interfaces/msg/detail/anchor_error__rosidl_typesupport_fastrtps_c.h
-- Installing: /home/ben/Documents/master_thesis/code/uwb_online_initialisation_simulator/src/install/sim_interfaces/include/sim_interfaces/sim_interfaces/msg/detail/anchor_info__rosidl_typesupport_fastrtps_c.h
-- Installing: /home/ben/Documents/master_thesis/code/uwb_online_initialisation_simulator/src/install/sim_interfaces/include/sim_interfaces/sim_interfaces/msg/detail/anchor_errors__rosidl_typesupport_fastrtps_c.h
-- Installing: /home/ben/Documents/master_thesis/code/uwb_online_initialisation_simulator/src/install/sim_interfaces/include/sim_interfaces/sim_interfaces/msg/detail/optimized_trajectory__rosidl_typesupport_fastrtps_c.h
-- Installing: /home/ben/Documents/master_thesis/code/uwb_online_initialisation_simulator/src/install/sim_interfaces/include/sim_interfaces/sim_interfaces/msg/detail/anchor_estimates__rosidl_typesupport_fastrtps_c.h
-- Installing: /home/ben/Documents/master_thesis/code/uwb_online_initialisation_simulator/src/install/sim_interfaces/include/sim_interfaces/sim_interfaces/msg/detail/drone_position__rosidl_typesupport_fastrtps_c.h
-- Installing: /home/ben/Documents/master_thesis/code/uwb_online_initialisation_simulator/src/install/sim_interfaces/include/sim_interfaces/sim_interfaces/msg/rosidl_typesupport_fastrtps_c__visibility_control.h
-- Installing: /home/ben/Documents/master_thesis/code/uwb_online_initialisation_simulator/src/install/sim_interfaces/lib/libsim_interfaces__rosidl_typesupport_fastrtps_c.so
-- Set runtime path of "/home/ben/Documents/master_thesis/code/uwb_online_initialisation_simulator/src/install/sim_interfaces/lib/libsim_interfaces__rosidl_typesupport_fastrtps_c.so" to ""
-- Up-to-date: /home/ben/Documents/master_thesis/code/uwb_online_initialisation_simulator/src/install/sim_interfaces/include/sim_interfaces/sim_interfaces
-- Up-to-date: /home/ben/Documents/master_thesis/code/uwb_online_initialisation_simulator/src/install/sim_interfaces/include/sim_interfaces/sim_interfaces/srv
-- Up-to-date: /home/ben/Documents/master_thesis/code/uwb_online_initialisation_simulator/src/install/sim_interfaces/include/sim_interfaces/sim_interfaces/srv/detail
-- Installing: /home/ben/Documents/master_thesis/code/uwb_online_initialisation_simulator/src/install/sim_interfaces/include/sim_interfaces/sim_interfaces/srv/detail/trajectory_info__traits.hpp
-- Installing: /home/ben/Documents/master_thesis/code/uwb_online_initialisation_simulator/src/install/sim_interfaces/include/sim_interfaces/sim_interfaces/srv/detail/trajectory_info__struct.hpp
-- Installing: /home/ben/Documents/master_thesis/code/uwb_online_initialisation_simulator/src/install/sim_interfaces/include/sim_interfaces/sim_interfaces/srv/detail/anchor_info__traits.hpp
-- Installing: /home/ben/Documents/master_thesis/code/uwb_online_initialisation_simulator/src/install/sim_interfaces/include/sim_interfaces/sim_interfaces/srv/detail/anchor_info__builder.hpp
-- Installing: /home/ben/Documents/master_thesis/code/uwb_online_initialisation_simulator/src/install/sim_interfaces/include/sim_interfaces/sim_interfaces/srv/detail/trajectory_info__builder.hpp
-- Installing: /home/ben/Documents/master_thesis/code/uwb_online_initialisation_simulator/src/install/sim_interfaces/include/sim_interfaces/sim_interfaces/srv/detail/anchor_info__struct.hpp
-- Installing: /home/ben/Documents/master_thesis/code/uwb_online_initialisation_simulator/src/install/sim_interfaces/include/sim_interfaces/sim_interfaces/srv/anchor_info.hpp
-- Installing: /home/ben/Documents/master_thesis/code/uwb_online_initialisation_simulator/src/install/sim_interfaces/include/sim_interfaces/sim_interfaces/srv/trajectory_info.hpp
-- Up-to-date: /home/ben/Documents/master_thesis/code/uwb_online_initialisation_simulator/src/install/sim_interfaces/include/sim_interfaces/sim_interfaces/msg
-- Up-to-date: /home/ben/Documents/master_thesis/code/uwb_online_initialisation_simulator/src/install/sim_interfaces/include/sim_interfaces/sim_interfaces/msg/detail
-- Installing: /home/ben/Documents/master_thesis/code/uwb_online_initialisation_simulator/src/install/sim_interfaces/include/sim_interfaces/sim_interfaces/msg/detail/anchor_errors__traits.hpp
-- Installing: /home/ben/Documents/master_thesis/code/uwb_online_initialisation_simulator/src/install/sim_interfaces/include/sim_interfaces/sim_interfaces/msg/detail/waypoint_lists__traits.hpp
-- Installing: /home/ben/Documents/master_thesis/code/uwb_online_initialisation_simulator/src/install/sim_interfaces/include/sim_interfaces/sim_interfaces/msg/detail/waypoint_list__builder.hpp
-- Installing: /home/ben/Documents/master_thesis/code/uwb_online_initialisation_simulator/src/install/sim_interfaces/include/sim_interfaces/sim_interfaces/msg/detail/anchor_estimates__builder.hpp
-- Installing: /home/ben/Documents/master_thesis/code/uwb_online_initialisation_simulator/src/install/sim_interfaces/include/sim_interfaces/sim_interfaces/msg/detail/waypoint_list__traits.hpp
-- Installing: /home/ben/Documents/master_thesis/code/uwb_online_initialisation_simulator/src/install/sim_interfaces/include/sim_interfaces/sim_interfaces/msg/detail/anchor_error__struct.hpp
-- Installing: /home/ben/Documents/master_thesis/code/uwb_online_initialisation_simulator/src/install/sim_interfaces/include/sim_interfaces/sim_interfaces/msg/detail/optimized_trajectory__struct.hpp
-- Installing: /home/ben/Documents/master_thesis/code/uwb_online_initialisation_simulator/src/install/sim_interfaces/include/sim_interfaces/sim_interfaces/msg/detail/anchor_errors__struct.hpp
-- Installing: /home/ben/Documents/master_thesis/code/uwb_online_initialisation_simulator/src/install/sim_interfaces/include/sim_interfaces/sim_interfaces/msg/detail/anchor_info__traits.hpp
-- Installing: /home/ben/Documents/master_thesis/code/uwb_online_initialisation_simulator/src/install/sim_interfaces/include/sim_interfaces/sim_interfaces/msg/detail/anchor_estimates__traits.hpp
-- Installing: /home/ben/Documents/master_thesis/code/uwb_online_initialisation_simulator/src/install/sim_interfaces/include/sim_interfaces/sim_interfaces/msg/detail/waypoint_lists__builder.hpp
-- Installing: /home/ben/Documents/master_thesis/code/uwb_online_initialisation_simulator/src/install/sim_interfaces/include/sim_interfaces/sim_interfaces/msg/detail/stamped_float__builder.hpp
-- Installing: /home/ben/Documents/master_thesis/code/uwb_online_initialisation_simulator/src/install/sim_interfaces/include/sim_interfaces/sim_interfaces/msg/detail/anchor_errors__builder.hpp
-- Installing: /home/ben/Documents/master_thesis/code/uwb_online_initialisation_simulator/src/install/sim_interfaces/include/sim_interfaces/sim_interfaces/msg/detail/anchor_estimate__builder.hpp
-- Installing: /home/ben/Documents/master_thesis/code/uwb_online_initialisation_simulator/src/install/sim_interfaces/include/sim_interfaces/sim_interfaces/msg/detail/drone_position__struct.hpp
-- Installing: /home/ben/Documents/master_thesis/code/uwb_online_initialisation_simulator/src/install/sim_interfaces/include/sim_interfaces/sim_interfaces/msg/detail/stamped_float__struct.hpp
-- Installing: /home/ben/Documents/master_thesis/code/uwb_online_initialisation_simulator/src/install/sim_interfaces/include/sim_interfaces/sim_interfaces/msg/detail/anchor_info__builder.hpp
-- Installing: /home/ben/Documents/master_thesis/code/uwb_online_initialisation_simulator/src/install/sim_interfaces/include/sim_interfaces/sim_interfaces/msg/detail/waypoint_list__struct.hpp
-- Installing: /home/ben/Documents/master_thesis/code/uwb_online_initialisation_simulator/src/install/sim_interfaces/include/sim_interfaces/sim_interfaces/msg/detail/anchor_estimate__traits.hpp
-- Installing: /home/ben/Documents/master_thesis/code/uwb_online_initialisation_simulator/src/install/sim_interfaces/include/sim_interfaces/sim_interfaces/msg/detail/drone_position__traits.hpp
-- Installing: /home/ben/Documents/master_thesis/code/uwb_online_initialisation_simulator/src/install/sim_interfaces/include/sim_interfaces/sim_interfaces/msg/detail/stamped_float__traits.hpp
-- Installing: /home/ben/Documents/master_thesis/code/uwb_online_initialisation_simulator/src/install/sim_interfaces/include/sim_interfaces/sim_interfaces/msg/detail/anchor_error__traits.hpp
-- Installing: /home/ben/Documents/master_thesis/code/uwb_online_initialisation_simulator/src/install/sim_interfaces/include/sim_interfaces/sim_interfaces/msg/detail/drone_position__builder.hpp
-- Installing: /home/ben/Documents/master_thesis/code/uwb_online_initialisation_simulator/src/install/sim_interfaces/include/sim_interfaces/sim_interfaces/msg/detail/optimized_trajectory__traits.hpp
-- Installing: /home/ben/Documents/master_thesis/code/uwb_online_initialisation_simulator/src/install/sim_interfaces/include/sim_interfaces/sim_interfaces/msg/detail/anchor_estimates__struct.hpp
-- Installing: /home/ben/Documents/master_thesis/code/uwb_online_initialisation_simulator/src/install/sim_interfaces/include/sim_interfaces/sim_interfaces/msg/detail/optimized_trajectory__builder.hpp
-- Installing: /home/ben/Documents/master_thesis/code/uwb_online_initialisation_simulator/src/install/sim_interfaces/include/sim_interfaces/sim_interfaces/msg/detail/anchor_info__struct.hpp
-- Installing: /home/ben/Documents/master_thesis/code/uwb_online_initialisation_simulator/src/install/sim_interfaces/include/sim_interfaces/sim_interfaces/msg/detail/anchor_error__builder.hpp
-- Installing: /home/ben/Documents/master_thesis/code/uwb_online_initialisation_simulator/src/install/sim_interfaces/include/sim_interfaces/sim_interfaces/msg/detail/anchor_estimate__struct.hpp
-- Installing: /home/ben/Documents/master_thesis/code/uwb_online_initialisation_simulator/src/install/sim_interfaces/include/sim_interfaces/sim_interfaces/msg/detail/waypoint_lists__struct.hpp
-- Installing: /home/ben/Documents/master_thesis/code/uwb_online_initialisation_simulator/src/install/sim_interfaces/include/sim_interfaces/sim_interfaces/msg/anchor_errors.hpp
-- Installing: /home/ben/Documents/master_thesis/code/uwb_online_initialisation_simulator/src/install/sim_interfaces/include/sim_interfaces/sim_interfaces/msg/optimized_trajectory.hpp
-- Installing: /home/ben/Documents/master_thesis/code/uwb_online_initialisation_simulator/src/install/sim_interfaces/include/sim_interfaces/sim_interfaces/msg/drone_position.hpp
-- Installing: /home/ben/Documents/master_thesis/code/uwb_online_initialisation_simulator/src/install/sim_interfaces/include/sim_interfaces/sim_interfaces/msg/anchor_estimate.hpp
-- Installing: /home/ben/Documents/master_thesis/code/uwb_online_initialisation_simulator/src/install/sim_interfaces/include/sim_interfaces/sim_interfaces/msg/waypoint_list.hpp
-- Installing: /home/ben/Documents/master_thesis/code/uwb_online_initialisation_simulator/src/install/sim_interfaces/include/sim_interfaces/sim_interfaces/msg/anchor_info.hpp
-- Installing: /home/ben/Documents/master_thesis/code/uwb_online_initialisation_simulator/src/install/sim_interfaces/include/sim_interfaces/sim_interfaces/msg/stamped_float.hpp
-- Installing: /home/ben/Documents/master_thesis/code/uwb_online_initialisation_simulator/src/install/sim_interfaces/include/sim_interfaces/sim_interfaces/msg/anchor_estimates.hpp
-- Installing: /home/ben/Documents/master_thesis/code/uwb_online_initialisation_simulator/src/install/sim_interfaces/include/sim_interfaces/sim_interfaces/msg/anchor_error.hpp
-- Installing: /home/ben/Documents/master_thesis/code/uwb_online_initialisation_simulator/src/install/sim_interfaces/include/sim_interfaces/sim_interfaces/msg/waypoint_lists.hpp
-- Up-to-date: /home/ben/Documents/master_thesis/code/uwb_online_initialisation_simulator/src/install/sim_interfaces/include/sim_interfaces/sim_interfaces
-- Up-to-date: /home/ben/Documents/master_thesis/code/uwb_online_initialisation_simulator/src/install/sim_interfaces/include/sim_interfaces/sim_interfaces/srv
-- Up-to-date: /home/ben/Documents/master_thesis/code/uwb_online_initialisation_simulator/src/install/sim_interfaces/include/sim_interfaces/sim_interfaces/srv/detail
-- Installing: /home/ben/Documents/master_thesis/code/uwb_online_initialisation_simulator/src/install/sim_interfaces/include/sim_interfaces/sim_interfaces/srv/detail/dds_fastrtps
-- Installing: /home/ben/Documents/master_thesis/code/uwb_online_initialisation_simulator/src/install/sim_interfaces/include/sim_interfaces/sim_interfaces/srv/detail/anchor_info__rosidl_typesupport_fastrtps_cpp.hpp
-- Installing: /home/ben/Documents/master_thesis/code/uwb_online_initialisation_simulator/src/install/sim_interfaces/include/sim_interfaces/sim_interfaces/srv/detail/trajectory_info__rosidl_typesupport_fastrtps_cpp.hpp
-- Up-to-date: /home/ben/Documents/master_thesis/code/uwb_online_initialisation_simulator/src/install/sim_interfaces/include/sim_interfaces/sim_interfaces/msg
-- Up-to-date: /home/ben/Documents/master_thesis/code/uwb_online_initialisation_simulator/src/install/sim_interfaces/include/sim_interfaces/sim_interfaces/msg/detail
-- Installing: /home/ben/Documents/master_thesis/code/uwb_online_initialisation_simulator/src/install/sim_interfaces/include/sim_interfaces/sim_interfaces/msg/detail/waypoint_list__rosidl_typesupport_fastrtps_cpp.hpp
-- Installing: /home/ben/Documents/master_thesis/code/uwb_online_initialisation_simulator/src/install/sim_interfaces/include/sim_interfaces/sim_interfaces/msg/detail/drone_position__rosidl_typesupport_fastrtps_cpp.hpp
-- Installing: /home/ben/Documents/master_thesis/code/uwb_online_initialisation_simulator/src/install/sim_interfaces/include/sim_interfaces/sim_interfaces/msg/detail/dds_fastrtps
-- Installing: /home/ben/Documents/master_thesis/code/uwb_online_initialisation_simulator/src/install/sim_interfaces/include/sim_interfaces/sim_interfaces/msg/detail/anchor_errors__rosidl_typesupport_fastrtps_cpp.hpp
-- Installing: /home/ben/Documents/master_thesis/code/uwb_online_initialisation_simulator/src/install/sim_interfaces/include/sim_interfaces/sim_interfaces/msg/detail/anchor_estimate__rosidl_typesupport_fastrtps_cpp.hpp
-- Installing: /home/ben/Documents/master_thesis/code/uwb_online_initialisation_simulator/src/install/sim_interfaces/include/sim_interfaces/sim_interfaces/msg/detail/anchor_info__rosidl_typesupport_fastrtps_cpp.hpp
-- Installing: /home/ben/Documents/master_thesis/code/uwb_online_initialisation_simulator/src/install/sim_interfaces/include/sim_interfaces/sim_interfaces/msg/detail/anchor_error__rosidl_typesupport_fastrtps_cpp.hpp
-- Installing: /home/ben/Documents/master_thesis/code/uwb_online_initialisation_simulator/src/install/sim_interfaces/include/sim_interfaces/sim_interfaces/msg/detail/optimized_trajectory__rosidl_typesupport_fastrtps_cpp.hpp
-- Installing: /home/ben/Documents/master_thesis/code/uwb_online_initialisation_simulator/src/install/sim_interfaces/include/sim_interfaces/sim_interfaces/msg/detail/anchor_estimates__rosidl_typesupport_fastrtps_cpp.hpp
-- Installing: /home/ben/Documents/master_thesis/code/uwb_online_initialisation_simulator/src/install/sim_interfaces/include/sim_interfaces/sim_interfaces/msg/detail/stamped_float__rosidl_typesupport_fastrtps_cpp.hpp
-- Installing: /home/ben/Documents/master_thesis/code/uwb_online_initialisation_simulator/src/install/sim_interfaces/include/sim_interfaces/sim_interfaces/msg/detail/waypoint_lists__rosidl_typesupport_fastrtps_cpp.hpp
-- Installing: /home/ben/Documents/master_thesis/code/uwb_online_initialisation_simulator/src/install/sim_interfaces/include/sim_interfaces/sim_interfaces/msg/rosidl_typesupport_fastrtps_cpp__visibility_control.h
-- Installing: /home/ben/Documents/master_thesis/code/uwb_online_initialisation_simulator/src/install/sim_interfaces/lib/libsim_interfaces__rosidl_typesupport_fastrtps_cpp.so
-- Set runtime path of "/home/ben/Documents/master_thesis/code/uwb_online_initialisation_simulator/src/install/sim_interfaces/lib/libsim_interfaces__rosidl_typesupport_fastrtps_cpp.so" to ""
-- Up-to-date: /home/ben/Documents/master_thesis/code/uwb_online_initialisation_simulator/src/install/sim_interfaces/include/sim_interfaces/sim_interfaces
-- Up-to-date: /home/ben/Documents/master_thesis/code/uwb_online_initialisation_simulator/src/install/sim_interfaces/include/sim_interfaces/sim_interfaces/srv
-- Up-to-date: /home/ben/Documents/master_thesis/code/uwb_online_initialisation_simulator/src/install/sim_interfaces/include/sim_interfaces/sim_interfaces/srv/detail
-- Installing: /home/ben/Documents/master_thesis/code/uwb_online_initialisation_simulator/src/install/sim_interfaces/include/sim_interfaces/sim_interfaces/srv/detail/anchor_info__type_support.c
-- Installing: /home/ben/Documents/master_thesis/code/uwb_online_initialisation_simulator/src/install/sim_interfaces/include/sim_interfaces/sim_interfaces/srv/detail/anchor_info__rosidl_typesupport_introspection_c.h
-- Installing: /home/ben/Documents/master_thesis/code/uwb_online_initialisation_simulator/src/install/sim_interfaces/include/sim_interfaces/sim_interfaces/srv/detail/trajectory_info__rosidl_typesupport_introspection_c.h
-- Installing: /home/ben/Documents/master_thesis/code/uwb_online_initialisation_simulator/src/install/sim_interfaces/include/sim_interfaces/sim_interfaces/srv/detail/trajectory_info__type_support.c
-- Up-to-date: /home/ben/Documents/master_thesis/code/uwb_online_initialisation_simulator/src/install/sim_interfaces/include/sim_interfaces/sim_interfaces/msg
-- Up-to-date: /home/ben/Documents/master_thesis/code/uwb_online_initialisation_simulator/src/install/sim_interfaces/include/sim_interfaces/sim_interfaces/msg/detail
-- Installing: /home/ben/Documents/master_thesis/code/uwb_online_initialisation_simulator/src/install/sim_interfaces/include/sim_interfaces/sim_interfaces/msg/detail/anchor_info__type_support.c
-- Installing: /home/ben/Documents/master_thesis/code/uwb_online_initialisation_simulator/src/install/sim_interfaces/include/sim_interfaces/sim_interfaces/msg/detail/anchor_estimate__type_support.c
-- Installing: /home/ben/Documents/master_thesis/code/uwb_online_initialisation_simulator/src/install/sim_interfaces/include/sim_interfaces/sim_interfaces/msg/detail/stamped_float__rosidl_typesupport_introspection_c.h
-- Installing: /home/ben/Documents/master_thesis/code/uwb_online_initialisation_simulator/src/install/sim_interfaces/include/sim_interfaces/sim_interfaces/msg/detail/drone_position__rosidl_typesupport_introspection_c.h
-- Installing: /home/ben/Documents/master_thesis/code/uwb_online_initialisation_simulator/src/install/sim_interfaces/include/sim_interfaces/sim_interfaces/msg/detail/anchor_info__rosidl_typesupport_introspection_c.h
-- Installing: /home/ben/Documents/master_thesis/code/uwb_online_initialisation_simulator/src/install/sim_interfaces/include/sim_interfaces/sim_interfaces/msg/detail/anchor_errors__rosidl_typesupport_introspection_c.h
-- Installing: /home/ben/Documents/master_thesis/code/uwb_online_initialisation_simulator/src/install/sim_interfaces/include/sim_interfaces/sim_interfaces/msg/detail/anchor_estimates__rosidl_typesupport_introspection_c.h
-- Installing: /home/ben/Documents/master_thesis/code/uwb_online_initialisation_simulator/src/install/sim_interfaces/include/sim_interfaces/sim_interfaces/msg/detail/optimized_trajectory__rosidl_typesupport_introspection_c.h
-- Installing: /home/ben/Documents/master_thesis/code/uwb_online_initialisation_simulator/src/install/sim_interfaces/include/sim_interfaces/sim_interfaces/msg/detail/stamped_float__type_support.c
-- Installing: /home/ben/Documents/master_thesis/code/uwb_online_initialisation_simulator/src/install/sim_interfaces/include/sim_interfaces/sim_interfaces/msg/detail/waypoint_lists__rosidl_typesupport_introspection_c.h
-- Installing: /home/ben/Documents/master_thesis/code/uwb_online_initialisation_simulator/src/install/sim_interfaces/include/sim_interfaces/sim_interfaces/msg/detail/waypoint_lists__type_support.c
-- Installing: /home/ben/Documents/master_thesis/code/uwb_online_initialisation_simulator/src/install/sim_interfaces/include/sim_interfaces/sim_interfaces/msg/detail/anchor_error__rosidl_typesupport_introspection_c.h
-- Installing: /home/ben/Documents/master_thesis/code/uwb_online_initialisation_simulator/src/install/sim_interfaces/include/sim_interfaces/sim_interfaces/msg/detail/waypoint_list__rosidl_typesupport_introspection_c.h
-- Installing: /home/ben/Documents/master_thesis/code/uwb_online_initialisation_simulator/src/install/sim_interfaces/include/sim_interfaces/sim_interfaces/msg/detail/anchor_estimate__rosidl_typesupport_introspection_c.h
-- Installing: /home/ben/Documents/master_thesis/code/uwb_online_initialisation_simulator/src/install/sim_interfaces/include/sim_interfaces/sim_interfaces/msg/detail/optimized_trajectory__type_support.c
-- Installing: /home/ben/Documents/master_thesis/code/uwb_online_initialisation_simulator/src/install/sim_interfaces/include/sim_interfaces/sim_interfaces/msg/detail/anchor_error__type_support.c
-- Installing: /home/ben/Documents/master_thesis/code/uwb_online_initialisation_simulator/src/install/sim_interfaces/include/sim_interfaces/sim_interfaces/msg/detail/waypoint_list__type_support.c
-- Installing: /home/ben/Documents/master_thesis/code/uwb_online_initialisation_simulator/src/install/sim_interfaces/include/sim_interfaces/sim_interfaces/msg/detail/drone_position__type_support.c
-- Installing: /home/ben/Documents/master_thesis/code/uwb_online_initialisation_simulator/src/install/sim_interfaces/include/sim_interfaces/sim_interfaces/msg/detail/anchor_estimates__type_support.c
-- Installing: /home/ben/Documents/master_thesis/code/uwb_online_initialisation_simulator/src/install/sim_interfaces/include/sim_interfaces/sim_interfaces/msg/detail/anchor_errors__type_support.c
-- Installing: /home/ben/Documents/master_thesis/code/uwb_online_initialisation_simulator/src/install/sim_interfaces/include/sim_interfaces/sim_interfaces/msg/rosidl_typesupport_introspection_c__visibility_control.h
-- Installing: /home/ben/Documents/master_thesis/code/uwb_online_initialisation_simulator/src/install/sim_interfaces/lib/libsim_interfaces__rosidl_typesupport_introspection_c.so
-- Set runtime path of "/home/ben/Documents/master_thesis/code/uwb_online_initialisation_simulator/src/install/sim_interfaces/lib/libsim_interfaces__rosidl_typesupport_introspection_c.so" to ""
-- Installing: /home/ben/Documents/master_thesis/code/uwb_online_initialisation_simulator/src/install/sim_interfaces/lib/libsim_interfaces__rosidl_typesupport_c.so
-- Set runtime path of "/home/ben/Documents/master_thesis/code/uwb_online_initialisation_simulator/src/install/sim_interfaces/lib/libsim_interfaces__rosidl_typesupport_c.so" to ""
-- Up-to-date: /home/ben/Documents/master_thesis/code/uwb_online_initialisation_simulator/src/install/sim_interfaces/include/sim_interfaces/sim_interfaces
-- Up-to-date: /home/ben/Documents/master_thesis/code/uwb_online_initialisation_simulator/src/install/sim_interfaces/include/sim_interfaces/sim_interfaces/srv
-- Up-to-date: /home/ben/Documents/master_thesis/code/uwb_online_initialisation_simulator/src/install/sim_interfaces/include/sim_interfaces/sim_interfaces/srv/detail
-- Installing: /home/ben/Documents/master_thesis/code/uwb_online_initialisation_simulator/src/install/sim_interfaces/include/sim_interfaces/sim_interfaces/srv/detail/anchor_info__type_support.cpp
-- Installing: /home/ben/Documents/master_thesis/code/uwb_online_initialisation_simulator/src/install/sim_interfaces/include/sim_interfaces/sim_interfaces/srv/detail/anchor_info__rosidl_typesupport_introspection_cpp.hpp
-- Installing: /home/ben/Documents/master_thesis/code/uwb_online_initialisation_simulator/src/install/sim_interfaces/include/sim_interfaces/sim_interfaces/srv/detail/trajectory_info__type_support.cpp
-- Installing: /home/ben/Documents/master_thesis/code/uwb_online_initialisation_simulator/src/install/sim_interfaces/include/sim_interfaces/sim_interfaces/srv/detail/trajectory_info__rosidl_typesupport_introspection_cpp.hpp
-- Up-to-date: /home/ben/Documents/master_thesis/code/uwb_online_initialisation_simulator/src/install/sim_interfaces/include/sim_interfaces/sim_interfaces/msg
-- Up-to-date: /home/ben/Documents/master_thesis/code/uwb_online_initialisation_simulator/src/install/sim_interfaces/include/sim_interfaces/sim_interfaces/msg/detail
-- Installing: /home/ben/Documents/master_thesis/code/uwb_online_initialisation_simulator/src/install/sim_interfaces/include/sim_interfaces/sim_interfaces/msg/detail/stamped_float__type_support.cpp
-- Installing: /home/ben/Documents/master_thesis/code/uwb_online_initialisation_simulator/src/install/sim_interfaces/include/sim_interfaces/sim_interfaces/msg/detail/anchor_info__type_support.cpp
-- Installing: /home/ben/Documents/master_thesis/code/uwb_online_initialisation_simulator/src/install/sim_interfaces/include/sim_interfaces/sim_interfaces/msg/detail/anchor_info__rosidl_typesupport_introspection_cpp.hpp
-- Installing: /home/ben/Documents/master_thesis/code/uwb_online_initialisation_simulator/src/install/sim_interfaces/include/sim_interfaces/sim_interfaces/msg/detail/drone_position__rosidl_typesupport_introspection_cpp.hpp
-- Installing: /home/ben/Documents/master_thesis/code/uwb_online_initialisation_simulator/src/install/sim_interfaces/include/sim_interfaces/sim_interfaces/msg/detail/anchor_estimate__rosidl_typesupport_introspection_cpp.hpp
-- Installing: /home/ben/Documents/master_thesis/code/uwb_online_initialisation_simulator/src/install/sim_interfaces/include/sim_interfaces/sim_interfaces/msg/detail/anchor_errors__type_support.cpp
-- Installing: /home/ben/Documents/master_thesis/code/uwb_online_initialisation_simulator/src/install/sim_interfaces/include/sim_interfaces/sim_interfaces/msg/detail/anchor_error__type_support.cpp
-- Installing: /home/ben/Documents/master_thesis/code/uwb_online_initialisation_simulator/src/install/sim_interfaces/include/sim_interfaces/sim_interfaces/msg/detail/anchor_estimates__type_support.cpp
-- Installing: /home/ben/Documents/master_thesis/code/uwb_online_initialisation_simulator/src/install/sim_interfaces/include/sim_interfaces/sim_interfaces/msg/detail/anchor_errors__rosidl_typesupport_introspection_cpp.hpp
-- Installing: /home/ben/Documents/master_thesis/code/uwb_online_initialisation_simulator/src/install/sim_interfaces/include/sim_interfaces/sim_interfaces/msg/detail/waypoint_lists__type_support.cpp
-- Installing: /home/ben/Documents/master_thesis/code/uwb_online_initialisation_simulator/src/install/sim_interfaces/include/sim_interfaces/sim_interfaces/msg/detail/anchor_estimate__type_support.cpp
-- Installing: /home/ben/Documents/master_thesis/code/uwb_online_initialisation_simulator/src/install/sim_interfaces/include/sim_interfaces/sim_interfaces/msg/detail/waypoint_list__type_support.cpp
-- Installing: /home/ben/Documents/master_thesis/code/uwb_online_initialisation_simulator/src/install/sim_interfaces/include/sim_interfaces/sim_interfaces/msg/detail/stamped_float__rosidl_typesupport_introspection_cpp.hpp
-- Installing: /home/ben/Documents/master_thesis/code/uwb_online_initialisation_simulator/src/install/sim_interfaces/include/sim_interfaces/sim_interfaces/msg/detail/waypoint_list__rosidl_typesupport_introspection_cpp.hpp
-- Installing: /home/ben/Documents/master_thesis/code/uwb_online_initialisation_simulator/src/install/sim_interfaces/include/sim_interfaces/sim_interfaces/msg/detail/optimized_trajectory__type_support.cpp
-- Installing: /home/ben/Documents/master_thesis/code/uwb_online_initialisation_simulator/src/install/sim_interfaces/include/sim_interfaces/sim_interfaces/msg/detail/anchor_error__rosidl_typesupport_introspection_cpp.hpp
-- Installing: /home/ben/Documents/master_thesis/code/uwb_online_initialisation_simulator/src/install/sim_interfaces/include/sim_interfaces/sim_interfaces/msg/detail/waypoint_lists__rosidl_typesupport_introspection_cpp.hpp
-- Installing: /home/ben/Documents/master_thesis/code/uwb_online_initialisation_simulator/src/install/sim_interfaces/include/sim_interfaces/sim_interfaces/msg/detail/optimized_trajectory__rosidl_typesupport_introspection_cpp.hpp
-- Installing: /home/ben/Documents/master_thesis/code/uwb_online_initialisation_simulator/src/install/sim_interfaces/include/sim_interfaces/sim_interfaces/msg/detail/drone_position__type_support.cpp
-- Installing: /home/ben/Documents/master_thesis/code/uwb_online_initialisation_simulator/src/install/sim_interfaces/include/sim_interfaces/sim_interfaces/msg/detail/anchor_estimates__rosidl_typesupport_introspection_cpp.hpp
-- Installing: /home/ben/Documents/master_thesis/code/uwb_online_initialisation_simulator/src/install/sim_interfaces/lib/libsim_interfaces__rosidl_typesupport_introspection_cpp.so
-- Set runtime path of "/home/ben/Documents/master_thesis/code/uwb_online_initialisation_simulator/src/install/sim_interfaces/lib/libsim_interfaces__rosidl_typesupport_introspection_cpp.so" to ""
-- Installing: /home/ben/Documents/master_thesis/code/uwb_online_initialisation_simulator/src/install/sim_interfaces/lib/libsim_interfaces__rosidl_typesupport_cpp.so
-- Set runtime path of "/home/ben/Documents/master_thesis/code/uwb_online_initialisation_simulator/src/install/sim_interfaces/lib/libsim_interfaces__rosidl_typesupport_cpp.so" to ""
-- Installing: /home/ben/Documents/master_thesis/code/uwb_online_initialisation_simulator/src/install/sim_interfaces/share/sim_interfaces/environment/pythonpath.sh
-- Installing: /home/ben/Documents/master_thesis/code/uwb_online_initialisation_simulator/src/install/sim_interfaces/share/sim_interfaces/environment/pythonpath.dsv
-- Installing: /home/ben/Documents/master_thesis/code/uwb_online_initialisation_simulator/src/install/sim_interfaces/local/lib/python3.10/dist-packages/sim_interfaces-0.0.0-py3.10.egg-info
-- Installing: /home/ben/Documents/master_thesis/code/uwb_online_initialisation_simulator/src/install/sim_interfaces/local/lib/python3.10/dist-packages/sim_interfaces-0.0.0-py3.10.egg-info/top_level.txt
-- Installing: /home/ben/Documents/master_thesis/code/uwb_online_initialisation_simulator/src/install/sim_interfaces/local/lib/python3.10/dist-packages/sim_interfaces-0.0.0-py3.10.egg-info/PKG-INFO
-- Installing: /home/ben/Documents/master_thesis/code/uwb_online_initialisation_simulator/src/install/sim_interfaces/local/lib/python3.10/dist-packages/sim_interfaces-0.0.0-py3.10.egg-info/dependency_links.txt
-- Installing: /home/ben/Documents/master_thesis/code/uwb_online_initialisation_simulator/src/install/sim_interfaces/local/lib/python3.10/dist-packages/sim_interfaces-0.0.0-py3.10.egg-info/SOURCES.txt
-- Installing: /home/ben/Documents/master_thesis/code/uwb_online_initialisation_simulator/src/install/sim_interfaces/local/lib/python3.10/dist-packages/sim_interfaces
-- Installing: /home/ben/Documents/master_thesis/code/uwb_online_initialisation_simulator/src/install/sim_interfaces/local/lib/python3.10/dist-packages/sim_interfaces/srv
-- Installing: /home/ben/Documents/master_thesis/code/uwb_online_initialisation_simulator/src/install/sim_interfaces/local/lib/python3.10/dist-packages/sim_interfaces/srv/_anchor_info.py
-- Installing: /home/ben/Documents/master_thesis/code/uwb_online_initialisation_simulator/src/install/sim_interfaces/local/lib/python3.10/dist-packages/sim_interfaces/srv/_trajectory_info_s.c
-- Installing: /home/ben/Documents/master_thesis/code/uwb_online_initialisation_simulator/src/install/sim_interfaces/local/lib/python3.10/dist-packages/sim_interfaces/srv/_anchor_info_s.c
-- Installing: /home/ben/Documents/master_thesis/code/uwb_online_initialisation_simulator/src/install/sim_interfaces/local/lib/python3.10/dist-packages/sim_interfaces/srv/__init__.py
-- Installing: /home/ben/Documents/master_thesis/code/uwb_online_initialisation_simulator/src/install/sim_interfaces/local/lib/python3.10/dist-packages/sim_interfaces/srv/_trajectory_info.py
-- Installing: /home/ben/Documents/master_thesis/code/uwb_online_initialisation_simulator/src/install/sim_interfaces/local/lib/python3.10/dist-packages/sim_interfaces/msg
-- Installing: /home/ben/Documents/master_thesis/code/uwb_online_initialisation_simulator/src/install/sim_interfaces/local/lib/python3.10/dist-packages/sim_interfaces/msg/_anchor_info.py
-- Installing: /home/ben/Documents/master_thesis/code/uwb_online_initialisation_simulator/src/install/sim_interfaces/local/lib/python3.10/dist-packages/sim_interfaces/msg/_anchor_error.py
-- Installing: /home/ben/Documents/master_thesis/code/uwb_online_initialisation_simulator/src/install/sim_interfaces/local/lib/python3.10/dist-packages/sim_interfaces/msg/_waypoint_lists.py
-- Installing: /home/ben/Documents/master_thesis/code/uwb_online_initialisation_simulator/src/install/sim_interfaces/local/lib/python3.10/dist-packages/sim_interfaces/msg/_anchor_estimates.py
-- Installing: /home/ben/Documents/master_thesis/code/uwb_online_initialisation_simulator/src/install/sim_interfaces/local/lib/python3.10/dist-packages/sim_interfaces/msg/_drone_position_s.c
-- Installing: /home/ben/Documents/master_thesis/code/uwb_online_initialisation_simulator/src/install/sim_interfaces/local/lib/python3.10/dist-packages/sim_interfaces/msg/_anchor_errors_s.c
-- Installing: /home/ben/Documents/master_thesis/code/uwb_online_initialisation_simulator/src/install/sim_interfaces/local/lib/python3.10/dist-packages/sim_interfaces/msg/_anchor_estimate.py
-- Installing: /home/ben/Documents/master_thesis/code/uwb_online_initialisation_simulator/src/install/sim_interfaces/local/lib/python3.10/dist-packages/sim_interfaces/msg/_anchor_estimates_s.c
-- Installing: /home/ben/Documents/master_thesis/code/uwb_online_initialisation_simulator/src/install/sim_interfaces/local/lib/python3.10/dist-packages/sim_interfaces/msg/_anchor_error_s.c
-- Installing: /home/ben/Documents/master_thesis/code/uwb_online_initialisation_simulator/src/install/sim_interfaces/local/lib/python3.10/dist-packages/sim_interfaces/msg/_anchor_errors.py
-- Installing: /home/ben/Documents/master_thesis/code/uwb_online_initialisation_simulator/src/install/sim_interfaces/local/lib/python3.10/dist-packages/sim_interfaces/msg/_stamped_float_s.c
-- Installing: /home/ben/Documents/master_thesis/code/uwb_online_initialisation_simulator/src/install/sim_interfaces/local/lib/python3.10/dist-packages/sim_interfaces/msg/_anchor_info_s.c
-- Installing: /home/ben/Documents/master_thesis/code/uwb_online_initialisation_simulator/src/install/sim_interfaces/local/lib/python3.10/dist-packages/sim_interfaces/msg/__init__.py
-- Installing: /home/ben/Documents/master_thesis/code/uwb_online_initialisation_simulator/src/install/sim_interfaces/local/lib/python3.10/dist-packages/sim_interfaces/msg/_waypoint_lists_s.c
-- Installing: /home/ben/Documents/master_thesis/code/uwb_online_initialisation_simulator/src/install/sim_interfaces/local/lib/python3.10/dist-packages/sim_interfaces/msg/_stamped_float.py
-- Installing: /home/ben/Documents/master_thesis/code/uwb_online_initialisation_simulator/src/install/sim_interfaces/local/lib/python3.10/dist-packages/sim_interfaces/msg/_waypoint_list_s.c
-- Installing: /home/ben/Documents/master_thesis/code/uwb_online_initialisation_simulator/src/install/sim_interfaces/local/lib/python3.10/dist-packages/sim_interfaces/msg/_optimized_trajectory.py
-- Installing: /home/ben/Documents/master_thesis/code/uwb_online_initialisation_simulator/src/install/sim_interfaces/local/lib/python3.10/dist-packages/sim_interfaces/msg/_waypoint_list.py
-- Installing: /home/ben/Documents/master_thesis/code/uwb_online_initialisation_simulator/src/install/sim_interfaces/local/lib/python3.10/dist-packages/sim_interfaces/msg/_anchor_estimate_s.c
-- Installing: /home/ben/Documents/master_thesis/code/uwb_online_initialisation_simulator/src/install/sim_interfaces/local/lib/python3.10/dist-packages/sim_interfaces/msg/_drone_position.py
-- Installing: /home/ben/Documents/master_thesis/code/uwb_online_initialisation_simulator/src/install/sim_interfaces/local/lib/python3.10/dist-packages/sim_interfaces/msg/_optimized_trajectory_s.c
-- Installing: /home/ben/Documents/master_thesis/code/uwb_online_initialisation_simulator/src/install/sim_interfaces/local/lib/python3.10/dist-packages/sim_interfaces/sim_interfaces_s__rosidl_typesupport_introspection_c.cpython-310-x86_64-linux-gnu.so
-- Installing: /home/ben/Documents/master_thesis/code/uwb_online_initialisation_simulator/src/install/sim_interfaces/local/lib/python3.10/dist-packages/sim_interfaces/sim_interfaces_s__rosidl_typesupport_c.cpython-310-x86_64-linux-gnu.so
-- Installing: /home/ben/Documents/master_thesis/code/uwb_online_initialisation_simulator/src/install/sim_interfaces/local/lib/python3.10/dist-packages/sim_interfaces/__init__.py
-- Installing: /home/ben/Documents/master_thesis/code/uwb_online_initialisation_simulator/src/install/sim_interfaces/local/lib/python3.10/dist-packages/sim_interfaces/_sim_interfaces_s.ep.rosidl_typesupport_c.c
-- Installing: /home/ben/Documents/master_thesis/code/uwb_online_initialisation_simulator/src/install/sim_interfaces/local/lib/python3.10/dist-packages/sim_interfaces/_sim_interfaces_s.ep.rosidl_typesupport_fastrtps_c.c
-- Installing: /home/ben/Documents/master_thesis/code/uwb_online_initialisation_simulator/src/install/sim_interfaces/local/lib/python3.10/dist-packages/sim_interfaces/_sim_interfaces_s.ep.rosidl_typesupport_introspection_c.c
-- Installing: /home/ben/Documents/master_thesis/code/uwb_online_initialisation_simulator/src/install/sim_interfaces/local/lib/python3.10/dist-packages/sim_interfaces/sim_interfaces_s__rosidl_typesupport_fastrtps_c.cpython-310-x86_64-linux-gnu.so
-- Installing: /home/ben/Documents/master_thesis/code/uwb_online_initialisation_simulator/src/install/sim_interfaces/local/lib/python3.10/dist-packages/sim_interfaces/libsim_interfaces__rosidl_generator_py.so
Listing '/home/ben/Documents/master_thesis/code/uwb_online_initialisation_simulator/src/install/sim_interfaces/local/lib/python3.10/dist-packages/sim_interfaces'...
Compiling '/home/ben/Documents/master_thesis/code/uwb_online_initialisation_simulator/src/install/sim_interfaces/local/lib/python3.10/dist-packages/sim_interfaces/__init__.py'...
Listing '/home/ben/Documents/master_thesis/code/uwb_online_initialisation_simulator/src/install/sim_interfaces/local/lib/python3.10/dist-packages/sim_interfaces/msg'...
Compiling '/home/ben/Documents/master_thesis/code/uwb_online_initialisation_simulator/src/install/sim_interfaces/local/lib/python3.10/dist-packages/sim_interfaces/msg/__init__.py'...
Compiling '/home/ben/Documents/master_thesis/code/uwb_online_initialisation_simulator/src/install/sim_interfaces/local/lib/python3.10/dist-packages/sim_interfaces/msg/_anchor_error.py'...
Compiling '/home/ben/Documents/master_thesis/code/uwb_online_initialisation_simulator/src/install/sim_interfaces/local/lib/python3.10/dist-packages/sim_interfaces/msg/_anchor_errors.py'...
Compiling '/home/ben/Documents/master_thesis/code/uwb_online_initialisation_simulator/src/install/sim_interfaces/local/lib/python3.10/dist-packages/sim_interfaces/msg/_anchor_estimate.py'...
Compiling '/home/ben/Documents/master_thesis/code/uwb_online_initialisation_simulator/src/install/sim_interfaces/local/lib/python3.10/dist-packages/sim_interfaces/msg/_anchor_estimates.py'...
Compiling '/home/ben/Documents/master_thesis/code/uwb_online_initialisation_simulator/src/install/sim_interfaces/local/lib/python3.10/dist-packages/sim_interfaces/msg/_anchor_info.py'...
Compiling '/home/ben/Documents/master_thesis/code/uwb_online_initialisation_simulator/src/install/sim_interfaces/local/lib/python3.10/dist-packages/sim_interfaces/msg/_drone_position.py'...
Compiling '/home/ben/Documents/master_thesis/code/uwb_online_initialisation_simulator/src/install/sim_interfaces/local/lib/python3.10/dist-packages/sim_interfaces/msg/_optimized_trajectory.py'...
Compiling '/home/ben/Documents/master_thesis/code/uwb_online_initialisation_simulator/src/install/sim_interfaces/local/lib/python3.10/dist-packages/sim_interfaces/msg/_stamped_float.py'...
Compiling '/home/ben/Documents/master_thesis/code/uwb_online_initialisation_simulator/src/install/sim_interfaces/local/lib/python3.10/dist-packages/sim_interfaces/msg/_waypoint_list.py'...
Compiling '/home/ben/Documents/master_thesis/code/uwb_online_initialisation_simulator/src/install/sim_interfaces/local/lib/python3.10/dist-packages/sim_interfaces/msg/_waypoint_lists.py'...
Listing '/home/ben/Documents/master_thesis/code/uwb_online_initialisation_simulator/src/install/sim_interfaces/local/lib/python3.10/dist-packages/sim_interfaces/srv'...
Compiling '/home/ben/Documents/master_thesis/code/uwb_online_initialisation_simulator/src/install/sim_interfaces/local/lib/python3.10/dist-packages/sim_interfaces/srv/__init__.py'...
Compiling '/home/ben/Documents/master_thesis/code/uwb_online_initialisation_simulator/src/install/sim_interfaces/local/lib/python3.10/dist-packages/sim_interfaces/srv/_anchor_info.py'...
Compiling '/home/ben/Documents/master_thesis/code/uwb_online_initialisation_simulator/src/install/sim_interfaces/local/lib/python3.10/dist-packages/sim_interfaces/srv/_trajectory_info.py'...
-- Installing: /home/ben/Documents/master_thesis/code/uwb_online_initialisation_simulator/src/install/sim_interfaces/local/lib/python3.10/dist-packages/sim_interfaces/sim_interfaces_s__rosidl_typesupport_fastrtps_c.cpython-310-x86_64-linux-gnu.so
-- Set runtime path of "/home/ben/Documents/master_thesis/code/uwb_online_initialisation_simulator/src/install/sim_interfaces/local/lib/python3.10/dist-packages/sim_interfaces/sim_interfaces_s__rosidl_typesupport_fastrtps_c.cpython-310-x86_64-linux-gnu.so" to ""
-- Installing: /home/ben/Documents/master_thesis/code/uwb_online_initialisation_simulator/src/install/sim_interfaces/local/lib/python3.10/dist-packages/sim_interfaces/sim_interfaces_s__rosidl_typesupport_introspection_c.cpython-310-x86_64-linux-gnu.so
-- Set runtime path of "/home/ben/Documents/master_thesis/code/uwb_online_initialisation_simulator/src/install/sim_interfaces/local/lib/python3.10/dist-packages/sim_interfaces/sim_interfaces_s__rosidl_typesupport_introspection_c.cpython-310-x86_64-linux-gnu.so" to ""
-- Installing: /home/ben/Documents/master_thesis/code/uwb_online_initialisation_simulator/src/install/sim_interfaces/local/lib/python3.10/dist-packages/sim_interfaces/sim_interfaces_s__rosidl_typesupport_c.cpython-310-x86_64-linux-gnu.so
-- Set runtime path of "/home/ben/Documents/master_thesis/code/uwb_online_initialisation_simulator/src/install/sim_interfaces/local/lib/python3.10/dist-packages/sim_interfaces/sim_interfaces_s__rosidl_typesupport_c.cpython-310-x86_64-linux-gnu.so" to ""
-- Installing: /home/ben/Documents/master_thesis/code/uwb_online_initialisation_simulator/src/install/sim_interfaces/lib/libsim_interfaces__rosidl_generator_py.so
-- Set runtime path of "/home/ben/Documents/master_thesis/code/uwb_online_initialisation_simulator/src/install/sim_interfaces/lib/libsim_interfaces__rosidl_generator_py.so" to ""
-- Installing: /home/ben/Documents/master_thesis/code/uwb_online_initialisation_simulator/src/install/sim_interfaces/share/sim_interfaces/srv/AnchorInfo.idl
-- Installing: /home/ben/Documents/master_thesis/code/uwb_online_initialisation_simulator/src/install/sim_interfaces/share/sim_interfaces/srv/TrajectoryInfo.idl
-- Installing: /home/ben/Documents/master_thesis/code/uwb_online_initialisation_simulator/src/install/sim_interfaces/share/sim_interfaces/msg/StampedFloat.idl
-- Installing: /home/ben/Documents/master_thesis/code/uwb_online_initialisation_simulator/src/install/sim_interfaces/share/sim_interfaces/msg/DronePosition.idl
-- Installing: /home/ben/Documents/master_thesis/code/uwb_online_initialisation_simulator/src/install/sim_interfaces/share/sim_interfaces/msg/AnchorEstimate.idl
-- Installing: /home/ben/Documents/master_thesis/code/uwb_online_initialisation_simulator/src/install/sim_interfaces/share/sim_interfaces/msg/AnchorEstimates.idl
-- Installing: /home/ben/Documents/master_thesis/code/uwb_online_initialisation_simulator/src/install/sim_interfaces/share/sim_interfaces/msg/AnchorError.idl
-- Installing: /home/ben/Documents/master_thesis/code/uwb_online_initialisation_simulator/src/install/sim_interfaces/share/sim_interfaces/msg/AnchorErrors.idl
-- Installing: /home/ben/Documents/master_thesis/code/uwb_online_initialisation_simulator/src/install/sim_interfaces/share/sim_interfaces/msg/WaypointList.idl
-- Installing: /home/ben/Documents/master_thesis/code/uwb_online_initialisation_simulator/src/install/sim_interfaces/share/sim_interfaces/msg/WaypointLists.idl
-- Installing: /home/ben/Documents/master_thesis/code/uwb_online_initialisation_simulator/src/install/sim_interfaces/share/sim_interfaces/msg/OptimizedTrajectory.idl
-- Installing: /home/ben/Documents/master_thesis/code/uwb_online_initialisation_simulator/src/install/sim_interfaces/share/sim_interfaces/msg/AnchorInfo.idl
-- Installing: /home/ben/Documents/master_thesis/code/uwb_online_initialisation_simulator/src/install/sim_interfaces/share/sim_interfaces/srv/AnchorInfo.srv
-- Installing: /home/ben/Documents/master_thesis/code/uwb_online_initialisation_simulator/src/install/sim_interfaces/share/sim_interfaces/srv/AnchorInfo_Request.msg
-- Installing: /home/ben/Documents/master_thesis/code/uwb_online_initialisation_simulator/src/install/sim_interfaces/share/sim_interfaces/srv/AnchorInfo_Response.msg
-- Installing: /home/ben/Documents/master_thesis/code/uwb_online_initialisation_simulator/src/install/sim_interfaces/share/sim_interfaces/srv/TrajectoryInfo.srv
-- Installing: /home/ben/Documents/master_thesis/code/uwb_online_initialisation_simulator/src/install/sim_interfaces/share/sim_interfaces/srv/TrajectoryInfo_Request.msg
-- Installing: /home/ben/Documents/master_thesis/code/uwb_online_initialisation_simulator/src/install/sim_interfaces/share/sim_interfaces/srv/TrajectoryInfo_Response.msg
-- Installing: /home/ben/Documents/master_thesis/code/uwb_online_initialisation_simulator/src/install/sim_interfaces/share/sim_interfaces/msg/StampedFloat.msg
-- Installing: /home/ben/Documents/master_thesis/code/uwb_online_initialisation_simulator/src/install/sim_interfaces/share/sim_interfaces/msg/DronePosition.msg
-- Installing: /home/ben/Documents/master_thesis/code/uwb_online_initialisation_simulator/src/install/sim_interfaces/share/sim_interfaces/msg/AnchorEstimate.msg
-- Installing: /home/ben/Documents/master_thesis/code/uwb_online_initialisation_simulator/src/install/sim_interfaces/share/sim_interfaces/msg/AnchorEstimates.msg
-- Installing: /home/ben/Documents/master_thesis/code/uwb_online_initialisation_simulator/src/install/sim_interfaces/share/sim_interfaces/msg/AnchorError.msg
-- Installing: /home/ben/Documents/master_thesis/code/uwb_online_initialisation_simulator/src/install/sim_interfaces/share/sim_interfaces/msg/AnchorErrors.msg
-- Installing: /home/ben/Documents/master_thesis/code/uwb_online_initialisation_simulator/src/install/sim_interfaces/share/sim_interfaces/msg/WaypointList.msg
-- Installing: /home/ben/Documents/master_thesis/code/uwb_online_initialisation_simulator/src/install/sim_interfaces/share/sim_interfaces/msg/WaypointLists.msg
-- Installing: /home/ben/Documents/master_thesis/code/uwb_online_initialisation_simulator/src/install/sim_interfaces/share/sim_interfaces/msg/OptimizedTrajectory.msg
-- Installing: /home/ben/Documents/master_thesis/code/uwb_online_initialisation_simulator/src/install/sim_interfaces/share/sim_interfaces/msg/AnchorInfo.msg
-- Installing: /home/ben/Documents/master_thesis/code/uwb_online_initialisation_simulator/src/install/sim_interfaces/share/ament_index/resource_index/package_run_dependencies/sim_interfaces
-- Installing: /home/ben/Documents/master_thesis/code/uwb_online_initialisation_simulator/src/install/sim_interfaces/share/ament_index/resource_index/parent_prefix_path/sim_interfaces
-- Installing: /home/ben/Documents/master_thesis/code/uwb_online_initialisation_simulator/src/install/sim_interfaces/share/sim_interfaces/environment/ament_prefix_path.sh
-- Installing: /home/ben/Documents/master_thesis/code/uwb_online_initialisation_simulator/src/install/sim_interfaces/share/sim_interfaces/environment/ament_prefix_path.dsv
-- Installing: /home/ben/Documents/master_thesis/code/uwb_online_initialisation_simulator/src/install/sim_interfaces/share/sim_interfaces/environment/path.sh
-- Installing: /home/ben/Documents/master_thesis/code/uwb_online_initialisation_simulator/src/install/sim_interfaces/share/sim_interfaces/environment/path.dsv
-- Installing: /home/ben/Documents/master_thesis/code/uwb_online_initialisation_simulator/src/install/sim_interfaces/share/sim_interfaces/local_setup.bash
-- Installing: /home/ben/Documents/master_thesis/code/uwb_online_initialisation_simulator/src/install/sim_interfaces/share/sim_interfaces/local_setup.sh
-- Installing: /home/ben/Documents/master_thesis/code/uwb_online_initialisation_simulator/src/install/sim_interfaces/share/sim_interfaces/local_setup.zsh
-- Installing: /home/ben/Documents/master_thesis/code/uwb_online_initialisation_simulator/src/install/sim_interfaces/share/sim_interfaces/local_setup.dsv
-- Installing: /home/ben/Documents/master_thesis/code/uwb_online_initialisation_simulator/src/install/sim_interfaces/share/sim_interfaces/package.dsv
-- Installing: /home/ben/Documents/master_thesis/code/uwb_online_initialisation_simulator/src/install/sim_interfaces/share/ament_index/resource_index/packages/sim_interfaces
-- Installing: /home/ben/Documents/master_thesis/code/uwb_online_initialisation_simulator/src/install/sim_interfaces/share/sim_interfaces/cmake/export_sim_interfaces__rosidl_generator_cExport.cmake
-- Installing: /home/ben/Documents/master_thesis/code/uwb_online_initialisation_simulator/src/install/sim_interfaces/share/sim_interfaces/cmake/export_sim_interfaces__rosidl_generator_cExport-noconfig.cmake
-- Installing: /home/ben/Documents/master_thesis/code/uwb_online_initialisation_simulator/src/install/sim_interfaces/share/sim_interfaces/cmake/export_sim_interfaces__rosidl_typesupport_fastrtps_cExport.cmake
-- Installing: /home/ben/Documents/master_thesis/code/uwb_online_initialisation_simulator/src/install/sim_interfaces/share/sim_interfaces/cmake/export_sim_interfaces__rosidl_typesupport_fastrtps_cExport-noconfig.cmake
-- Installing: /home/ben/Documents/master_thesis/code/uwb_online_initialisation_simulator/src/install/sim_interfaces/share/sim_interfaces/cmake/export_sim_interfaces__rosidl_generator_cppExport.cmake
-- Installing: /home/ben/Documents/master_thesis/code/uwb_online_initialisation_simulator/src/install/sim_interfaces/share/sim_interfaces/cmake/export_sim_interfaces__rosidl_typesupport_fastrtps_cppExport.cmake
-- Installing: /home/ben/Documents/master_thesis/code/uwb_online_initialisation_simulator/src/install/sim_interfaces/share/sim_interfaces/cmake/export_sim_interfaces__rosidl_typesupport_fastrtps_cppExport-noconfig.cmake
-- Installing: /home/ben/Documents/master_thesis/code/uwb_online_initialisation_simulator/src/install/sim_interfaces/share/sim_interfaces/cmake/sim_interfaces__rosidl_typesupport_introspection_cExport.cmake
-- Installing: /home/ben/Documents/master_thesis/code/uwb_online_initialisation_simulator/src/install/sim_interfaces/share/sim_interfaces/cmake/sim_interfaces__rosidl_typesupport_introspection_cExport-noconfig.cmake
-- Installing: /home/ben/Documents/master_thesis/code/uwb_online_initialisation_simulator/src/install/sim_interfaces/share/sim_interfaces/cmake/sim_interfaces__rosidl_typesupport_cExport.cmake
-- Installing: /home/ben/Documents/master_thesis/code/uwb_online_initialisation_simulator/src/install/sim_interfaces/share/sim_interfaces/cmake/sim_interfaces__rosidl_typesupport_cExport-noconfig.cmake
-- Installing: /home/ben/Documents/master_thesis/code/uwb_online_initialisation_simulator/src/install/sim_interfaces/share/sim_interfaces/cmake/sim_interfaces__rosidl_typesupport_introspection_cppExport.cmake
-- Installing: /home/ben/Documents/master_thesis/code/uwb_online_initialisation_simulator/src/install/sim_interfaces/share/sim_interfaces/cmake/sim_interfaces__rosidl_typesupport_introspection_cppExport-noconfig.cmake
-- Installing: /home/ben/Documents/master_thesis/code/uwb_online_initialisation_simulator/src/install/sim_interfaces/share/sim_interfaces/cmake/sim_interfaces__rosidl_typesupport_cppExport.cmake
-- Installing: /home/ben/Documents/master_thesis/code/uwb_online_initialisation_simulator/src/install/sim_interfaces/share/sim_interfaces/cmake/sim_interfaces__rosidl_typesupport_cppExport-noconfig.cmake
-- Installing: /home/ben/Documents/master_thesis/code/uwb_online_initialisation_simulator/src/install/sim_interfaces/share/sim_interfaces/cmake/export_sim_interfaces__rosidl_generator_pyExport.cmake
-- Installing: /home/ben/Documents/master_thesis/code/uwb_online_initialisation_simulator/src/install/sim_interfaces/share/sim_interfaces/cmake/export_sim_interfaces__rosidl_generator_pyExport-noconfig.cmake
-- Installing: /home/ben/Documents/master_thesis/code/uwb_online_initialisation_simulator/src/install/sim_interfaces/share/sim_interfaces/cmake/rosidl_cmake-extras.cmake
-- Installing: /home/ben/Documents/master_thesis/code/uwb_online_initialisation_simulator/src/install/sim_interfaces/share/sim_interfaces/cmake/ament_cmake_export_dependencies-extras.cmake
-- Installing: /home/ben/Documents/master_thesis/code/uwb_online_initialisation_simulator/src/install/sim_interfaces/share/sim_interfaces/cmake/ament_cmake_export_include_directories-extras.cmake
-- Installing: /home/ben/Documents/master_thesis/code/uwb_online_initialisation_simulator/src/install/sim_interfaces/share/sim_interfaces/cmake/ament_cmake_export_libraries-extras.cmake
-- Installing: /home/ben/Documents/master_thesis/code/uwb_online_initialisation_simulator/src/install/sim_interfaces/share/sim_interfaces/cmake/ament_cmake_export_targets-extras.cmake
-- Installing: /home/ben/Documents/master_thesis/code/uwb_online_initialisation_simulator/src/install/sim_interfaces/share/sim_interfaces/cmake/rosidl_cmake_export_typesupport_targets-extras.cmake
-- Installing: /home/ben/Documents/master_thesis/code/uwb_online_initialisation_simulator/src/install/sim_interfaces/share/sim_interfaces/cmake/rosidl_cmake_export_typesupport_libraries-extras.cmake
-- Installing: /home/ben/Documents/master_thesis/code/uwb_online_initialisation_simulator/src/install/sim_interfaces/share/sim_interfaces/cmake/sim_interfacesConfig.cmake
-- Installing: /home/ben/Documents/master_thesis/code/uwb_online_initialisation_simulator/src/install/sim_interfaces/share/sim_interfaces/cmake/sim_interfacesConfig-version.cmake
-- Installing: /home/ben/Documents/master_thesis/code/uwb_online_initialisation_simulator/src/install/sim_interfaces/share/sim_interfaces/package.xml
