running egg_info
creating ../build/matplotlib_visualisation/matplotlib_visualisation.egg-info
writing ../build/matplotlib_visualisation/matplotlib_visualisation.egg-info/PKG-INFO
writing dependency_links to ../build/matplotlib_visualisation/matplotlib_visualisation.egg-info/dependency_links.txt
writing requirements to ../build/matplotlib_visualisation/matplotlib_visualisation.egg-info/requires.txt
writing top-level names to ../build/matplotlib_visualisation/matplotlib_visualisation.egg-info/top_level.txt
writing manifest file '../build/matplotlib_visualisation/matplotlib_visualisation.egg-info/SOURCES.txt'
writing manifest file '../build/matplotlib_visualisation/matplotlib_visualisation.egg-info/SOURCES.txt'
running build
running build_py
creating /home/ben/Documents/master_thesis/code/uwb_online_initialisation_simulator/src/build/matplotlib_visualisation/build
creating /home/ben/Documents/master_thesis/code/uwb_online_initialisation_simulator/src/build/matplotlib_visualisation/build/lib
creating /home/ben/Documents/master_thesis/code/uwb_online_initialisation_simulator/src/build/matplotlib_visualisation/build/lib/matplotlib_visualisation
copying matplotlib_visualisation/interactive_uwb_visialisation.py -> /home/ben/Documents/master_thesis/code/uwb_online_initialisation_simulator/src/build/matplotlib_visualisation/build/lib/matplotlib_visualisation
copying matplotlib_visualisation/interactive_uwb_visialisation_3d.py -> /home/ben/Documents/master_thesis/code/uwb_online_initialisation_simulator/src/build/matplotlib_visualisation/build/lib/matplotlib_visualisation
copying matplotlib_visualisation/__init__.py -> /home/ben/Documents/master_thesis/code/uwb_online_initialisation_simulator/src/build/matplotlib_visualisation/build/lib/matplotlib_visualisation
running install
running install_lib
creating /home/ben/Documents/master_thesis/code/uwb_online_initialisation_simulator/src/install/matplotlib_visualisation/lib/python3.10/site-packages/matplotlib_visualisation
copying /home/ben/Documents/master_thesis/code/uwb_online_initialisation_simulator/src/build/matplotlib_visualisation/build/lib/matplotlib_visualisation/interactive_uwb_visialisation.py -> /home/ben/Documents/master_thesis/code/uwb_online_initialisation_simulator/src/install/matplotlib_visualisation/lib/python3.10/site-packages/matplotlib_visualisation
copying /home/ben/Documents/master_thesis/code/uwb_online_initialisation_simulator/src/build/matplotlib_visualisation/build/lib/matplotlib_visualisation/interactive_uwb_visialisation_3d.py -> /home/ben/Documents/master_thesis/code/uwb_online_initialisation_simulator/src/install/matplotlib_visualisation/lib/python3.10/site-packages/matplotlib_visualisation
copying /home/ben/Documents/master_thesis/code/uwb_online_initialisation_simulator/src/build/matplotlib_visualisation/build/lib/matplotlib_visualisation/__init__.py -> /home/ben/Documents/master_thesis/code/uwb_online_initialisation_simulator/src/install/matplotlib_visualisation/lib/python3.10/site-packages/matplotlib_visualisation
byte-compiling /home/ben/Documents/master_thesis/code/uwb_online_initialisation_simulator/src/install/matplotlib_visualisation/lib/python3.10/site-packages/matplotlib_visualisation/interactive_uwb_visialisation.py to interactive_uwb_visialisation.cpython-310.pyc
byte-compiling /home/ben/Documents/master_thesis/code/uwb_online_initialisation_simulator/src/install/matplotlib_visualisation/lib/python3.10/site-packages/matplotlib_visualisation/interactive_uwb_visialisation_3d.py to interactive_uwb_visialisation_3d.cpython-310.pyc
byte-compiling /home/ben/Documents/master_thesis/code/uwb_online_initialisation_simulator/src/install/matplotlib_visualisation/lib/python3.10/site-packages/matplotlib_visualisation/__init__.py to __init__.cpython-310.pyc
running install_data
creating /home/ben/Documents/master_thesis/code/uwb_online_initialisation_simulator/src/install/matplotlib_visualisation/share/ament_index
creating /home/ben/Documents/master_thesis/code/uwb_online_initialisation_simulator/src/install/matplotlib_visualisation/share/ament_index/resource_index
creating /home/ben/Documents/master_thesis/code/uwb_online_initialisation_simulator/src/install/matplotlib_visualisation/share/ament_index/resource_index/packages
copying resource/matplotlib_visualisation -> /home/ben/Documents/master_thesis/code/uwb_online_initialisation_simulator/src/install/matplotlib_visualisation/share/ament_index/resource_index/packages
copying package.xml -> /home/ben/Documents/master_thesis/code/uwb_online_initialisation_simulator/src/install/matplotlib_visualisation/share/matplotlib_visualisation
running install_egg_info
Copying ../build/matplotlib_visualisation/matplotlib_visualisation.egg-info to /home/ben/Documents/master_thesis/code/uwb_online_initialisation_simulator/src/install/matplotlib_visualisation/lib/python3.10/site-packages/matplotlib_visualisation-0.0.0-py3.10.egg-info
running install_scripts
writing list of installed files to '/home/ben/Documents/master_thesis/code/uwb_online_initialisation_simulator/src/build/matplotlib_visualisation/install.log'
