[1.150s] Invoking command in '/home/ben/Documents/master_thesis/code/uwb_online_initialisation_simulator/src/matplotlib_visualisation': PYTHONPATH=/home/ben/Documents/master_thesis/code/uwb_online_initialisation_simulator/src/build/matplotlib_visualisation/prefix_override:/usr/lib/python3/dist-packages/colcon_core/task/python/colcon_distutils_commands:/home/ben/Documents/master_thesis/code/uwb_online_initialisation_simulator/src/install/matplotlib_visualisation/lib/python3.10/site-packages:${PYTHONPATH} /usr/bin/python3 -W ignore:setup.py install is deprecated setup.py egg_info --egg-base ../build/matplotlib_visualisation build --build-base /home/ben/Documents/master_thesis/code/uwb_online_initialisation_simulator/src/build/matplotlib_visualisation/build install --record /home/ben/Documents/master_thesis/code/uwb_online_initialisation_simulator/src/build/matplotlib_visualisation/install.log --single-version-externally-managed install_data
[1.440s] running egg_info
[1.440s] creating ../build/matplotlib_visualisation/matplotlib_visualisation.egg-info
[1.456s] writing ../build/matplotlib_visualisation/matplotlib_visualisation.egg-info/PKG-INFO
[1.457s] writing dependency_links to ../build/matplotlib_visualisation/matplotlib_visualisation.egg-info/dependency_links.txt
[1.457s] writing requirements to ../build/matplotlib_visualisation/matplotlib_visualisation.egg-info/requires.txt
[1.457s] writing top-level names to ../build/matplotlib_visualisation/matplotlib_visualisation.egg-info/top_level.txt
[1.457s] writing manifest file '../build/matplotlib_visualisation/matplotlib_visualisation.egg-info/SOURCES.txt'
[2.107s] writing manifest file '../build/matplotlib_visualisation/matplotlib_visualisation.egg-info/SOURCES.txt'
[2.107s] running build
[2.107s] running build_py
[2.107s] creating /home/ben/Documents/master_thesis/code/uwb_online_initialisation_simulator/src/build/matplotlib_visualisation/build
[2.107s] creating /home/ben/Documents/master_thesis/code/uwb_online_initialisation_simulator/src/build/matplotlib_visualisation/build/lib
[2.107s] creating /home/ben/Documents/master_thesis/code/uwb_online_initialisation_simulator/src/build/matplotlib_visualisation/build/lib/matplotlib_visualisation
[2.107s] copying matplotlib_visualisation/interactive_uwb_visialisation.py -> /home/ben/Documents/master_thesis/code/uwb_online_initialisation_simulator/src/build/matplotlib_visualisation/build/lib/matplotlib_visualisation
[2.108s] copying matplotlib_visualisation/interactive_uwb_visialisation_3d.py -> /home/ben/Documents/master_thesis/code/uwb_online_initialisation_simulator/src/build/matplotlib_visualisation/build/lib/matplotlib_visualisation
[2.108s] copying matplotlib_visualisation/__init__.py -> /home/ben/Documents/master_thesis/code/uwb_online_initialisation_simulator/src/build/matplotlib_visualisation/build/lib/matplotlib_visualisation
[2.108s] running install
[2.113s] running install_lib
[2.132s] creating /home/ben/Documents/master_thesis/code/uwb_online_initialisation_simulator/src/install/matplotlib_visualisation/lib/python3.10/site-packages/matplotlib_visualisation
[2.132s] copying /home/ben/Documents/master_thesis/code/uwb_online_initialisation_simulator/src/build/matplotlib_visualisation/build/lib/matplotlib_visualisation/interactive_uwb_visialisation.py -> /home/ben/Documents/master_thesis/code/uwb_online_initialisation_simulator/src/install/matplotlib_visualisation/lib/python3.10/site-packages/matplotlib_visualisation
[2.133s] copying /home/ben/Documents/master_thesis/code/uwb_online_initialisation_simulator/src/build/matplotlib_visualisation/build/lib/matplotlib_visualisation/interactive_uwb_visialisation_3d.py -> /home/ben/Documents/master_thesis/code/uwb_online_initialisation_simulator/src/install/matplotlib_visualisation/lib/python3.10/site-packages/matplotlib_visualisation
[2.133s] copying /home/ben/Documents/master_thesis/code/uwb_online_initialisation_simulator/src/build/matplotlib_visualisation/build/lib/matplotlib_visualisation/__init__.py -> /home/ben/Documents/master_thesis/code/uwb_online_initialisation_simulator/src/install/matplotlib_visualisation/lib/python3.10/site-packages/matplotlib_visualisation
[2.133s] byte-compiling /home/ben/Documents/master_thesis/code/uwb_online_initialisation_simulator/src/install/matplotlib_visualisation/lib/python3.10/site-packages/matplotlib_visualisation/interactive_uwb_visialisation.py to interactive_uwb_visialisation.cpython-310.pyc
[2.137s] byte-compiling /home/ben/Documents/master_thesis/code/uwb_online_initialisation_simulator/src/install/matplotlib_visualisation/lib/python3.10/site-packages/matplotlib_visualisation/interactive_uwb_visialisation_3d.py to interactive_uwb_visialisation_3d.cpython-310.pyc
[2.138s] byte-compiling /home/ben/Documents/master_thesis/code/uwb_online_initialisation_simulator/src/install/matplotlib_visualisation/lib/python3.10/site-packages/matplotlib_visualisation/__init__.py to __init__.cpython-310.pyc
[2.139s] running install_data
[2.139s] creating /home/ben/Documents/master_thesis/code/uwb_online_initialisation_simulator/src/install/matplotlib_visualisation/share/ament_index
[2.139s] creating /home/ben/Documents/master_thesis/code/uwb_online_initialisation_simulator/src/install/matplotlib_visualisation/share/ament_index/resource_index
[2.139s] creating /home/ben/Documents/master_thesis/code/uwb_online_initialisation_simulator/src/install/matplotlib_visualisation/share/ament_index/resource_index/packages
[2.139s] copying resource/matplotlib_visualisation -> /home/ben/Documents/master_thesis/code/uwb_online_initialisation_simulator/src/install/matplotlib_visualisation/share/ament_index/resource_index/packages
[2.139s] copying package.xml -> /home/ben/Documents/master_thesis/code/uwb_online_initialisation_simulator/src/install/matplotlib_visualisation/share/matplotlib_visualisation
[2.139s] running install_egg_info
[2.159s] Copying ../build/matplotlib_visualisation/matplotlib_visualisation.egg-info to /home/ben/Documents/master_thesis/code/uwb_online_initialisation_simulator/src/install/matplotlib_visualisation/lib/python3.10/site-packages/matplotlib_visualisation-0.0.0-py3.10.egg-info
[2.160s] running install_scripts
[2.313s] writing list of installed files to '/home/ben/Documents/master_thesis/code/uwb_online_initialisation_simulator/src/build/matplotlib_visualisation/install.log'
[2.381s] Invoked command in '/home/ben/Documents/master_thesis/code/uwb_online_initialisation_simulator/src/matplotlib_visualisation' returned '0': PYTHONPATH=/home/ben/Documents/master_thesis/code/uwb_online_initialisation_simulator/src/build/matplotlib_visualisation/prefix_override:/usr/lib/python3/dist-packages/colcon_core/task/python/colcon_distutils_commands:/home/ben/Documents/master_thesis/code/uwb_online_initialisation_simulator/src/install/matplotlib_visualisation/lib/python3.10/site-packages:${PYTHONPATH} /usr/bin/python3 -W ignore:setup.py install is deprecated setup.py egg_info --egg-base ../build/matplotlib_visualisation build --build-base /home/ben/Documents/master_thesis/code/uwb_online_initialisation_simulator/src/build/matplotlib_visualisation/build install --record /home/ben/Documents/master_thesis/code/uwb_online_initialisation_simulator/src/build/matplotlib_visualisation/install.log --single-version-externally-managed install_data
