[0.097s] DEBUG:colcon:Command line arguments: ['/usr/bin/colcon', 'build']
[0.097s] DEBUG:colcon:Parsed command line arguments: Namespace(log_base=None, log_level=None, verb_name='build', build_base='build', install_base='install', merge_install=False, symlink_install=False, test_result_base=None, continue_on_error=False, executor='parallel', parallel_workers=16, event_handlers=None, ignore_user_meta=False, metas=['./colcon.meta'], base_paths=['.'], packages_ignore=None, packages_ignore_regex=None, paths=None, packages_up_to=None, packages_up_to_regex=None, packages_above=None, packages_above_and_dependencies=None, packages_above_depth=None, packages_select_by_dep=None, packages_skip_by_dep=None, packages_skip_up_to=None, packages_select_build_failed=False, packages_skip_build_finished=False, packages_select_test_failures=False, packages_skip_test_passed=False, packages_select=None, packages_skip=None, packages_select_regex=None, packages_skip_regex=None, packages_start=None, packages_end=None, allow_overriding=[], cmake_args=None, cmake_target=None, cmake_target_skip_unavailable=False, cmake_clean_cache=False, cmake_clean_first=False, cmake_force_configure=False, ament_cmake_args=None, catkin_cmake_args=None, catkin_skip_building_tests=False, mixin_files=None, mixin=None, verb_parser=<colcon_mixin.mixin.mixin_argument.MixinArgumentDecorator object at 0x787a5eb508b0>, verb_extension=<colcon_core.verb.build.BuildVerb object at 0x787a5ecb10c0>, main=<bound method BuildVerb.main of <colcon_core.verb.build.BuildVerb object at 0x787a5ecb10c0>>, mixin_verb=('build',))
[0.132s] Level 1:colcon.colcon_core.package_discovery:discover_packages(colcon_meta) check parameters
[0.132s] Level 1:colcon.colcon_core.package_discovery:discover_packages(recursive) check parameters
[0.132s] Level 1:colcon.colcon_core.package_discovery:discover_packages(ignore) check parameters
[0.132s] Level 1:colcon.colcon_core.package_discovery:discover_packages(path) check parameters
[0.132s] Level 1:colcon.colcon_core.package_discovery:discover_packages(colcon_meta) discover
[0.132s] Level 1:colcon.colcon_core.package_discovery:discover_packages(recursive) discover
[0.132s] INFO:colcon.colcon_core.package_discovery:Crawling recursively for packages in '/home/ben/Documents/master_thesis/code/uwb_online_initialisation_simulator/src'
[0.132s] Level 1:colcon.colcon_core.package_identification:_identify(.) by extensions ['ignore', 'ignore_ament_install']
[0.132s] Level 1:colcon.colcon_core.package_identification:_identify(.) by extension 'ignore'
[0.132s] Level 1:colcon.colcon_core.package_identification:_identify(.) by extension 'ignore_ament_install'
[0.132s] Level 1:colcon.colcon_core.package_identification:_identify(.) by extensions ['colcon_pkg']
[0.132s] Level 1:colcon.colcon_core.package_identification:_identify(.) by extension 'colcon_pkg'
[0.132s] Level 1:colcon.colcon_core.package_identification:_identify(.) by extensions ['colcon_meta']
[0.132s] Level 1:colcon.colcon_core.package_identification:_identify(.) by extension 'colcon_meta'
[0.132s] Level 1:colcon.colcon_core.package_identification:_identify(.) by extensions ['ros']
[0.132s] Level 1:colcon.colcon_core.package_identification:_identify(.) by extension 'ros'
[0.152s] Level 1:colcon.colcon_core.package_identification:_identify(.) by extensions ['cmake', 'python']
[0.152s] Level 1:colcon.colcon_core.package_identification:_identify(.) by extension 'cmake'
[0.152s] Level 1:colcon.colcon_core.package_identification:_identify(.) by extension 'python'
[0.152s] Level 1:colcon.colcon_core.package_identification:_identify(.) by extensions ['python_setup_py']
[0.152s] Level 1:colcon.colcon_core.package_identification:_identify(.) by extension 'python_setup_py'
[0.152s] Level 1:colcon.colcon_core.package_identification:_identify(build) by extensions ['ignore', 'ignore_ament_install']
[0.152s] Level 1:colcon.colcon_core.package_identification:_identify(build) by extension 'ignore'
[0.152s] Level 1:colcon.colcon_core.package_identification:_identify(build) ignored
[0.153s] Level 1:colcon.colcon_core.package_identification:_identify(drone_uwb_simulator) by extensions ['ignore', 'ignore_ament_install']
[0.153s] Level 1:colcon.colcon_core.package_identification:_identify(drone_uwb_simulator) by extension 'ignore'
[0.153s] Level 1:colcon.colcon_core.package_identification:_identify(drone_uwb_simulator) by extension 'ignore_ament_install'
[0.153s] Level 1:colcon.colcon_core.package_identification:_identify(drone_uwb_simulator) by extensions ['colcon_pkg']
[0.153s] Level 1:colcon.colcon_core.package_identification:_identify(drone_uwb_simulator) by extension 'colcon_pkg'
[0.153s] Level 1:colcon.colcon_core.package_identification:_identify(drone_uwb_simulator) by extensions ['colcon_meta']
[0.153s] Level 1:colcon.colcon_core.package_identification:_identify(drone_uwb_simulator) by extension 'colcon_meta'
[0.153s] Level 1:colcon.colcon_core.package_identification:_identify(drone_uwb_simulator) by extensions ['ros']
[0.153s] Level 1:colcon.colcon_core.package_identification:_identify(drone_uwb_simulator) by extension 'ros'
[0.155s] DEBUG:colcon.colcon_core.package_identification:Package 'drone_uwb_simulator' with type 'ros.ament_python' and name 'drone_uwb_simulator'
[0.155s] Level 1:colcon.colcon_core.package_identification:_identify(install) by extensions ['ignore', 'ignore_ament_install']
[0.155s] Level 1:colcon.colcon_core.package_identification:_identify(install) by extension 'ignore'
[0.155s] Level 1:colcon.colcon_core.package_identification:_identify(install) ignored
[0.155s] Level 1:colcon.colcon_core.package_identification:_identify(log) by extensions ['ignore', 'ignore_ament_install']
[0.155s] Level 1:colcon.colcon_core.package_identification:_identify(log) by extension 'ignore'
[0.155s] Level 1:colcon.colcon_core.package_identification:_identify(log) ignored
[0.155s] Level 1:colcon.colcon_core.package_identification:_identify(matplotlib_visualisation) by extensions ['ignore', 'ignore_ament_install']
[0.155s] Level 1:colcon.colcon_core.package_identification:_identify(matplotlib_visualisation) by extension 'ignore'
[0.155s] Level 1:colcon.colcon_core.package_identification:_identify(matplotlib_visualisation) by extension 'ignore_ament_install'
[0.155s] Level 1:colcon.colcon_core.package_identification:_identify(matplotlib_visualisation) by extensions ['colcon_pkg']
[0.155s] Level 1:colcon.colcon_core.package_identification:_identify(matplotlib_visualisation) by extension 'colcon_pkg'
[0.156s] Level 1:colcon.colcon_core.package_identification:_identify(matplotlib_visualisation) by extensions ['colcon_meta']
[0.156s] Level 1:colcon.colcon_core.package_identification:_identify(matplotlib_visualisation) by extension 'colcon_meta'
[0.156s] Level 1:colcon.colcon_core.package_identification:_identify(matplotlib_visualisation) by extensions ['ros']
[0.156s] Level 1:colcon.colcon_core.package_identification:_identify(matplotlib_visualisation) by extension 'ros'
[0.156s] DEBUG:colcon.colcon_core.package_identification:Package 'matplotlib_visualisation' with type 'ros.ament_python' and name 'matplotlib_visualisation'
[0.156s] Level 1:colcon.colcon_core.package_identification:_identify(online_uwb_initialisation) by extensions ['ignore', 'ignore_ament_install']
[0.156s] Level 1:colcon.colcon_core.package_identification:_identify(online_uwb_initialisation) by extension 'ignore'
[0.156s] Level 1:colcon.colcon_core.package_identification:_identify(online_uwb_initialisation) by extension 'ignore_ament_install'
[0.156s] Level 1:colcon.colcon_core.package_identification:_identify(online_uwb_initialisation) by extensions ['colcon_pkg']
[0.156s] Level 1:colcon.colcon_core.package_identification:_identify(online_uwb_initialisation) by extension 'colcon_pkg'
[0.156s] Level 1:colcon.colcon_core.package_identification:_identify(online_uwb_initialisation) by extensions ['colcon_meta']
[0.156s] Level 1:colcon.colcon_core.package_identification:_identify(online_uwb_initialisation) by extension 'colcon_meta'
[0.156s] Level 1:colcon.colcon_core.package_identification:_identify(online_uwb_initialisation) by extensions ['ros']
[0.156s] Level 1:colcon.colcon_core.package_identification:_identify(online_uwb_initialisation) by extension 'ros'
[0.157s] DEBUG:colcon.colcon_core.package_identification:Package 'online_uwb_initialisation' with type 'ros.ament_python' and name 'online_uwb_initialisation'
[0.157s] Level 1:colcon.colcon_core.package_identification:_identify(rl_optimisation) by extensions ['ignore', 'ignore_ament_install']
[0.157s] Level 1:colcon.colcon_core.package_identification:_identify(rl_optimisation) by extension 'ignore'
[0.157s] Level 1:colcon.colcon_core.package_identification:_identify(rl_optimisation) by extension 'ignore_ament_install'
[0.157s] Level 1:colcon.colcon_core.package_identification:_identify(rl_optimisation) by extensions ['colcon_pkg']
[0.157s] Level 1:colcon.colcon_core.package_identification:_identify(rl_optimisation) by extension 'colcon_pkg'
[0.157s] Level 1:colcon.colcon_core.package_identification:_identify(rl_optimisation) by extensions ['colcon_meta']
[0.157s] Level 1:colcon.colcon_core.package_identification:_identify(rl_optimisation) by extension 'colcon_meta'
[0.157s] Level 1:colcon.colcon_core.package_identification:_identify(rl_optimisation) by extensions ['ros']
[0.157s] Level 1:colcon.colcon_core.package_identification:_identify(rl_optimisation) by extension 'ros'
[0.158s] DEBUG:colcon.colcon_core.package_identification:Package 'rl_optimisation' with type 'ros.ament_python' and name 'rl_optimisation'
[0.158s] Level 1:colcon.colcon_core.package_identification:_identify(sim_interfaces) by extensions ['ignore', 'ignore_ament_install']
[0.158s] Level 1:colcon.colcon_core.package_identification:_identify(sim_interfaces) by extension 'ignore'
[0.158s] Level 1:colcon.colcon_core.package_identification:_identify(sim_interfaces) by extension 'ignore_ament_install'
[0.158s] Level 1:colcon.colcon_core.package_identification:_identify(sim_interfaces) by extensions ['colcon_pkg']
[0.158s] Level 1:colcon.colcon_core.package_identification:_identify(sim_interfaces) by extension 'colcon_pkg'
[0.158s] Level 1:colcon.colcon_core.package_identification:_identify(sim_interfaces) by extensions ['colcon_meta']
[0.158s] Level 1:colcon.colcon_core.package_identification:_identify(sim_interfaces) by extension 'colcon_meta'
[0.158s] Level 1:colcon.colcon_core.package_identification:_identify(sim_interfaces) by extensions ['ros']
[0.158s] Level 1:colcon.colcon_core.package_identification:_identify(sim_interfaces) by extension 'ros'
[0.158s] DEBUG:colcon.colcon_core.package_identification:Package 'sim_interfaces' with type 'ros.ament_cmake' and name 'sim_interfaces'
[0.158s] Level 1:colcon.colcon_core.package_identification:_identify(simulation_results) by extensions ['ignore', 'ignore_ament_install']
[0.159s] Level 1:colcon.colcon_core.package_identification:_identify(simulation_results) by extension 'ignore'
[0.159s] Level 1:colcon.colcon_core.package_identification:_identify(simulation_results) by extension 'ignore_ament_install'
[0.159s] Level 1:colcon.colcon_core.package_identification:_identify(simulation_results) by extensions ['colcon_pkg']
[0.159s] Level 1:colcon.colcon_core.package_identification:_identify(simulation_results) by extension 'colcon_pkg'
[0.159s] Level 1:colcon.colcon_core.package_identification:_identify(simulation_results) by extensions ['colcon_meta']
[0.159s] Level 1:colcon.colcon_core.package_identification:_identify(simulation_results) by extension 'colcon_meta'
[0.159s] Level 1:colcon.colcon_core.package_identification:_identify(simulation_results) by extensions ['ros']
[0.159s] Level 1:colcon.colcon_core.package_identification:_identify(simulation_results) by extension 'ros'
[0.159s] Level 1:colcon.colcon_core.package_identification:_identify(simulation_results) by extensions ['cmake', 'python']
[0.159s] Level 1:colcon.colcon_core.package_identification:_identify(simulation_results) by extension 'cmake'
[0.159s] Level 1:colcon.colcon_core.package_identification:_identify(simulation_results) by extension 'python'
[0.159s] Level 1:colcon.colcon_core.package_identification:_identify(simulation_results) by extensions ['python_setup_py']
[0.159s] Level 1:colcon.colcon_core.package_identification:_identify(simulation_results) by extension 'python_setup_py'
[0.159s] Level 1:colcon.colcon_core.package_identification:_identify(simulation_results/process_0) by extensions ['ignore', 'ignore_ament_install']
[0.159s] Level 1:colcon.colcon_core.package_identification:_identify(simulation_results/process_0) by extension 'ignore'
[0.159s] Level 1:colcon.colcon_core.package_identification:_identify(simulation_results/process_0) by extension 'ignore_ament_install'
[0.159s] Level 1:colcon.colcon_core.package_identification:_identify(simulation_results/process_0) by extensions ['colcon_pkg']
[0.159s] Level 1:colcon.colcon_core.package_identification:_identify(simulation_results/process_0) by extension 'colcon_pkg'
[0.159s] Level 1:colcon.colcon_core.package_identification:_identify(simulation_results/process_0) by extensions ['colcon_meta']
[0.159s] Level 1:colcon.colcon_core.package_identification:_identify(simulation_results/process_0) by extension 'colcon_meta'
[0.159s] Level 1:colcon.colcon_core.package_identification:_identify(simulation_results/process_0) by extensions ['ros']
[0.159s] Level 1:colcon.colcon_core.package_identification:_identify(simulation_results/process_0) by extension 'ros'
[0.159s] Level 1:colcon.colcon_core.package_identification:_identify(simulation_results/process_0) by extensions ['cmake', 'python']
[0.159s] Level 1:colcon.colcon_core.package_identification:_identify(simulation_results/process_0) by extension 'cmake'
[0.159s] Level 1:colcon.colcon_core.package_identification:_identify(simulation_results/process_0) by extension 'python'
[0.159s] Level 1:colcon.colcon_core.package_identification:_identify(simulation_results/process_0) by extensions ['python_setup_py']
[0.159s] Level 1:colcon.colcon_core.package_identification:_identify(simulation_results/process_0) by extension 'python_setup_py'
[0.160s] Level 1:colcon.colcon_core.package_identification:_identify(simulation_results/process_1) by extensions ['ignore', 'ignore_ament_install']
[0.160s] Level 1:colcon.colcon_core.package_identification:_identify(simulation_results/process_1) by extension 'ignore'
[0.160s] Level 1:colcon.colcon_core.package_identification:_identify(simulation_results/process_1) by extension 'ignore_ament_install'
[0.160s] Level 1:colcon.colcon_core.package_identification:_identify(simulation_results/process_1) by extensions ['colcon_pkg']
[0.160s] Level 1:colcon.colcon_core.package_identification:_identify(simulation_results/process_1) by extension 'colcon_pkg'
[0.160s] Level 1:colcon.colcon_core.package_identification:_identify(simulation_results/process_1) by extensions ['colcon_meta']
[0.160s] Level 1:colcon.colcon_core.package_identification:_identify(simulation_results/process_1) by extension 'colcon_meta'
[0.160s] Level 1:colcon.colcon_core.package_identification:_identify(simulation_results/process_1) by extensions ['ros']
[0.160s] Level 1:colcon.colcon_core.package_identification:_identify(simulation_results/process_1) by extension 'ros'
[0.160s] Level 1:colcon.colcon_core.package_identification:_identify(simulation_results/process_1) by extensions ['cmake', 'python']
[0.160s] Level 1:colcon.colcon_core.package_identification:_identify(simulation_results/process_1) by extension 'cmake'
[0.160s] Level 1:colcon.colcon_core.package_identification:_identify(simulation_results/process_1) by extension 'python'
[0.160s] Level 1:colcon.colcon_core.package_identification:_identify(simulation_results/process_1) by extensions ['python_setup_py']
[0.160s] Level 1:colcon.colcon_core.package_identification:_identify(simulation_results/process_1) by extension 'python_setup_py'
[0.160s] Level 1:colcon.colcon_core.package_identification:_identify(simulation_results/process_2) by extensions ['ignore', 'ignore_ament_install']
[0.160s] Level 1:colcon.colcon_core.package_identification:_identify(simulation_results/process_2) by extension 'ignore'
[0.160s] Level 1:colcon.colcon_core.package_identification:_identify(simulation_results/process_2) by extension 'ignore_ament_install'
[0.160s] Level 1:colcon.colcon_core.package_identification:_identify(simulation_results/process_2) by extensions ['colcon_pkg']
[0.160s] Level 1:colcon.colcon_core.package_identification:_identify(simulation_results/process_2) by extension 'colcon_pkg'
[0.160s] Level 1:colcon.colcon_core.package_identification:_identify(simulation_results/process_2) by extensions ['colcon_meta']
[0.160s] Level 1:colcon.colcon_core.package_identification:_identify(simulation_results/process_2) by extension 'colcon_meta'
[0.160s] Level 1:colcon.colcon_core.package_identification:_identify(simulation_results/process_2) by extensions ['ros']
[0.160s] Level 1:colcon.colcon_core.package_identification:_identify(simulation_results/process_2) by extension 'ros'
[0.160s] Level 1:colcon.colcon_core.package_identification:_identify(simulation_results/process_2) by extensions ['cmake', 'python']
[0.160s] Level 1:colcon.colcon_core.package_identification:_identify(simulation_results/process_2) by extension 'cmake'
[0.160s] Level 1:colcon.colcon_core.package_identification:_identify(simulation_results/process_2) by extension 'python'
[0.161s] Level 1:colcon.colcon_core.package_identification:_identify(simulation_results/process_2) by extensions ['python_setup_py']
[0.161s] Level 1:colcon.colcon_core.package_identification:_identify(simulation_results/process_2) by extension 'python_setup_py'
[0.161s] Level 1:colcon.colcon_core.package_identification:_identify(simulation_results/process_3) by extensions ['ignore', 'ignore_ament_install']
[0.161s] Level 1:colcon.colcon_core.package_identification:_identify(simulation_results/process_3) by extension 'ignore'
[0.161s] Level 1:colcon.colcon_core.package_identification:_identify(simulation_results/process_3) by extension 'ignore_ament_install'
[0.161s] Level 1:colcon.colcon_core.package_identification:_identify(simulation_results/process_3) by extensions ['colcon_pkg']
[0.161s] Level 1:colcon.colcon_core.package_identification:_identify(simulation_results/process_3) by extension 'colcon_pkg'
[0.161s] Level 1:colcon.colcon_core.package_identification:_identify(simulation_results/process_3) by extensions ['colcon_meta']
[0.161s] Level 1:colcon.colcon_core.package_identification:_identify(simulation_results/process_3) by extension 'colcon_meta'
[0.161s] Level 1:colcon.colcon_core.package_identification:_identify(simulation_results/process_3) by extensions ['ros']
[0.161s] Level 1:colcon.colcon_core.package_identification:_identify(simulation_results/process_3) by extension 'ros'
[0.161s] Level 1:colcon.colcon_core.package_identification:_identify(simulation_results/process_3) by extensions ['cmake', 'python']
[0.161s] Level 1:colcon.colcon_core.package_identification:_identify(simulation_results/process_3) by extension 'cmake'
[0.161s] Level 1:colcon.colcon_core.package_identification:_identify(simulation_results/process_3) by extension 'python'
[0.161s] Level 1:colcon.colcon_core.package_identification:_identify(simulation_results/process_3) by extensions ['python_setup_py']
[0.161s] Level 1:colcon.colcon_core.package_identification:_identify(simulation_results/process_3) by extension 'python_setup_py'
[0.161s] Level 1:colcon.colcon_core.package_identification:_identify(simulator_bringup) by extensions ['ignore', 'ignore_ament_install']
[0.161s] Level 1:colcon.colcon_core.package_identification:_identify(simulator_bringup) by extension 'ignore'
[0.161s] Level 1:colcon.colcon_core.package_identification:_identify(simulator_bringup) by extension 'ignore_ament_install'
[0.161s] Level 1:colcon.colcon_core.package_identification:_identify(simulator_bringup) by extensions ['colcon_pkg']
[0.161s] Level 1:colcon.colcon_core.package_identification:_identify(simulator_bringup) by extension 'colcon_pkg'
[0.161s] Level 1:colcon.colcon_core.package_identification:_identify(simulator_bringup) by extensions ['colcon_meta']
[0.161s] Level 1:colcon.colcon_core.package_identification:_identify(simulator_bringup) by extension 'colcon_meta'
[0.161s] Level 1:colcon.colcon_core.package_identification:_identify(simulator_bringup) by extensions ['ros']
[0.161s] Level 1:colcon.colcon_core.package_identification:_identify(simulator_bringup) by extension 'ros'
[0.162s] DEBUG:colcon.colcon_core.package_identification:Package 'simulator_bringup' with type 'ros.ament_cmake' and name 'simulator_bringup'
[0.162s] Level 1:colcon.colcon_core.package_discovery:discover_packages(recursive) using defaults
[0.162s] Level 1:colcon.colcon_core.package_discovery:discover_packages(ignore) discover
[0.162s] Level 1:colcon.colcon_core.package_discovery:discover_packages(ignore) using defaults
[0.162s] Level 1:colcon.colcon_core.package_discovery:discover_packages(path) discover
[0.162s] Level 1:colcon.colcon_core.package_discovery:discover_packages(path) using defaults
[0.178s] Level 1:colcon.colcon_core.package_discovery:discover_packages(prefix_path) check parameters
[0.178s] Level 1:colcon.colcon_core.package_discovery:discover_packages(prefix_path) discover
[0.180s] DEBUG:colcon.colcon_installed_package_information.package_discovery:Found 6 installed packages in /home/ben/Documents/master_thesis/code/uwb_online_initialisation_simulator/install
[0.181s] DEBUG:colcon.colcon_installed_package_information.package_discovery:Found 273 installed packages in /opt/ros/humble
[0.182s] Level 1:colcon.colcon_core.package_discovery:discover_packages(prefix_path) using defaults
[0.209s] Level 5:colcon.colcon_core.verb:set package 'matplotlib_visualisation' build argument 'cmake_args' from command line to 'None'
[0.209s] Level 5:colcon.colcon_core.verb:set package 'matplotlib_visualisation' build argument 'cmake_target' from command line to 'None'
[0.209s] Level 5:colcon.colcon_core.verb:set package 'matplotlib_visualisation' build argument 'cmake_target_skip_unavailable' from command line to 'False'
[0.209s] Level 5:colcon.colcon_core.verb:set package 'matplotlib_visualisation' build argument 'cmake_clean_cache' from command line to 'False'
[0.209s] Level 5:colcon.colcon_core.verb:set package 'matplotlib_visualisation' build argument 'cmake_clean_first' from command line to 'False'
[0.209s] Level 5:colcon.colcon_core.verb:set package 'matplotlib_visualisation' build argument 'cmake_force_configure' from command line to 'False'
[0.209s] Level 5:colcon.colcon_core.verb:set package 'matplotlib_visualisation' build argument 'ament_cmake_args' from command line to 'None'
[0.209s] Level 5:colcon.colcon_core.verb:set package 'matplotlib_visualisation' build argument 'catkin_cmake_args' from command line to 'None'
[0.209s] Level 5:colcon.colcon_core.verb:set package 'matplotlib_visualisation' build argument 'catkin_skip_building_tests' from command line to 'False'
[0.209s] DEBUG:colcon.colcon_core.verb:Building package 'matplotlib_visualisation' with the following arguments: {'ament_cmake_args': None, 'build_base': '/home/ben/Documents/master_thesis/code/uwb_online_initialisation_simulator/src/build/matplotlib_visualisation', 'catkin_cmake_args': None, 'catkin_skip_building_tests': False, 'cmake_args': None, 'cmake_clean_cache': False, 'cmake_clean_first': False, 'cmake_force_configure': False, 'cmake_target': None, 'cmake_target_skip_unavailable': False, 'install_base': '/home/ben/Documents/master_thesis/code/uwb_online_initialisation_simulator/src/install/matplotlib_visualisation', 'merge_install': False, 'path': '/home/ben/Documents/master_thesis/code/uwb_online_initialisation_simulator/src/matplotlib_visualisation', 'symlink_install': False, 'test_result_base': None}
[0.209s] Level 5:colcon.colcon_core.verb:set package 'rl_optimisation' build argument 'cmake_args' from command line to 'None'
[0.209s] Level 5:colcon.colcon_core.verb:set package 'rl_optimisation' build argument 'cmake_target' from command line to 'None'
[0.209s] Level 5:colcon.colcon_core.verb:set package 'rl_optimisation' build argument 'cmake_target_skip_unavailable' from command line to 'False'
[0.209s] Level 5:colcon.colcon_core.verb:set package 'rl_optimisation' build argument 'cmake_clean_cache' from command line to 'False'
[0.209s] Level 5:colcon.colcon_core.verb:set package 'rl_optimisation' build argument 'cmake_clean_first' from command line to 'False'
[0.210s] Level 5:colcon.colcon_core.verb:set package 'rl_optimisation' build argument 'cmake_force_configure' from command line to 'False'
[0.210s] Level 5:colcon.colcon_core.verb:set package 'rl_optimisation' build argument 'ament_cmake_args' from command line to 'None'
[0.210s] Level 5:colcon.colcon_core.verb:set package 'rl_optimisation' build argument 'catkin_cmake_args' from command line to 'None'
[0.210s] Level 5:colcon.colcon_core.verb:set package 'rl_optimisation' build argument 'catkin_skip_building_tests' from command line to 'False'
[0.210s] DEBUG:colcon.colcon_core.verb:Building package 'rl_optimisation' with the following arguments: {'ament_cmake_args': None, 'build_base': '/home/ben/Documents/master_thesis/code/uwb_online_initialisation_simulator/src/build/rl_optimisation', 'catkin_cmake_args': None, 'catkin_skip_building_tests': False, 'cmake_args': None, 'cmake_clean_cache': False, 'cmake_clean_first': False, 'cmake_force_configure': False, 'cmake_target': None, 'cmake_target_skip_unavailable': False, 'install_base': '/home/ben/Documents/master_thesis/code/uwb_online_initialisation_simulator/src/install/rl_optimisation', 'merge_install': False, 'path': '/home/ben/Documents/master_thesis/code/uwb_online_initialisation_simulator/src/rl_optimisation', 'symlink_install': False, 'test_result_base': None}
[0.210s] Level 5:colcon.colcon_core.verb:set package 'sim_interfaces' build argument 'cmake_args' from command line to 'None'
[0.210s] Level 5:colcon.colcon_core.verb:set package 'sim_interfaces' build argument 'cmake_target' from command line to 'None'
[0.210s] Level 5:colcon.colcon_core.verb:set package 'sim_interfaces' build argument 'cmake_target_skip_unavailable' from command line to 'False'
[0.210s] Level 5:colcon.colcon_core.verb:set package 'sim_interfaces' build argument 'cmake_clean_cache' from command line to 'False'
[0.210s] Level 5:colcon.colcon_core.verb:set package 'sim_interfaces' build argument 'cmake_clean_first' from command line to 'False'
[0.210s] Level 5:colcon.colcon_core.verb:set package 'sim_interfaces' build argument 'cmake_force_configure' from command line to 'False'
[0.210s] Level 5:colcon.colcon_core.verb:set package 'sim_interfaces' build argument 'ament_cmake_args' from command line to 'None'
[0.210s] Level 5:colcon.colcon_core.verb:set package 'sim_interfaces' build argument 'catkin_cmake_args' from command line to 'None'
[0.210s] Level 5:colcon.colcon_core.verb:set package 'sim_interfaces' build argument 'catkin_skip_building_tests' from command line to 'False'
[0.210s] DEBUG:colcon.colcon_core.verb:Building package 'sim_interfaces' with the following arguments: {'ament_cmake_args': None, 'build_base': '/home/ben/Documents/master_thesis/code/uwb_online_initialisation_simulator/src/build/sim_interfaces', 'catkin_cmake_args': None, 'catkin_skip_building_tests': False, 'cmake_args': None, 'cmake_clean_cache': False, 'cmake_clean_first': False, 'cmake_force_configure': False, 'cmake_target': None, 'cmake_target_skip_unavailable': False, 'install_base': '/home/ben/Documents/master_thesis/code/uwb_online_initialisation_simulator/src/install/sim_interfaces', 'merge_install': False, 'path': '/home/ben/Documents/master_thesis/code/uwb_online_initialisation_simulator/src/sim_interfaces', 'symlink_install': False, 'test_result_base': None}
[0.210s] Level 5:colcon.colcon_core.verb:set package 'drone_uwb_simulator' build argument 'cmake_args' from command line to 'None'
[0.210s] Level 5:colcon.colcon_core.verb:set package 'drone_uwb_simulator' build argument 'cmake_target' from command line to 'None'
[0.210s] Level 5:colcon.colcon_core.verb:set package 'drone_uwb_simulator' build argument 'cmake_target_skip_unavailable' from command line to 'False'
[0.210s] Level 5:colcon.colcon_core.verb:set package 'drone_uwb_simulator' build argument 'cmake_clean_cache' from command line to 'False'
[0.210s] Level 5:colcon.colcon_core.verb:set package 'drone_uwb_simulator' build argument 'cmake_clean_first' from command line to 'False'
[0.210s] Level 5:colcon.colcon_core.verb:set package 'drone_uwb_simulator' build argument 'cmake_force_configure' from command line to 'False'
[0.210s] Level 5:colcon.colcon_core.verb:set package 'drone_uwb_simulator' build argument 'ament_cmake_args' from command line to 'None'
[0.210s] Level 5:colcon.colcon_core.verb:set package 'drone_uwb_simulator' build argument 'catkin_cmake_args' from command line to 'None'
[0.210s] Level 5:colcon.colcon_core.verb:set package 'drone_uwb_simulator' build argument 'catkin_skip_building_tests' from command line to 'False'
[0.210s] DEBUG:colcon.colcon_core.verb:Building package 'drone_uwb_simulator' with the following arguments: {'ament_cmake_args': None, 'build_base': '/home/ben/Documents/master_thesis/code/uwb_online_initialisation_simulator/src/build/drone_uwb_simulator', 'catkin_cmake_args': None, 'catkin_skip_building_tests': False, 'cmake_args': None, 'cmake_clean_cache': False, 'cmake_clean_first': False, 'cmake_force_configure': False, 'cmake_target': None, 'cmake_target_skip_unavailable': False, 'install_base': '/home/ben/Documents/master_thesis/code/uwb_online_initialisation_simulator/src/install/drone_uwb_simulator', 'merge_install': False, 'path': '/home/ben/Documents/master_thesis/code/uwb_online_initialisation_simulator/src/drone_uwb_simulator', 'symlink_install': False, 'test_result_base': None}
[0.211s] Level 5:colcon.colcon_core.verb:set package 'online_uwb_initialisation' build argument 'cmake_args' from command line to 'None'
[0.211s] Level 5:colcon.colcon_core.verb:set package 'online_uwb_initialisation' build argument 'cmake_target' from command line to 'None'
[0.211s] Level 5:colcon.colcon_core.verb:set package 'online_uwb_initialisation' build argument 'cmake_target_skip_unavailable' from command line to 'False'
[0.211s] Level 5:colcon.colcon_core.verb:set package 'online_uwb_initialisation' build argument 'cmake_clean_cache' from command line to 'False'
[0.211s] Level 5:colcon.colcon_core.verb:set package 'online_uwb_initialisation' build argument 'cmake_clean_first' from command line to 'False'
[0.211s] Level 5:colcon.colcon_core.verb:set package 'online_uwb_initialisation' build argument 'cmake_force_configure' from command line to 'False'
[0.211s] Level 5:colcon.colcon_core.verb:set package 'online_uwb_initialisation' build argument 'ament_cmake_args' from command line to 'None'
[0.211s] Level 5:colcon.colcon_core.verb:set package 'online_uwb_initialisation' build argument 'catkin_cmake_args' from command line to 'None'
[0.211s] Level 5:colcon.colcon_core.verb:set package 'online_uwb_initialisation' build argument 'catkin_skip_building_tests' from command line to 'False'
[0.211s] DEBUG:colcon.colcon_core.verb:Building package 'online_uwb_initialisation' with the following arguments: {'ament_cmake_args': None, 'build_base': '/home/ben/Documents/master_thesis/code/uwb_online_initialisation_simulator/src/build/online_uwb_initialisation', 'catkin_cmake_args': None, 'catkin_skip_building_tests': False, 'cmake_args': None, 'cmake_clean_cache': False, 'cmake_clean_first': False, 'cmake_force_configure': False, 'cmake_target': None, 'cmake_target_skip_unavailable': False, 'install_base': '/home/ben/Documents/master_thesis/code/uwb_online_initialisation_simulator/src/install/online_uwb_initialisation', 'merge_install': False, 'path': '/home/ben/Documents/master_thesis/code/uwb_online_initialisation_simulator/src/online_uwb_initialisation', 'symlink_install': False, 'test_result_base': None}
[0.211s] Level 5:colcon.colcon_core.verb:set package 'simulator_bringup' build argument 'cmake_args' from command line to 'None'
[0.211s] Level 5:colcon.colcon_core.verb:set package 'simulator_bringup' build argument 'cmake_target' from command line to 'None'
[0.211s] Level 5:colcon.colcon_core.verb:set package 'simulator_bringup' build argument 'cmake_target_skip_unavailable' from command line to 'False'
[0.211s] Level 5:colcon.colcon_core.verb:set package 'simulator_bringup' build argument 'cmake_clean_cache' from command line to 'False'
[0.211s] Level 5:colcon.colcon_core.verb:set package 'simulator_bringup' build argument 'cmake_clean_first' from command line to 'False'
[0.211s] Level 5:colcon.colcon_core.verb:set package 'simulator_bringup' build argument 'cmake_force_configure' from command line to 'False'
[0.211s] Level 5:colcon.colcon_core.verb:set package 'simulator_bringup' build argument 'ament_cmake_args' from command line to 'None'
[0.211s] Level 5:colcon.colcon_core.verb:set package 'simulator_bringup' build argument 'catkin_cmake_args' from command line to 'None'
[0.211s] Level 5:colcon.colcon_core.verb:set package 'simulator_bringup' build argument 'catkin_skip_building_tests' from command line to 'False'
[0.211s] DEBUG:colcon.colcon_core.verb:Building package 'simulator_bringup' with the following arguments: {'ament_cmake_args': None, 'build_base': '/home/ben/Documents/master_thesis/code/uwb_online_initialisation_simulator/src/build/simulator_bringup', 'catkin_cmake_args': None, 'catkin_skip_building_tests': False, 'cmake_args': None, 'cmake_clean_cache': False, 'cmake_clean_first': False, 'cmake_force_configure': False, 'cmake_target': None, 'cmake_target_skip_unavailable': False, 'install_base': '/home/ben/Documents/master_thesis/code/uwb_online_initialisation_simulator/src/install/simulator_bringup', 'merge_install': False, 'path': '/home/ben/Documents/master_thesis/code/uwb_online_initialisation_simulator/src/simulator_bringup', 'symlink_install': False, 'test_result_base': None}
[0.211s] INFO:colcon.colcon_core.executor:Executing jobs using 'parallel' executor
[0.212s] DEBUG:colcon.colcon_parallel_executor.executor.parallel:run_until_complete
[0.212s] INFO:colcon.colcon_ros.task.ament_cmake.build:Building ROS package in '/home/ben/Documents/master_thesis/code/uwb_online_initialisation_simulator/src/sim_interfaces' with build type 'ament_cmake'
[0.212s] INFO:colcon.colcon_cmake.task.cmake.build:Building CMake package in '/home/ben/Documents/master_thesis/code/uwb_online_initialisation_simulator/src/sim_interfaces'
[0.214s] INFO:colcon.colcon_core.plugin_system:Skipping extension 'colcon_core.shell.bat': Not used on non-Windows systems
[0.214s] INFO:colcon.colcon_core.shell:Skip shell extension 'powershell' for command environment: Not usable outside of PowerShell
[0.214s] DEBUG:colcon.colcon_core.shell:Skip shell extension 'dsv' for command environment
[0.218s] INFO:colcon.colcon_ros.task.ament_python.build:Building ROS package in '/home/ben/Documents/master_thesis/code/uwb_online_initialisation_simulator/src/matplotlib_visualisation' with build type 'ament_python'
[0.218s] Level 1:colcon.colcon_core.shell:create_environment_hook('matplotlib_visualisation', 'ament_prefix_path')
[0.218s] INFO:colcon.colcon_core.shell:Creating environment hook '/home/ben/Documents/master_thesis/code/uwb_online_initialisation_simulator/src/install/matplotlib_visualisation/share/matplotlib_visualisation/hook/ament_prefix_path.ps1'
[0.219s] INFO:colcon.colcon_core.shell:Creating environment descriptor '/home/ben/Documents/master_thesis/code/uwb_online_initialisation_simulator/src/install/matplotlib_visualisation/share/matplotlib_visualisation/hook/ament_prefix_path.dsv'
[0.219s] INFO:colcon.colcon_core.shell:Creating environment hook '/home/ben/Documents/master_thesis/code/uwb_online_initialisation_simulator/src/install/matplotlib_visualisation/share/matplotlib_visualisation/hook/ament_prefix_path.sh'
[0.220s] INFO:colcon.colcon_core.shell:Skip shell extension 'powershell' for command environment: Not usable outside of PowerShell
[0.220s] DEBUG:colcon.colcon_core.shell:Skip shell extension 'dsv' for command environment
[0.223s] INFO:colcon.colcon_ros.task.ament_python.build:Building ROS package in '/home/ben/Documents/master_thesis/code/uwb_online_initialisation_simulator/src/rl_optimisation' with build type 'ament_python'
[0.223s] Level 1:colcon.colcon_core.shell:create_environment_hook('rl_optimisation', 'ament_prefix_path')
[0.223s] INFO:colcon.colcon_core.shell:Creating environment hook '/home/ben/Documents/master_thesis/code/uwb_online_initialisation_simulator/src/install/rl_optimisation/share/rl_optimisation/hook/ament_prefix_path.ps1'
[0.224s] INFO:colcon.colcon_core.shell:Creating environment descriptor '/home/ben/Documents/master_thesis/code/uwb_online_initialisation_simulator/src/install/rl_optimisation/share/rl_optimisation/hook/ament_prefix_path.dsv'
[0.224s] INFO:colcon.colcon_core.shell:Creating environment hook '/home/ben/Documents/master_thesis/code/uwb_online_initialisation_simulator/src/install/rl_optimisation/share/rl_optimisation/hook/ament_prefix_path.sh'
[0.225s] INFO:colcon.colcon_core.shell:Skip shell extension 'powershell' for command environment: Not usable outside of PowerShell
[0.225s] DEBUG:colcon.colcon_core.shell:Skip shell extension 'dsv' for command environment
[0.250s] DEBUG:colcon.colcon_core.event_handler.log_command:Invoking command in '/home/ben/Documents/master_thesis/code/uwb_online_initialisation_simulator/src/build/sim_interfaces': CMAKE_PREFIX_PATH=${CMAKE_PREFIX_PATH}:/home/ben/Documents/master_thesis/code/uwb_online_initialisation_simulator/install/online_uwb_initialisation:/home/ben/Documents/master_thesis/code/uwb_online_initialisation_simulator/install/drone_uwb_simulator:/home/ben/Documents/master_thesis/code/uwb_online_initialisation_simulator/install/rl_optimisation:/home/ben/Documents/master_thesis/code/uwb_online_initialisation_simulator/install/matplotlib_visualisation:/opt/ros/humble /usr/bin/cmake /home/ben/Documents/master_thesis/code/uwb_online_initialisation_simulator/src/sim_interfaces -DCMAKE_INSTALL_PREFIX=/home/ben/Documents/master_thesis/code/uwb_online_initialisation_simulator/src/install/sim_interfaces
[0.504s] INFO:colcon.colcon_core.task.python.build:Building Python package in '/home/ben/Documents/master_thesis/code/uwb_online_initialisation_simulator/src/matplotlib_visualisation'
[0.505s] INFO:colcon.colcon_core.shell:Skip shell extension 'powershell' for command environment: Not usable outside of PowerShell
[0.505s] DEBUG:colcon.colcon_core.shell:Skip shell extension 'dsv' for command environment
[0.765s] INFO:colcon.colcon_core.task.python.build:Building Python package in '/home/ben/Documents/master_thesis/code/uwb_online_initialisation_simulator/src/rl_optimisation'
[0.765s] INFO:colcon.colcon_core.shell:Skip shell extension 'powershell' for command environment: Not usable outside of PowerShell
[0.765s] DEBUG:colcon.colcon_core.shell:Skip shell extension 'dsv' for command environment
[1.368s] DEBUG:colcon.colcon_core.event_handler.log_command:Invoking command in '/home/ben/Documents/master_thesis/code/uwb_online_initialisation_simulator/src/matplotlib_visualisation': PYTHONPATH=/home/ben/Documents/master_thesis/code/uwb_online_initialisation_simulator/src/build/matplotlib_visualisation/prefix_override:/usr/lib/python3/dist-packages/colcon_core/task/python/colcon_distutils_commands:/home/ben/Documents/master_thesis/code/uwb_online_initialisation_simulator/src/install/matplotlib_visualisation/lib/python3.10/site-packages:${PYTHONPATH} /usr/bin/python3 -W ignore:setup.py install is deprecated setup.py egg_info --egg-base ../build/matplotlib_visualisation build --build-base /home/ben/Documents/master_thesis/code/uwb_online_initialisation_simulator/src/build/matplotlib_visualisation/build install --record /home/ben/Documents/master_thesis/code/uwb_online_initialisation_simulator/src/build/matplotlib_visualisation/install.log --single-version-externally-managed install_data
[1.380s] DEBUG:colcon.colcon_core.event_handler.log_command:Invoking command in '/home/ben/Documents/master_thesis/code/uwb_online_initialisation_simulator/src/rl_optimisation': PYTHONPATH=/home/ben/Documents/master_thesis/code/uwb_online_initialisation_simulator/src/build/rl_optimisation/prefix_override:/usr/lib/python3/dist-packages/colcon_core/task/python/colcon_distutils_commands:/home/ben/Documents/master_thesis/code/uwb_online_initialisation_simulator/src/install/rl_optimisation/lib/python3.10/site-packages:${PYTHONPATH} /usr/bin/python3 -W ignore:setup.py install is deprecated setup.py egg_info --egg-base ../build/rl_optimisation build --build-base /home/ben/Documents/master_thesis/code/uwb_online_initialisation_simulator/src/build/rl_optimisation/build install --record /home/ben/Documents/master_thesis/code/uwb_online_initialisation_simulator/src/build/rl_optimisation/install.log --single-version-externally-managed install_data
[2.000s] DEBUG:colcon.colcon_core.event_handler.log_command:Invoked command in '/home/ben/Documents/master_thesis/code/uwb_online_initialisation_simulator/src/build/sim_interfaces' returned '0': CMAKE_PREFIX_PATH=${CMAKE_PREFIX_PATH}:/home/ben/Documents/master_thesis/code/uwb_online_initialisation_simulator/install/online_uwb_initialisation:/home/ben/Documents/master_thesis/code/uwb_online_initialisation_simulator/install/drone_uwb_simulator:/home/ben/Documents/master_thesis/code/uwb_online_initialisation_simulator/install/rl_optimisation:/home/ben/Documents/master_thesis/code/uwb_online_initialisation_simulator/install/matplotlib_visualisation:/opt/ros/humble /usr/bin/cmake /home/ben/Documents/master_thesis/code/uwb_online_initialisation_simulator/src/sim_interfaces -DCMAKE_INSTALL_PREFIX=/home/ben/Documents/master_thesis/code/uwb_online_initialisation_simulator/src/install/sim_interfaces
[2.002s] DEBUG:colcon.colcon_core.event_handler.log_command:Invoking command in '/home/ben/Documents/master_thesis/code/uwb_online_initialisation_simulator/src/build/sim_interfaces': CMAKE_PREFIX_PATH=${CMAKE_PREFIX_PATH}:/home/ben/Documents/master_thesis/code/uwb_online_initialisation_simulator/install/online_uwb_initialisation:/home/ben/Documents/master_thesis/code/uwb_online_initialisation_simulator/install/drone_uwb_simulator:/home/ben/Documents/master_thesis/code/uwb_online_initialisation_simulator/install/rl_optimisation:/home/ben/Documents/master_thesis/code/uwb_online_initialisation_simulator/install/matplotlib_visualisation:/opt/ros/humble /usr/bin/cmake --build /home/ben/Documents/master_thesis/code/uwb_online_initialisation_simulator/src/build/sim_interfaces -- -j16 -l16
[2.599s] DEBUG:colcon.colcon_core.event_handler.log_command:Invoked command in '/home/ben/Documents/master_thesis/code/uwb_online_initialisation_simulator/src/matplotlib_visualisation' returned '0': PYTHONPATH=/home/ben/Documents/master_thesis/code/uwb_online_initialisation_simulator/src/build/matplotlib_visualisation/prefix_override:/usr/lib/python3/dist-packages/colcon_core/task/python/colcon_distutils_commands:/home/ben/Documents/master_thesis/code/uwb_online_initialisation_simulator/src/install/matplotlib_visualisation/lib/python3.10/site-packages:${PYTHONPATH} /usr/bin/python3 -W ignore:setup.py install is deprecated setup.py egg_info --egg-base ../build/matplotlib_visualisation build --build-base /home/ben/Documents/master_thesis/code/uwb_online_initialisation_simulator/src/build/matplotlib_visualisation/build install --record /home/ben/Documents/master_thesis/code/uwb_online_initialisation_simulator/src/build/matplotlib_visualisation/install.log --single-version-externally-managed install_data
[2.601s] Level 1:colcon.colcon_core.environment:checking '/home/ben/Documents/master_thesis/code/uwb_online_initialisation_simulator/src/install/matplotlib_visualisation' for CMake module files
[2.602s] Level 1:colcon.colcon_core.environment:checking '/home/ben/Documents/master_thesis/code/uwb_online_initialisation_simulator/src/install/matplotlib_visualisation' for CMake config files
[2.602s] Level 1:colcon.colcon_core.environment:checking '/home/ben/Documents/master_thesis/code/uwb_online_initialisation_simulator/src/install/matplotlib_visualisation/lib'
[2.602s] Level 1:colcon.colcon_core.environment:checking '/home/ben/Documents/master_thesis/code/uwb_online_initialisation_simulator/src/install/matplotlib_visualisation/bin'
[2.603s] Level 1:colcon.colcon_core.environment:checking '/home/ben/Documents/master_thesis/code/uwb_online_initialisation_simulator/src/install/matplotlib_visualisation/lib/pkgconfig/matplotlib_visualisation.pc'
[2.603s] Level 1:colcon.colcon_core.environment:checking '/home/ben/Documents/master_thesis/code/uwb_online_initialisation_simulator/src/install/matplotlib_visualisation/lib/python3.10/site-packages'
[2.603s] Level 1:colcon.colcon_core.shell:create_environment_hook('matplotlib_visualisation', 'pythonpath')
[2.603s] INFO:colcon.colcon_core.shell:Creating environment hook '/home/ben/Documents/master_thesis/code/uwb_online_initialisation_simulator/src/install/matplotlib_visualisation/share/matplotlib_visualisation/hook/pythonpath.ps1'
[2.603s] INFO:colcon.colcon_core.shell:Creating environment descriptor '/home/ben/Documents/master_thesis/code/uwb_online_initialisation_simulator/src/install/matplotlib_visualisation/share/matplotlib_visualisation/hook/pythonpath.dsv'
[2.604s] INFO:colcon.colcon_core.shell:Creating environment hook '/home/ben/Documents/master_thesis/code/uwb_online_initialisation_simulator/src/install/matplotlib_visualisation/share/matplotlib_visualisation/hook/pythonpath.sh'
[2.604s] Level 1:colcon.colcon_core.environment:checking '/home/ben/Documents/master_thesis/code/uwb_online_initialisation_simulator/src/install/matplotlib_visualisation/bin'
[2.604s] Level 1:colcon.colcon_core.environment:create_environment_scripts_only(matplotlib_visualisation)
[2.604s] INFO:colcon.colcon_core.shell:Creating package script '/home/ben/Documents/master_thesis/code/uwb_online_initialisation_simulator/src/install/matplotlib_visualisation/share/matplotlib_visualisation/package.ps1'
[2.605s] INFO:colcon.colcon_core.shell:Creating package descriptor '/home/ben/Documents/master_thesis/code/uwb_online_initialisation_simulator/src/install/matplotlib_visualisation/share/matplotlib_visualisation/package.dsv'
[2.605s] INFO:colcon.colcon_core.shell:Creating package script '/home/ben/Documents/master_thesis/code/uwb_online_initialisation_simulator/src/install/matplotlib_visualisation/share/matplotlib_visualisation/package.sh'
[2.606s] INFO:colcon.colcon_core.shell:Creating package script '/home/ben/Documents/master_thesis/code/uwb_online_initialisation_simulator/src/install/matplotlib_visualisation/share/matplotlib_visualisation/package.bash'
[2.607s] INFO:colcon.colcon_core.shell:Creating package script '/home/ben/Documents/master_thesis/code/uwb_online_initialisation_simulator/src/install/matplotlib_visualisation/share/matplotlib_visualisation/package.zsh'
[2.607s] Level 1:colcon.colcon_core.environment:create_file_with_runtime_dependencies(/home/ben/Documents/master_thesis/code/uwb_online_initialisation_simulator/src/install/matplotlib_visualisation/share/colcon-core/packages/matplotlib_visualisation)
[2.679s] Level 1:colcon.colcon_core.environment:checking '/home/ben/Documents/master_thesis/code/uwb_online_initialisation_simulator/src/install/rl_optimisation' for CMake module files
[2.680s] DEBUG:colcon.colcon_core.event_handler.log_command:Invoked command in '/home/ben/Documents/master_thesis/code/uwb_online_initialisation_simulator/src/rl_optimisation' returned '0': PYTHONPATH=/home/ben/Documents/master_thesis/code/uwb_online_initialisation_simulator/src/build/rl_optimisation/prefix_override:/usr/lib/python3/dist-packages/colcon_core/task/python/colcon_distutils_commands:/home/ben/Documents/master_thesis/code/uwb_online_initialisation_simulator/src/install/rl_optimisation/lib/python3.10/site-packages:${PYTHONPATH} /usr/bin/python3 -W ignore:setup.py install is deprecated setup.py egg_info --egg-base ../build/rl_optimisation build --build-base /home/ben/Documents/master_thesis/code/uwb_online_initialisation_simulator/src/build/rl_optimisation/build install --record /home/ben/Documents/master_thesis/code/uwb_online_initialisation_simulator/src/build/rl_optimisation/install.log --single-version-externally-managed install_data
[2.680s] Level 1:colcon.colcon_core.environment:checking '/home/ben/Documents/master_thesis/code/uwb_online_initialisation_simulator/src/install/rl_optimisation' for CMake config files
[2.681s] Level 1:colcon.colcon_core.environment:checking '/home/ben/Documents/master_thesis/code/uwb_online_initialisation_simulator/src/install/rl_optimisation/lib'
[2.681s] Level 1:colcon.colcon_core.environment:checking '/home/ben/Documents/master_thesis/code/uwb_online_initialisation_simulator/src/install/rl_optimisation/bin'
[2.681s] Level 1:colcon.colcon_core.environment:checking '/home/ben/Documents/master_thesis/code/uwb_online_initialisation_simulator/src/install/rl_optimisation/lib/pkgconfig/rl_optimisation.pc'
[2.682s] Level 1:colcon.colcon_core.environment:checking '/home/ben/Documents/master_thesis/code/uwb_online_initialisation_simulator/src/install/rl_optimisation/lib/python3.10/site-packages'
[2.682s] Level 1:colcon.colcon_core.shell:create_environment_hook('rl_optimisation', 'pythonpath')
[2.682s] INFO:colcon.colcon_core.shell:Creating environment hook '/home/ben/Documents/master_thesis/code/uwb_online_initialisation_simulator/src/install/rl_optimisation/share/rl_optimisation/hook/pythonpath.ps1'
[2.682s] INFO:colcon.colcon_core.shell:Creating environment descriptor '/home/ben/Documents/master_thesis/code/uwb_online_initialisation_simulator/src/install/rl_optimisation/share/rl_optimisation/hook/pythonpath.dsv'
[2.683s] INFO:colcon.colcon_core.shell:Creating environment hook '/home/ben/Documents/master_thesis/code/uwb_online_initialisation_simulator/src/install/rl_optimisation/share/rl_optimisation/hook/pythonpath.sh'
[2.683s] Level 1:colcon.colcon_core.environment:checking '/home/ben/Documents/master_thesis/code/uwb_online_initialisation_simulator/src/install/rl_optimisation/bin'
[2.683s] Level 1:colcon.colcon_core.environment:create_environment_scripts_only(rl_optimisation)
[2.683s] INFO:colcon.colcon_core.shell:Creating package script '/home/ben/Documents/master_thesis/code/uwb_online_initialisation_simulator/src/install/rl_optimisation/share/rl_optimisation/package.ps1'
[2.684s] INFO:colcon.colcon_core.shell:Creating package descriptor '/home/ben/Documents/master_thesis/code/uwb_online_initialisation_simulator/src/install/rl_optimisation/share/rl_optimisation/package.dsv'
[2.684s] INFO:colcon.colcon_core.shell:Creating package script '/home/ben/Documents/master_thesis/code/uwb_online_initialisation_simulator/src/install/rl_optimisation/share/rl_optimisation/package.sh'
[2.684s] INFO:colcon.colcon_core.shell:Creating package script '/home/ben/Documents/master_thesis/code/uwb_online_initialisation_simulator/src/install/rl_optimisation/share/rl_optimisation/package.bash'
[2.685s] INFO:colcon.colcon_core.shell:Creating package script '/home/ben/Documents/master_thesis/code/uwb_online_initialisation_simulator/src/install/rl_optimisation/share/rl_optimisation/package.zsh'
[2.685s] Level 1:colcon.colcon_core.environment:create_file_with_runtime_dependencies(/home/ben/Documents/master_thesis/code/uwb_online_initialisation_simulator/src/install/rl_optimisation/share/colcon-core/packages/rl_optimisation)
[8.200s] DEBUG:colcon.colcon_core.event_handler.log_command:Invoked command in '/home/ben/Documents/master_thesis/code/uwb_online_initialisation_simulator/src/build/sim_interfaces' returned '0': CMAKE_PREFIX_PATH=${CMAKE_PREFIX_PATH}:/home/ben/Documents/master_thesis/code/uwb_online_initialisation_simulator/install/online_uwb_initialisation:/home/ben/Documents/master_thesis/code/uwb_online_initialisation_simulator/install/drone_uwb_simulator:/home/ben/Documents/master_thesis/code/uwb_online_initialisation_simulator/install/rl_optimisation:/home/ben/Documents/master_thesis/code/uwb_online_initialisation_simulator/install/matplotlib_visualisation:/opt/ros/humble /usr/bin/cmake --build /home/ben/Documents/master_thesis/code/uwb_online_initialisation_simulator/src/build/sim_interfaces -- -j16 -l16
[8.470s] DEBUG:colcon.colcon_core.event_handler.log_command:Invoking command in '/home/ben/Documents/master_thesis/code/uwb_online_initialisation_simulator/src/build/sim_interfaces': CMAKE_PREFIX_PATH=${CMAKE_PREFIX_PATH}:/home/ben/Documents/master_thesis/code/uwb_online_initialisation_simulator/install/online_uwb_initialisation:/home/ben/Documents/master_thesis/code/uwb_online_initialisation_simulator/install/drone_uwb_simulator:/home/ben/Documents/master_thesis/code/uwb_online_initialisation_simulator/install/rl_optimisation:/home/ben/Documents/master_thesis/code/uwb_online_initialisation_simulator/install/matplotlib_visualisation:/opt/ros/humble /usr/bin/cmake --install /home/ben/Documents/master_thesis/code/uwb_online_initialisation_simulator/src/build/sim_interfaces
[8.607s] Level 1:colcon.colcon_core.environment:create_environment_scripts_only(sim_interfaces)
[8.608s] Level 1:colcon.colcon_core.environment:checking '/home/ben/Documents/master_thesis/code/uwb_online_initialisation_simulator/src/install/sim_interfaces' for CMake module files
[8.608s] DEBUG:colcon.colcon_core.event_handler.log_command:Invoked command in '/home/ben/Documents/master_thesis/code/uwb_online_initialisation_simulator/src/build/sim_interfaces' returned '0': CMAKE_PREFIX_PATH=${CMAKE_PREFIX_PATH}:/home/ben/Documents/master_thesis/code/uwb_online_initialisation_simulator/install/online_uwb_initialisation:/home/ben/Documents/master_thesis/code/uwb_online_initialisation_simulator/install/drone_uwb_simulator:/home/ben/Documents/master_thesis/code/uwb_online_initialisation_simulator/install/rl_optimisation:/home/ben/Documents/master_thesis/code/uwb_online_initialisation_simulator/install/matplotlib_visualisation:/opt/ros/humble /usr/bin/cmake --install /home/ben/Documents/master_thesis/code/uwb_online_initialisation_simulator/src/build/sim_interfaces
[8.609s] Level 1:colcon.colcon_core.environment:checking '/home/ben/Documents/master_thesis/code/uwb_online_initialisation_simulator/src/install/sim_interfaces' for CMake config files
[8.609s] Level 1:colcon.colcon_core.shell:create_environment_hook('sim_interfaces', 'cmake_prefix_path')
[8.610s] INFO:colcon.colcon_core.shell:Creating environment hook '/home/ben/Documents/master_thesis/code/uwb_online_initialisation_simulator/src/install/sim_interfaces/share/sim_interfaces/hook/cmake_prefix_path.ps1'
[8.610s] INFO:colcon.colcon_core.shell:Creating environment descriptor '/home/ben/Documents/master_thesis/code/uwb_online_initialisation_simulator/src/install/sim_interfaces/share/sim_interfaces/hook/cmake_prefix_path.dsv'
[8.610s] INFO:colcon.colcon_core.shell:Creating environment hook '/home/ben/Documents/master_thesis/code/uwb_online_initialisation_simulator/src/install/sim_interfaces/share/sim_interfaces/hook/cmake_prefix_path.sh'
[8.611s] Level 1:colcon.colcon_core.environment:checking '/home/ben/Documents/master_thesis/code/uwb_online_initialisation_simulator/src/install/sim_interfaces/lib'
[8.611s] Level 1:colcon.colcon_core.shell:create_environment_hook('sim_interfaces', 'ld_library_path_lib')
[8.611s] INFO:colcon.colcon_core.shell:Creating environment hook '/home/ben/Documents/master_thesis/code/uwb_online_initialisation_simulator/src/install/sim_interfaces/share/sim_interfaces/hook/ld_library_path_lib.ps1'
[8.612s] INFO:colcon.colcon_core.shell:Creating environment descriptor '/home/ben/Documents/master_thesis/code/uwb_online_initialisation_simulator/src/install/sim_interfaces/share/sim_interfaces/hook/ld_library_path_lib.dsv'
[8.612s] INFO:colcon.colcon_core.shell:Creating environment hook '/home/ben/Documents/master_thesis/code/uwb_online_initialisation_simulator/src/install/sim_interfaces/share/sim_interfaces/hook/ld_library_path_lib.sh'
[8.612s] Level 1:colcon.colcon_core.environment:checking '/home/ben/Documents/master_thesis/code/uwb_online_initialisation_simulator/src/install/sim_interfaces/bin'
[8.612s] Level 1:colcon.colcon_core.environment:checking '/home/ben/Documents/master_thesis/code/uwb_online_initialisation_simulator/src/install/sim_interfaces/lib/pkgconfig/sim_interfaces.pc'
[8.613s] Level 1:colcon.colcon_core.environment:checking '/home/ben/Documents/master_thesis/code/uwb_online_initialisation_simulator/src/install/sim_interfaces/lib/python3.10/site-packages'
[8.613s] Level 1:colcon.colcon_core.environment:checking '/home/ben/Documents/master_thesis/code/uwb_online_initialisation_simulator/src/install/sim_interfaces/bin'
[8.613s] INFO:colcon.colcon_core.shell:Creating package script '/home/ben/Documents/master_thesis/code/uwb_online_initialisation_simulator/src/install/sim_interfaces/share/sim_interfaces/package.ps1'
[8.613s] INFO:colcon.colcon_core.shell:Creating package descriptor '/home/ben/Documents/master_thesis/code/uwb_online_initialisation_simulator/src/install/sim_interfaces/share/sim_interfaces/package.dsv'
[8.614s] INFO:colcon.colcon_core.shell:Creating package script '/home/ben/Documents/master_thesis/code/uwb_online_initialisation_simulator/src/install/sim_interfaces/share/sim_interfaces/package.sh'
[8.614s] INFO:colcon.colcon_core.shell:Creating package script '/home/ben/Documents/master_thesis/code/uwb_online_initialisation_simulator/src/install/sim_interfaces/share/sim_interfaces/package.bash'
[8.614s] INFO:colcon.colcon_core.shell:Creating package script '/home/ben/Documents/master_thesis/code/uwb_online_initialisation_simulator/src/install/sim_interfaces/share/sim_interfaces/package.zsh'
[8.615s] Level 1:colcon.colcon_core.environment:create_file_with_runtime_dependencies(/home/ben/Documents/master_thesis/code/uwb_online_initialisation_simulator/src/install/sim_interfaces/share/colcon-core/packages/sim_interfaces)
[8.900s] Level 1:colcon.colcon_core.environment:create_environment_scripts_only(sim_interfaces)
[8.901s] Level 1:colcon.colcon_core.environment:checking '/home/ben/Documents/master_thesis/code/uwb_online_initialisation_simulator/src/install/sim_interfaces' for CMake module files
[8.901s] Level 1:colcon.colcon_core.environment:checking '/home/ben/Documents/master_thesis/code/uwb_online_initialisation_simulator/src/install/sim_interfaces' for CMake config files
[8.902s] Level 1:colcon.colcon_core.shell:create_environment_hook('sim_interfaces', 'cmake_prefix_path')
[8.902s] INFO:colcon.colcon_core.shell:Creating environment hook '/home/ben/Documents/master_thesis/code/uwb_online_initialisation_simulator/src/install/sim_interfaces/share/sim_interfaces/hook/cmake_prefix_path.ps1'
[8.902s] INFO:colcon.colcon_core.shell:Creating environment descriptor '/home/ben/Documents/master_thesis/code/uwb_online_initialisation_simulator/src/install/sim_interfaces/share/sim_interfaces/hook/cmake_prefix_path.dsv'
[8.903s] INFO:colcon.colcon_core.shell:Creating environment hook '/home/ben/Documents/master_thesis/code/uwb_online_initialisation_simulator/src/install/sim_interfaces/share/sim_interfaces/hook/cmake_prefix_path.sh'
[8.903s] Level 1:colcon.colcon_core.environment:checking '/home/ben/Documents/master_thesis/code/uwb_online_initialisation_simulator/src/install/sim_interfaces/lib'
[8.903s] Level 1:colcon.colcon_core.shell:create_environment_hook('sim_interfaces', 'ld_library_path_lib')
[8.904s] INFO:colcon.colcon_core.shell:Creating environment hook '/home/ben/Documents/master_thesis/code/uwb_online_initialisation_simulator/src/install/sim_interfaces/share/sim_interfaces/hook/ld_library_path_lib.ps1'
[8.904s] INFO:colcon.colcon_core.shell:Creating environment descriptor '/home/ben/Documents/master_thesis/code/uwb_online_initialisation_simulator/src/install/sim_interfaces/share/sim_interfaces/hook/ld_library_path_lib.dsv'
[8.904s] INFO:colcon.colcon_core.shell:Creating environment hook '/home/ben/Documents/master_thesis/code/uwb_online_initialisation_simulator/src/install/sim_interfaces/share/sim_interfaces/hook/ld_library_path_lib.sh'
[8.905s] Level 1:colcon.colcon_core.environment:checking '/home/ben/Documents/master_thesis/code/uwb_online_initialisation_simulator/src/install/sim_interfaces/bin'
[8.905s] Level 1:colcon.colcon_core.environment:checking '/home/ben/Documents/master_thesis/code/uwb_online_initialisation_simulator/src/install/sim_interfaces/lib/pkgconfig/sim_interfaces.pc'
[8.905s] Level 1:colcon.colcon_core.environment:checking '/home/ben/Documents/master_thesis/code/uwb_online_initialisation_simulator/src/install/sim_interfaces/lib/python3.10/site-packages'
[8.905s] Level 1:colcon.colcon_core.environment:checking '/home/ben/Documents/master_thesis/code/uwb_online_initialisation_simulator/src/install/sim_interfaces/bin'
[8.905s] INFO:colcon.colcon_core.shell:Creating package script '/home/ben/Documents/master_thesis/code/uwb_online_initialisation_simulator/src/install/sim_interfaces/share/sim_interfaces/package.ps1'
[8.906s] INFO:colcon.colcon_core.shell:Creating package descriptor '/home/ben/Documents/master_thesis/code/uwb_online_initialisation_simulator/src/install/sim_interfaces/share/sim_interfaces/package.dsv'
[8.906s] INFO:colcon.colcon_core.shell:Creating package script '/home/ben/Documents/master_thesis/code/uwb_online_initialisation_simulator/src/install/sim_interfaces/share/sim_interfaces/package.sh'
[8.907s] INFO:colcon.colcon_core.shell:Creating package script '/home/ben/Documents/master_thesis/code/uwb_online_initialisation_simulator/src/install/sim_interfaces/share/sim_interfaces/package.bash'
[8.907s] INFO:colcon.colcon_core.shell:Creating package script '/home/ben/Documents/master_thesis/code/uwb_online_initialisation_simulator/src/install/sim_interfaces/share/sim_interfaces/package.zsh'
[8.907s] Level 1:colcon.colcon_core.environment:create_file_with_runtime_dependencies(/home/ben/Documents/master_thesis/code/uwb_online_initialisation_simulator/src/install/sim_interfaces/share/colcon-core/packages/sim_interfaces)
[8.908s] INFO:colcon.colcon_ros.task.ament_python.build:Building ROS package in '/home/ben/Documents/master_thesis/code/uwb_online_initialisation_simulator/src/drone_uwb_simulator' with build type 'ament_python'
[8.908s] Level 1:colcon.colcon_core.shell:create_environment_hook('drone_uwb_simulator', 'ament_prefix_path')
[8.908s] INFO:colcon.colcon_core.shell:Creating environment hook '/home/ben/Documents/master_thesis/code/uwb_online_initialisation_simulator/src/install/drone_uwb_simulator/share/drone_uwb_simulator/hook/ament_prefix_path.ps1'
[8.909s] INFO:colcon.colcon_core.shell:Creating environment descriptor '/home/ben/Documents/master_thesis/code/uwb_online_initialisation_simulator/src/install/drone_uwb_simulator/share/drone_uwb_simulator/hook/ament_prefix_path.dsv'
[8.909s] INFO:colcon.colcon_core.shell:Creating environment hook '/home/ben/Documents/master_thesis/code/uwb_online_initialisation_simulator/src/install/drone_uwb_simulator/share/drone_uwb_simulator/hook/ament_prefix_path.sh'
[8.910s] INFO:colcon.colcon_core.shell:Skip shell extension 'powershell' for command environment: Not usable outside of PowerShell
[8.910s] DEBUG:colcon.colcon_core.shell:Skip shell extension 'dsv' for command environment
[8.915s] INFO:colcon.colcon_ros.task.ament_python.build:Building ROS package in '/home/ben/Documents/master_thesis/code/uwb_online_initialisation_simulator/src/online_uwb_initialisation' with build type 'ament_python'
[8.915s] Level 1:colcon.colcon_core.shell:create_environment_hook('online_uwb_initialisation', 'ament_prefix_path')
[8.915s] INFO:colcon.colcon_core.shell:Creating environment hook '/home/ben/Documents/master_thesis/code/uwb_online_initialisation_simulator/src/install/online_uwb_initialisation/share/online_uwb_initialisation/hook/ament_prefix_path.ps1'
[8.916s] INFO:colcon.colcon_core.shell:Creating environment descriptor '/home/ben/Documents/master_thesis/code/uwb_online_initialisation_simulator/src/install/online_uwb_initialisation/share/online_uwb_initialisation/hook/ament_prefix_path.dsv'
[8.916s] INFO:colcon.colcon_core.shell:Creating environment hook '/home/ben/Documents/master_thesis/code/uwb_online_initialisation_simulator/src/install/online_uwb_initialisation/share/online_uwb_initialisation/hook/ament_prefix_path.sh'
[8.917s] INFO:colcon.colcon_core.shell:Skip shell extension 'powershell' for command environment: Not usable outside of PowerShell
[8.917s] DEBUG:colcon.colcon_core.shell:Skip shell extension 'dsv' for command environment
[9.259s] INFO:colcon.colcon_core.task.python.build:Building Python package in '/home/ben/Documents/master_thesis/code/uwb_online_initialisation_simulator/src/drone_uwb_simulator'
[9.259s] INFO:colcon.colcon_core.shell:Skip shell extension 'powershell' for command environment: Not usable outside of PowerShell
[9.259s] DEBUG:colcon.colcon_core.shell:Skip shell extension 'dsv' for command environment
[9.554s] INFO:colcon.colcon_core.task.python.build:Building Python package in '/home/ben/Documents/master_thesis/code/uwb_online_initialisation_simulator/src/online_uwb_initialisation'
[9.555s] INFO:colcon.colcon_core.shell:Skip shell extension 'powershell' for command environment: Not usable outside of PowerShell
[9.555s] DEBUG:colcon.colcon_core.shell:Skip shell extension 'dsv' for command environment
[10.249s] DEBUG:colcon.colcon_core.event_handler.log_command:Invoking command in '/home/ben/Documents/master_thesis/code/uwb_online_initialisation_simulator/src/online_uwb_initialisation': AMENT_PREFIX_PATH=/home/ben/Documents/master_thesis/code/uwb_online_initialisation_simulator/src/install/sim_interfaces:${AMENT_PREFIX_PATH} CMAKE_PREFIX_PATH=/home/ben/Documents/master_thesis/code/uwb_online_initialisation_simulator/src/install/sim_interfaces:${CMAKE_PREFIX_PATH} LD_LIBRARY_PATH=/home/ben/Documents/master_thesis/code/uwb_online_initialisation_simulator/src/install/sim_interfaces/lib:${LD_LIBRARY_PATH} PYTHONPATH=/home/ben/Documents/master_thesis/code/uwb_online_initialisation_simulator/src/build/online_uwb_initialisation/prefix_override:/usr/lib/python3/dist-packages/colcon_core/task/python/colcon_distutils_commands:/home/ben/Documents/master_thesis/code/uwb_online_initialisation_simulator/src/install/online_uwb_initialisation/lib/python3.10/site-packages:/home/ben/Documents/master_thesis/code/uwb_online_initialisation_simulator/src/install/sim_interfaces/local/lib/python3.10/dist-packages:${PYTHONPATH} /usr/bin/python3 -W ignore:setup.py install is deprecated setup.py egg_info --egg-base ../build/online_uwb_initialisation build --build-base /home/ben/Documents/master_thesis/code/uwb_online_initialisation_simulator/src/build/online_uwb_initialisation/build install --record /home/ben/Documents/master_thesis/code/uwb_online_initialisation_simulator/src/build/online_uwb_initialisation/install.log --single-version-externally-managed install_data
[10.250s] DEBUG:colcon.colcon_core.event_handler.log_command:Invoking command in '/home/ben/Documents/master_thesis/code/uwb_online_initialisation_simulator/src/drone_uwb_simulator': AMENT_PREFIX_PATH=/home/ben/Documents/master_thesis/code/uwb_online_initialisation_simulator/src/install/sim_interfaces:${AMENT_PREFIX_PATH} CMAKE_PREFIX_PATH=/home/ben/Documents/master_thesis/code/uwb_online_initialisation_simulator/src/install/sim_interfaces:${CMAKE_PREFIX_PATH} LD_LIBRARY_PATH=/home/ben/Documents/master_thesis/code/uwb_online_initialisation_simulator/src/install/sim_interfaces/lib:${LD_LIBRARY_PATH} PYTHONPATH=/home/ben/Documents/master_thesis/code/uwb_online_initialisation_simulator/src/build/drone_uwb_simulator/prefix_override:/usr/lib/python3/dist-packages/colcon_core/task/python/colcon_distutils_commands:/home/ben/Documents/master_thesis/code/uwb_online_initialisation_simulator/src/install/drone_uwb_simulator/lib/python3.10/site-packages:/home/ben/Documents/master_thesis/code/uwb_online_initialisation_simulator/src/install/sim_interfaces/local/lib/python3.10/dist-packages:${PYTHONPATH} /usr/bin/python3 -W ignore:setup.py install is deprecated setup.py egg_info --egg-base ../build/drone_uwb_simulator build --build-base /home/ben/Documents/master_thesis/code/uwb_online_initialisation_simulator/src/build/drone_uwb_simulator/build install --record /home/ben/Documents/master_thesis/code/uwb_online_initialisation_simulator/src/build/drone_uwb_simulator/install.log --single-version-externally-managed install_data
[11.465s] Level 1:colcon.colcon_core.environment:checking '/home/ben/Documents/master_thesis/code/uwb_online_initialisation_simulator/src/install/drone_uwb_simulator' for CMake module files
[11.466s] DEBUG:colcon.colcon_core.event_handler.log_command:Invoked command in '/home/ben/Documents/master_thesis/code/uwb_online_initialisation_simulator/src/drone_uwb_simulator' returned '0': AMENT_PREFIX_PATH=/home/ben/Documents/master_thesis/code/uwb_online_initialisation_simulator/src/install/sim_interfaces:${AMENT_PREFIX_PATH} CMAKE_PREFIX_PATH=/home/ben/Documents/master_thesis/code/uwb_online_initialisation_simulator/src/install/sim_interfaces:${CMAKE_PREFIX_PATH} LD_LIBRARY_PATH=/home/ben/Documents/master_thesis/code/uwb_online_initialisation_simulator/src/install/sim_interfaces/lib:${LD_LIBRARY_PATH} PYTHONPATH=/home/ben/Documents/master_thesis/code/uwb_online_initialisation_simulator/src/build/drone_uwb_simulator/prefix_override:/usr/lib/python3/dist-packages/colcon_core/task/python/colcon_distutils_commands:/home/ben/Documents/master_thesis/code/uwb_online_initialisation_simulator/src/install/drone_uwb_simulator/lib/python3.10/site-packages:/home/ben/Documents/master_thesis/code/uwb_online_initialisation_simulator/src/install/sim_interfaces/local/lib/python3.10/dist-packages:${PYTHONPATH} /usr/bin/python3 -W ignore:setup.py install is deprecated setup.py egg_info --egg-base ../build/drone_uwb_simulator build --build-base /home/ben/Documents/master_thesis/code/uwb_online_initialisation_simulator/src/build/drone_uwb_simulator/build install --record /home/ben/Documents/master_thesis/code/uwb_online_initialisation_simulator/src/build/drone_uwb_simulator/install.log --single-version-externally-managed install_data
[11.466s] Level 1:colcon.colcon_core.environment:checking '/home/ben/Documents/master_thesis/code/uwb_online_initialisation_simulator/src/install/drone_uwb_simulator' for CMake config files
[11.467s] Level 1:colcon.colcon_core.environment:checking '/home/ben/Documents/master_thesis/code/uwb_online_initialisation_simulator/src/install/drone_uwb_simulator/lib'
[11.467s] Level 1:colcon.colcon_core.environment:checking '/home/ben/Documents/master_thesis/code/uwb_online_initialisation_simulator/src/install/drone_uwb_simulator/bin'
[11.467s] Level 1:colcon.colcon_core.environment:checking '/home/ben/Documents/master_thesis/code/uwb_online_initialisation_simulator/src/install/drone_uwb_simulator/lib/pkgconfig/drone_uwb_simulator.pc'
[11.467s] Level 1:colcon.colcon_core.environment:checking '/home/ben/Documents/master_thesis/code/uwb_online_initialisation_simulator/src/install/drone_uwb_simulator/lib/python3.10/site-packages'
[11.467s] Level 1:colcon.colcon_core.shell:create_environment_hook('drone_uwb_simulator', 'pythonpath')
[11.468s] INFO:colcon.colcon_core.shell:Creating environment hook '/home/ben/Documents/master_thesis/code/uwb_online_initialisation_simulator/src/install/drone_uwb_simulator/share/drone_uwb_simulator/hook/pythonpath.ps1'
[11.468s] INFO:colcon.colcon_core.shell:Creating environment descriptor '/home/ben/Documents/master_thesis/code/uwb_online_initialisation_simulator/src/install/drone_uwb_simulator/share/drone_uwb_simulator/hook/pythonpath.dsv'
[11.468s] INFO:colcon.colcon_core.shell:Creating environment hook '/home/ben/Documents/master_thesis/code/uwb_online_initialisation_simulator/src/install/drone_uwb_simulator/share/drone_uwb_simulator/hook/pythonpath.sh'
[11.469s] Level 1:colcon.colcon_core.environment:checking '/home/ben/Documents/master_thesis/code/uwb_online_initialisation_simulator/src/install/drone_uwb_simulator/bin'
[11.469s] Level 1:colcon.colcon_core.environment:create_environment_scripts_only(drone_uwb_simulator)
[11.469s] INFO:colcon.colcon_core.shell:Creating package script '/home/ben/Documents/master_thesis/code/uwb_online_initialisation_simulator/src/install/drone_uwb_simulator/share/drone_uwb_simulator/package.ps1'
[11.469s] INFO:colcon.colcon_core.shell:Creating package descriptor '/home/ben/Documents/master_thesis/code/uwb_online_initialisation_simulator/src/install/drone_uwb_simulator/share/drone_uwb_simulator/package.dsv'
[11.470s] INFO:colcon.colcon_core.shell:Creating package script '/home/ben/Documents/master_thesis/code/uwb_online_initialisation_simulator/src/install/drone_uwb_simulator/share/drone_uwb_simulator/package.sh'
[11.470s] INFO:colcon.colcon_core.shell:Creating package script '/home/ben/Documents/master_thesis/code/uwb_online_initialisation_simulator/src/install/drone_uwb_simulator/share/drone_uwb_simulator/package.bash'
[11.470s] INFO:colcon.colcon_core.shell:Creating package script '/home/ben/Documents/master_thesis/code/uwb_online_initialisation_simulator/src/install/drone_uwb_simulator/share/drone_uwb_simulator/package.zsh'
[11.470s] Level 1:colcon.colcon_core.environment:create_file_with_runtime_dependencies(/home/ben/Documents/master_thesis/code/uwb_online_initialisation_simulator/src/install/drone_uwb_simulator/share/colcon-core/packages/drone_uwb_simulator)
[11.471s] INFO:colcon.colcon_ros.task.ament_cmake.build:Building ROS package in '/home/ben/Documents/master_thesis/code/uwb_online_initialisation_simulator/src/simulator_bringup' with build type 'ament_cmake'
[11.471s] INFO:colcon.colcon_cmake.task.cmake.build:Building CMake package in '/home/ben/Documents/master_thesis/code/uwb_online_initialisation_simulator/src/simulator_bringup'
[11.471s] INFO:colcon.colcon_core.shell:Skip shell extension 'powershell' for command environment: Not usable outside of PowerShell
[11.471s] DEBUG:colcon.colcon_core.shell:Skip shell extension 'dsv' for command environment
[11.483s] DEBUG:colcon.colcon_core.event_handler.log_command:Invoking command in '/home/ben/Documents/master_thesis/code/uwb_online_initialisation_simulator/src/build/simulator_bringup': AMENT_PREFIX_PATH=/home/ben/Documents/master_thesis/code/uwb_online_initialisation_simulator/src/install/drone_uwb_simulator:/home/ben/Documents/master_thesis/code/uwb_online_initialisation_simulator/src/install/sim_interfaces:${AMENT_PREFIX_PATH} CMAKE_PREFIX_PATH=/home/ben/Documents/master_thesis/code/uwb_online_initialisation_simulator/src/install/sim_interfaces:/home/ben/Documents/master_thesis/code/uwb_online_initialisation_simulator/install/simulator_bringup:/home/ben/Documents/master_thesis/code/uwb_online_initialisation_simulator/install/sim_interfaces:/home/ben/Documents/master_thesis/code/uwb_online_initialisation_simulator/install/online_uwb_initialisation:/home/ben/Documents/master_thesis/code/uwb_online_initialisation_simulator/install/drone_uwb_simulator:/home/ben/Documents/master_thesis/code/uwb_online_initialisation_simulator/install/rl_optimisation:/home/ben/Documents/master_thesis/code/uwb_online_initialisation_simulator/install/matplotlib_visualisation:/opt/ros/humble LD_LIBRARY_PATH=/home/ben/Documents/master_thesis/code/uwb_online_initialisation_simulator/src/install/sim_interfaces/lib:${LD_LIBRARY_PATH} PYTHONPATH=/home/ben/Documents/master_thesis/code/uwb_online_initialisation_simulator/src/install/drone_uwb_simulator/lib/python3.10/site-packages:/home/ben/Documents/master_thesis/code/uwb_online_initialisation_simulator/src/install/sim_interfaces/local/lib/python3.10/dist-packages:${PYTHONPATH} /usr/bin/cmake /home/ben/Documents/master_thesis/code/uwb_online_initialisation_simulator/src/simulator_bringup -DCMAKE_INSTALL_PREFIX=/home/ben/Documents/master_thesis/code/uwb_online_initialisation_simulator/src/install/simulator_bringup
[11.565s] Level 1:colcon.colcon_core.environment:checking '/home/ben/Documents/master_thesis/code/uwb_online_initialisation_simulator/src/install/online_uwb_initialisation' for CMake module files
[11.565s] DEBUG:colcon.colcon_core.event_handler.log_command:Invoked command in '/home/ben/Documents/master_thesis/code/uwb_online_initialisation_simulator/src/online_uwb_initialisation' returned '0': AMENT_PREFIX_PATH=/home/ben/Documents/master_thesis/code/uwb_online_initialisation_simulator/src/install/sim_interfaces:${AMENT_PREFIX_PATH} CMAKE_PREFIX_PATH=/home/ben/Documents/master_thesis/code/uwb_online_initialisation_simulator/src/install/sim_interfaces:${CMAKE_PREFIX_PATH} LD_LIBRARY_PATH=/home/ben/Documents/master_thesis/code/uwb_online_initialisation_simulator/src/install/sim_interfaces/lib:${LD_LIBRARY_PATH} PYTHONPATH=/home/ben/Documents/master_thesis/code/uwb_online_initialisation_simulator/src/build/online_uwb_initialisation/prefix_override:/usr/lib/python3/dist-packages/colcon_core/task/python/colcon_distutils_commands:/home/ben/Documents/master_thesis/code/uwb_online_initialisation_simulator/src/install/online_uwb_initialisation/lib/python3.10/site-packages:/home/ben/Documents/master_thesis/code/uwb_online_initialisation_simulator/src/install/sim_interfaces/local/lib/python3.10/dist-packages:${PYTHONPATH} /usr/bin/python3 -W ignore:setup.py install is deprecated setup.py egg_info --egg-base ../build/online_uwb_initialisation build --build-base /home/ben/Documents/master_thesis/code/uwb_online_initialisation_simulator/src/build/online_uwb_initialisation/build install --record /home/ben/Documents/master_thesis/code/uwb_online_initialisation_simulator/src/build/online_uwb_initialisation/install.log --single-version-externally-managed install_data
[11.565s] Level 1:colcon.colcon_core.environment:checking '/home/ben/Documents/master_thesis/code/uwb_online_initialisation_simulator/src/install/online_uwb_initialisation' for CMake config files
[11.566s] Level 1:colcon.colcon_core.environment:checking '/home/ben/Documents/master_thesis/code/uwb_online_initialisation_simulator/src/install/online_uwb_initialisation/lib'
[11.566s] Level 1:colcon.colcon_core.environment:checking '/home/ben/Documents/master_thesis/code/uwb_online_initialisation_simulator/src/install/online_uwb_initialisation/bin'
[11.566s] Level 1:colcon.colcon_core.environment:checking '/home/ben/Documents/master_thesis/code/uwb_online_initialisation_simulator/src/install/online_uwb_initialisation/lib/pkgconfig/online_uwb_initialisation.pc'
[11.567s] Level 1:colcon.colcon_core.environment:checking '/home/ben/Documents/master_thesis/code/uwb_online_initialisation_simulator/src/install/online_uwb_initialisation/lib/python3.10/site-packages'
[11.567s] Level 1:colcon.colcon_core.shell:create_environment_hook('online_uwb_initialisation', 'pythonpath')
[11.567s] INFO:colcon.colcon_core.shell:Creating environment hook '/home/ben/Documents/master_thesis/code/uwb_online_initialisation_simulator/src/install/online_uwb_initialisation/share/online_uwb_initialisation/hook/pythonpath.ps1'
[11.567s] INFO:colcon.colcon_core.shell:Creating environment descriptor '/home/ben/Documents/master_thesis/code/uwb_online_initialisation_simulator/src/install/online_uwb_initialisation/share/online_uwb_initialisation/hook/pythonpath.dsv'
[11.568s] INFO:colcon.colcon_core.shell:Creating environment hook '/home/ben/Documents/master_thesis/code/uwb_online_initialisation_simulator/src/install/online_uwb_initialisation/share/online_uwb_initialisation/hook/pythonpath.sh'
[11.568s] Level 1:colcon.colcon_core.environment:checking '/home/ben/Documents/master_thesis/code/uwb_online_initialisation_simulator/src/install/online_uwb_initialisation/bin'
[11.568s] Level 1:colcon.colcon_core.environment:create_environment_scripts_only(online_uwb_initialisation)
[11.568s] INFO:colcon.colcon_core.shell:Creating package script '/home/ben/Documents/master_thesis/code/uwb_online_initialisation_simulator/src/install/online_uwb_initialisation/share/online_uwb_initialisation/package.ps1'
[11.569s] INFO:colcon.colcon_core.shell:Creating package descriptor '/home/ben/Documents/master_thesis/code/uwb_online_initialisation_simulator/src/install/online_uwb_initialisation/share/online_uwb_initialisation/package.dsv'
[11.569s] INFO:colcon.colcon_core.shell:Creating package script '/home/ben/Documents/master_thesis/code/uwb_online_initialisation_simulator/src/install/online_uwb_initialisation/share/online_uwb_initialisation/package.sh'
[11.569s] INFO:colcon.colcon_core.shell:Creating package script '/home/ben/Documents/master_thesis/code/uwb_online_initialisation_simulator/src/install/online_uwb_initialisation/share/online_uwb_initialisation/package.bash'
[11.570s] INFO:colcon.colcon_core.shell:Creating package script '/home/ben/Documents/master_thesis/code/uwb_online_initialisation_simulator/src/install/online_uwb_initialisation/share/online_uwb_initialisation/package.zsh'
[11.570s] Level 1:colcon.colcon_core.environment:create_file_with_runtime_dependencies(/home/ben/Documents/master_thesis/code/uwb_online_initialisation_simulator/src/install/online_uwb_initialisation/share/colcon-core/packages/online_uwb_initialisation)
[12.376s] DEBUG:colcon.colcon_core.event_handler.log_command:Invoked command in '/home/ben/Documents/master_thesis/code/uwb_online_initialisation_simulator/src/build/simulator_bringup' returned '0': AMENT_PREFIX_PATH=/home/ben/Documents/master_thesis/code/uwb_online_initialisation_simulator/src/install/drone_uwb_simulator:/home/ben/Documents/master_thesis/code/uwb_online_initialisation_simulator/src/install/sim_interfaces:${AMENT_PREFIX_PATH} CMAKE_PREFIX_PATH=/home/ben/Documents/master_thesis/code/uwb_online_initialisation_simulator/src/install/sim_interfaces:/home/ben/Documents/master_thesis/code/uwb_online_initialisation_simulator/install/simulator_bringup:/home/ben/Documents/master_thesis/code/uwb_online_initialisation_simulator/install/sim_interfaces:/home/ben/Documents/master_thesis/code/uwb_online_initialisation_simulator/install/online_uwb_initialisation:/home/ben/Documents/master_thesis/code/uwb_online_initialisation_simulator/install/drone_uwb_simulator:/home/ben/Documents/master_thesis/code/uwb_online_initialisation_simulator/install/rl_optimisation:/home/ben/Documents/master_thesis/code/uwb_online_initialisation_simulator/install/matplotlib_visualisation:/opt/ros/humble LD_LIBRARY_PATH=/home/ben/Documents/master_thesis/code/uwb_online_initialisation_simulator/src/install/sim_interfaces/lib:${LD_LIBRARY_PATH} PYTHONPATH=/home/ben/Documents/master_thesis/code/uwb_online_initialisation_simulator/src/install/drone_uwb_simulator/lib/python3.10/site-packages:/home/ben/Documents/master_thesis/code/uwb_online_initialisation_simulator/src/install/sim_interfaces/local/lib/python3.10/dist-packages:${PYTHONPATH} /usr/bin/cmake /home/ben/Documents/master_thesis/code/uwb_online_initialisation_simulator/src/simulator_bringup -DCMAKE_INSTALL_PREFIX=/home/ben/Documents/master_thesis/code/uwb_online_initialisation_simulator/src/install/simulator_bringup
[12.378s] DEBUG:colcon.colcon_core.event_handler.log_command:Invoking command in '/home/ben/Documents/master_thesis/code/uwb_online_initialisation_simulator/src/build/simulator_bringup': AMENT_PREFIX_PATH=/home/ben/Documents/master_thesis/code/uwb_online_initialisation_simulator/src/install/drone_uwb_simulator:/home/ben/Documents/master_thesis/code/uwb_online_initialisation_simulator/src/install/sim_interfaces:${AMENT_PREFIX_PATH} CMAKE_PREFIX_PATH=/home/ben/Documents/master_thesis/code/uwb_online_initialisation_simulator/src/install/sim_interfaces:/home/ben/Documents/master_thesis/code/uwb_online_initialisation_simulator/install/simulator_bringup:/home/ben/Documents/master_thesis/code/uwb_online_initialisation_simulator/install/sim_interfaces:/home/ben/Documents/master_thesis/code/uwb_online_initialisation_simulator/install/online_uwb_initialisation:/home/ben/Documents/master_thesis/code/uwb_online_initialisation_simulator/install/drone_uwb_simulator:/home/ben/Documents/master_thesis/code/uwb_online_initialisation_simulator/install/rl_optimisation:/home/ben/Documents/master_thesis/code/uwb_online_initialisation_simulator/install/matplotlib_visualisation:/opt/ros/humble LD_LIBRARY_PATH=/home/ben/Documents/master_thesis/code/uwb_online_initialisation_simulator/src/install/sim_interfaces/lib:${LD_LIBRARY_PATH} PYTHONPATH=/home/ben/Documents/master_thesis/code/uwb_online_initialisation_simulator/src/install/drone_uwb_simulator/lib/python3.10/site-packages:/home/ben/Documents/master_thesis/code/uwb_online_initialisation_simulator/src/install/sim_interfaces/local/lib/python3.10/dist-packages:${PYTHONPATH} /usr/bin/cmake --build /home/ben/Documents/master_thesis/code/uwb_online_initialisation_simulator/src/build/simulator_bringup -- -j16 -l16
[12.422s] DEBUG:colcon.colcon_core.event_handler.log_command:Invoked command in '/home/ben/Documents/master_thesis/code/uwb_online_initialisation_simulator/src/build/simulator_bringup' returned '0': AMENT_PREFIX_PATH=/home/ben/Documents/master_thesis/code/uwb_online_initialisation_simulator/src/install/drone_uwb_simulator:/home/ben/Documents/master_thesis/code/uwb_online_initialisation_simulator/src/install/sim_interfaces:${AMENT_PREFIX_PATH} CMAKE_PREFIX_PATH=/home/ben/Documents/master_thesis/code/uwb_online_initialisation_simulator/src/install/sim_interfaces:/home/ben/Documents/master_thesis/code/uwb_online_initialisation_simulator/install/simulator_bringup:/home/ben/Documents/master_thesis/code/uwb_online_initialisation_simulator/install/sim_interfaces:/home/ben/Documents/master_thesis/code/uwb_online_initialisation_simulator/install/online_uwb_initialisation:/home/ben/Documents/master_thesis/code/uwb_online_initialisation_simulator/install/drone_uwb_simulator:/home/ben/Documents/master_thesis/code/uwb_online_initialisation_simulator/install/rl_optimisation:/home/ben/Documents/master_thesis/code/uwb_online_initialisation_simulator/install/matplotlib_visualisation:/opt/ros/humble LD_LIBRARY_PATH=/home/ben/Documents/master_thesis/code/uwb_online_initialisation_simulator/src/install/sim_interfaces/lib:${LD_LIBRARY_PATH} PYTHONPATH=/home/ben/Documents/master_thesis/code/uwb_online_initialisation_simulator/src/install/drone_uwb_simulator/lib/python3.10/site-packages:/home/ben/Documents/master_thesis/code/uwb_online_initialisation_simulator/src/install/sim_interfaces/local/lib/python3.10/dist-packages:${PYTHONPATH} /usr/bin/cmake --build /home/ben/Documents/master_thesis/code/uwb_online_initialisation_simulator/src/build/simulator_bringup -- -j16 -l16
[12.446s] DEBUG:colcon.colcon_core.event_handler.log_command:Invoking command in '/home/ben/Documents/master_thesis/code/uwb_online_initialisation_simulator/src/build/simulator_bringup': AMENT_PREFIX_PATH=/home/ben/Documents/master_thesis/code/uwb_online_initialisation_simulator/src/install/drone_uwb_simulator:/home/ben/Documents/master_thesis/code/uwb_online_initialisation_simulator/src/install/sim_interfaces:${AMENT_PREFIX_PATH} CMAKE_PREFIX_PATH=/home/ben/Documents/master_thesis/code/uwb_online_initialisation_simulator/src/install/sim_interfaces:/home/ben/Documents/master_thesis/code/uwb_online_initialisation_simulator/install/simulator_bringup:/home/ben/Documents/master_thesis/code/uwb_online_initialisation_simulator/install/sim_interfaces:/home/ben/Documents/master_thesis/code/uwb_online_initialisation_simulator/install/online_uwb_initialisation:/home/ben/Documents/master_thesis/code/uwb_online_initialisation_simulator/install/drone_uwb_simulator:/home/ben/Documents/master_thesis/code/uwb_online_initialisation_simulator/install/rl_optimisation:/home/ben/Documents/master_thesis/code/uwb_online_initialisation_simulator/install/matplotlib_visualisation:/opt/ros/humble LD_LIBRARY_PATH=/home/ben/Documents/master_thesis/code/uwb_online_initialisation_simulator/src/install/sim_interfaces/lib:${LD_LIBRARY_PATH} PYTHONPATH=/home/ben/Documents/master_thesis/code/uwb_online_initialisation_simulator/src/install/drone_uwb_simulator/lib/python3.10/site-packages:/home/ben/Documents/master_thesis/code/uwb_online_initialisation_simulator/src/install/sim_interfaces/local/lib/python3.10/dist-packages:${PYTHONPATH} /usr/bin/cmake --install /home/ben/Documents/master_thesis/code/uwb_online_initialisation_simulator/src/build/simulator_bringup
[12.459s] Level 1:colcon.colcon_core.environment:create_environment_scripts_only(simulator_bringup)
[12.459s] DEBUG:colcon.colcon_core.event_handler.log_command:Invoked command in '/home/ben/Documents/master_thesis/code/uwb_online_initialisation_simulator/src/build/simulator_bringup' returned '0': AMENT_PREFIX_PATH=/home/ben/Documents/master_thesis/code/uwb_online_initialisation_simulator/src/install/drone_uwb_simulator:/home/ben/Documents/master_thesis/code/uwb_online_initialisation_simulator/src/install/sim_interfaces:${AMENT_PREFIX_PATH} CMAKE_PREFIX_PATH=/home/ben/Documents/master_thesis/code/uwb_online_initialisation_simulator/src/install/sim_interfaces:/home/ben/Documents/master_thesis/code/uwb_online_initialisation_simulator/install/simulator_bringup:/home/ben/Documents/master_thesis/code/uwb_online_initialisation_simulator/install/sim_interfaces:/home/ben/Documents/master_thesis/code/uwb_online_initialisation_simulator/install/online_uwb_initialisation:/home/ben/Documents/master_thesis/code/uwb_online_initialisation_simulator/install/drone_uwb_simulator:/home/ben/Documents/master_thesis/code/uwb_online_initialisation_simulator/install/rl_optimisation:/home/ben/Documents/master_thesis/code/uwb_online_initialisation_simulator/install/matplotlib_visualisation:/opt/ros/humble LD_LIBRARY_PATH=/home/ben/Documents/master_thesis/code/uwb_online_initialisation_simulator/src/install/sim_interfaces/lib:${LD_LIBRARY_PATH} PYTHONPATH=/home/ben/Documents/master_thesis/code/uwb_online_initialisation_simulator/src/install/drone_uwb_simulator/lib/python3.10/site-packages:/home/ben/Documents/master_thesis/code/uwb_online_initialisation_simulator/src/install/sim_interfaces/local/lib/python3.10/dist-packages:${PYTHONPATH} /usr/bin/cmake --install /home/ben/Documents/master_thesis/code/uwb_online_initialisation_simulator/src/build/simulator_bringup
[12.460s] Level 1:colcon.colcon_core.environment:checking '/home/ben/Documents/master_thesis/code/uwb_online_initialisation_simulator/src/install/simulator_bringup' for CMake module files
[12.460s] Level 1:colcon.colcon_core.environment:checking '/home/ben/Documents/master_thesis/code/uwb_online_initialisation_simulator/src/install/simulator_bringup' for CMake config files
[12.461s] Level 1:colcon.colcon_core.shell:create_environment_hook('simulator_bringup', 'cmake_prefix_path')
[12.461s] INFO:colcon.colcon_core.shell:Creating environment hook '/home/ben/Documents/master_thesis/code/uwb_online_initialisation_simulator/src/install/simulator_bringup/share/simulator_bringup/hook/cmake_prefix_path.ps1'
[12.461s] INFO:colcon.colcon_core.shell:Creating environment descriptor '/home/ben/Documents/master_thesis/code/uwb_online_initialisation_simulator/src/install/simulator_bringup/share/simulator_bringup/hook/cmake_prefix_path.dsv'
[12.461s] INFO:colcon.colcon_core.shell:Creating environment hook '/home/ben/Documents/master_thesis/code/uwb_online_initialisation_simulator/src/install/simulator_bringup/share/simulator_bringup/hook/cmake_prefix_path.sh'
[12.462s] Level 1:colcon.colcon_core.environment:checking '/home/ben/Documents/master_thesis/code/uwb_online_initialisation_simulator/src/install/simulator_bringup/bin'
[12.462s] Level 1:colcon.colcon_core.environment:checking '/home/ben/Documents/master_thesis/code/uwb_online_initialisation_simulator/src/install/simulator_bringup/lib/pkgconfig/simulator_bringup.pc'
[12.462s] Level 1:colcon.colcon_core.environment:checking '/home/ben/Documents/master_thesis/code/uwb_online_initialisation_simulator/src/install/simulator_bringup/lib/python3.10/site-packages'
[12.462s] Level 1:colcon.colcon_core.environment:checking '/home/ben/Documents/master_thesis/code/uwb_online_initialisation_simulator/src/install/simulator_bringup/bin'
[12.462s] INFO:colcon.colcon_core.shell:Creating package script '/home/ben/Documents/master_thesis/code/uwb_online_initialisation_simulator/src/install/simulator_bringup/share/simulator_bringup/package.ps1'
[12.463s] INFO:colcon.colcon_core.shell:Creating package descriptor '/home/ben/Documents/master_thesis/code/uwb_online_initialisation_simulator/src/install/simulator_bringup/share/simulator_bringup/package.dsv'
[12.463s] INFO:colcon.colcon_core.shell:Creating package script '/home/ben/Documents/master_thesis/code/uwb_online_initialisation_simulator/src/install/simulator_bringup/share/simulator_bringup/package.sh'
[12.463s] INFO:colcon.colcon_core.shell:Creating package script '/home/ben/Documents/master_thesis/code/uwb_online_initialisation_simulator/src/install/simulator_bringup/share/simulator_bringup/package.bash'
[12.464s] INFO:colcon.colcon_core.shell:Creating package script '/home/ben/Documents/master_thesis/code/uwb_online_initialisation_simulator/src/install/simulator_bringup/share/simulator_bringup/package.zsh'
[12.464s] Level 1:colcon.colcon_core.environment:create_file_with_runtime_dependencies(/home/ben/Documents/master_thesis/code/uwb_online_initialisation_simulator/src/install/simulator_bringup/share/colcon-core/packages/simulator_bringup)
[12.487s] Level 1:colcon.colcon_core.environment:create_environment_scripts_only(simulator_bringup)
[12.487s] Level 1:colcon.colcon_core.environment:checking '/home/ben/Documents/master_thesis/code/uwb_online_initialisation_simulator/src/install/simulator_bringup' for CMake module files
[12.487s] Level 1:colcon.colcon_core.environment:checking '/home/ben/Documents/master_thesis/code/uwb_online_initialisation_simulator/src/install/simulator_bringup' for CMake config files
[12.487s] Level 1:colcon.colcon_core.shell:create_environment_hook('simulator_bringup', 'cmake_prefix_path')
[12.488s] INFO:colcon.colcon_core.shell:Creating environment hook '/home/ben/Documents/master_thesis/code/uwb_online_initialisation_simulator/src/install/simulator_bringup/share/simulator_bringup/hook/cmake_prefix_path.ps1'
[12.488s] INFO:colcon.colcon_core.shell:Creating environment descriptor '/home/ben/Documents/master_thesis/code/uwb_online_initialisation_simulator/src/install/simulator_bringup/share/simulator_bringup/hook/cmake_prefix_path.dsv'
[12.488s] INFO:colcon.colcon_core.shell:Creating environment hook '/home/ben/Documents/master_thesis/code/uwb_online_initialisation_simulator/src/install/simulator_bringup/share/simulator_bringup/hook/cmake_prefix_path.sh'
[12.489s] Level 1:colcon.colcon_core.environment:checking '/home/ben/Documents/master_thesis/code/uwb_online_initialisation_simulator/src/install/simulator_bringup/bin'
[12.489s] Level 1:colcon.colcon_core.environment:checking '/home/ben/Documents/master_thesis/code/uwb_online_initialisation_simulator/src/install/simulator_bringup/lib/pkgconfig/simulator_bringup.pc'
[12.489s] Level 1:colcon.colcon_core.environment:checking '/home/ben/Documents/master_thesis/code/uwb_online_initialisation_simulator/src/install/simulator_bringup/lib/python3.10/site-packages'
[12.489s] Level 1:colcon.colcon_core.environment:checking '/home/ben/Documents/master_thesis/code/uwb_online_initialisation_simulator/src/install/simulator_bringup/bin'
[12.489s] INFO:colcon.colcon_core.shell:Creating package script '/home/ben/Documents/master_thesis/code/uwb_online_initialisation_simulator/src/install/simulator_bringup/share/simulator_bringup/package.ps1'
[12.490s] INFO:colcon.colcon_core.shell:Creating package descriptor '/home/ben/Documents/master_thesis/code/uwb_online_initialisation_simulator/src/install/simulator_bringup/share/simulator_bringup/package.dsv'
[12.490s] INFO:colcon.colcon_core.shell:Creating package script '/home/ben/Documents/master_thesis/code/uwb_online_initialisation_simulator/src/install/simulator_bringup/share/simulator_bringup/package.sh'
[12.490s] INFO:colcon.colcon_core.shell:Creating package script '/home/ben/Documents/master_thesis/code/uwb_online_initialisation_simulator/src/install/simulator_bringup/share/simulator_bringup/package.bash'
[12.491s] INFO:colcon.colcon_core.shell:Creating package script '/home/ben/Documents/master_thesis/code/uwb_online_initialisation_simulator/src/install/simulator_bringup/share/simulator_bringup/package.zsh'
[12.491s] Level 1:colcon.colcon_core.environment:create_file_with_runtime_dependencies(/home/ben/Documents/master_thesis/code/uwb_online_initialisation_simulator/src/install/simulator_bringup/share/colcon-core/packages/simulator_bringup)
[12.491s] DEBUG:colcon.colcon_parallel_executor.executor.parallel:closing loop
[12.492s] DEBUG:colcon.colcon_parallel_executor.executor.parallel:loop closed
[12.492s] DEBUG:colcon.colcon_parallel_executor.executor.parallel:run_until_complete finished with '0'
[12.492s] DEBUG:colcon.colcon_core.event_reactor:joining thread
[12.497s] INFO:colcon.colcon_core.plugin_system:Skipping extension 'colcon_notification.desktop_notification.terminal_notifier': Not used on non-Darwin systems
[12.497s] INFO:colcon.colcon_core.plugin_system:Skipping extension 'colcon_notification.desktop_notification.win32': Not used on non-Windows systems
[12.497s] INFO:colcon.colcon_notification.desktop_notification:Sending desktop notification using 'notify2'
[12.516s] DEBUG:colcon.colcon_core.event_reactor:joined thread
[12.516s] INFO:colcon.colcon_core.shell:Creating prefix script '/home/ben/Documents/master_thesis/code/uwb_online_initialisation_simulator/src/install/local_setup.ps1'
[12.517s] INFO:colcon.colcon_core.shell:Creating prefix util module '/home/ben/Documents/master_thesis/code/uwb_online_initialisation_simulator/src/install/_local_setup_util_ps1.py'
[12.518s] INFO:colcon.colcon_core.shell:Creating prefix chain script '/home/ben/Documents/master_thesis/code/uwb_online_initialisation_simulator/src/install/setup.ps1'
[12.520s] INFO:colcon.colcon_core.shell:Creating prefix script '/home/ben/Documents/master_thesis/code/uwb_online_initialisation_simulator/src/install/local_setup.sh'
[12.520s] INFO:colcon.colcon_core.shell:Creating prefix util module '/home/ben/Documents/master_thesis/code/uwb_online_initialisation_simulator/src/install/_local_setup_util_sh.py'
[12.521s] INFO:colcon.colcon_core.shell:Creating prefix chain script '/home/ben/Documents/master_thesis/code/uwb_online_initialisation_simulator/src/install/setup.sh'
[12.522s] INFO:colcon.colcon_core.shell:Creating prefix script '/home/ben/Documents/master_thesis/code/uwb_online_initialisation_simulator/src/install/local_setup.bash'
[12.522s] INFO:colcon.colcon_core.shell:Creating prefix chain script '/home/ben/Documents/master_thesis/code/uwb_online_initialisation_simulator/src/install/setup.bash'
[12.524s] INFO:colcon.colcon_core.shell:Creating prefix script '/home/ben/Documents/master_thesis/code/uwb_online_initialisation_simulator/src/install/local_setup.zsh'
[12.524s] INFO:colcon.colcon_core.shell:Creating prefix chain script '/home/ben/Documents/master_thesis/code/uwb_online_initialisation_simulator/src/install/setup.zsh'
