[1.157s] Invoking command in '/home/ben/Documents/master_thesis/code/uwb_online_initialisation_simulator/src/rl_optimisation': PYTHONPATH=/home/ben/Documents/master_thesis/code/uwb_online_initialisation_simulator/src/build/rl_optimisation/prefix_override:/usr/lib/python3/dist-packages/colcon_core/task/python/colcon_distutils_commands:/home/ben/Documents/master_thesis/code/uwb_online_initialisation_simulator/src/install/rl_optimisation/lib/python3.10/site-packages:${PYTHONPATH} /usr/bin/python3 -W ignore:setup.py install is deprecated setup.py egg_info --egg-base ../build/rl_optimisation build --build-base /home/ben/Documents/master_thesis/code/uwb_online_initialisation_simulator/src/build/rl_optimisation/build install --record /home/ben/Documents/master_thesis/code/uwb_online_initialisation_simulator/src/build/rl_optimisation/install.log --single-version-externally-managed install_data
[1.447s] running egg_info
[1.448s] creating ../build/rl_optimisation/rl_optimisation.egg-info
[1.464s] writing ../build/rl_optimisation/rl_optimisation.egg-info/PKG-INFO
[1.464s] writing dependency_links to ../build/rl_optimisation/rl_optimisation.egg-info/dependency_links.txt
[1.464s] writing requirements to ../build/rl_optimisation/rl_optimisation.egg-info/requires.txt
[1.464s] writing top-level names to ../build/rl_optimisation/rl_optimisation.egg-info/top_level.txt
[1.464s] writing manifest file '../build/rl_optimisation/rl_optimisation.egg-info/SOURCES.txt'
[2.193s] writing manifest file '../build/rl_optimisation/rl_optimisation.egg-info/SOURCES.txt'
[2.193s] running build
[2.193s] running build_py
[2.194s] creating /home/ben/Documents/master_thesis/code/uwb_online_initialisation_simulator/src/build/rl_optimisation/build
[2.194s] creating /home/ben/Documents/master_thesis/code/uwb_online_initialisation_simulator/src/build/rl_optimisation/build/lib
[2.194s] creating /home/ben/Documents/master_thesis/code/uwb_online_initialisation_simulator/src/build/rl_optimisation/build/lib/rl_optimisation
[2.194s] copying rl_optimisation/UWB_RL_train.py -> /home/ben/Documents/master_thesis/code/uwb_online_initialisation_simulator/src/build/rl_optimisation/build/lib/rl_optimisation
[2.194s] copying rl_optimisation/UWB_sim_RL_environment.py -> /home/ben/Documents/master_thesis/code/uwb_online_initialisation_simulator/src/build/rl_optimisation/build/lib/rl_optimisation
[2.194s] copying rl_optimisation/UWB_RL_test.py -> /home/ben/Documents/master_thesis/code/uwb_online_initialisation_simulator/src/build/rl_optimisation/build/lib/rl_optimisation
[2.194s] copying rl_optimisation/rl_dummy_env.py -> /home/ben/Documents/master_thesis/code/uwb_online_initialisation_simulator/src/build/rl_optimisation/build/lib/rl_optimisation
[2.194s] copying rl_optimisation/__init__.py -> /home/ben/Documents/master_thesis/code/uwb_online_initialisation_simulator/src/build/rl_optimisation/build/lib/rl_optimisation
[2.195s] running install
[2.199s] running install_lib
[2.217s] creating /home/ben/Documents/master_thesis/code/uwb_online_initialisation_simulator/src/install/rl_optimisation/lib/python3.10/site-packages/rl_optimisation
[2.217s] copying /home/ben/Documents/master_thesis/code/uwb_online_initialisation_simulator/src/build/rl_optimisation/build/lib/rl_optimisation/UWB_RL_train.py -> /home/ben/Documents/master_thesis/code/uwb_online_initialisation_simulator/src/install/rl_optimisation/lib/python3.10/site-packages/rl_optimisation
[2.218s] copying /home/ben/Documents/master_thesis/code/uwb_online_initialisation_simulator/src/build/rl_optimisation/build/lib/rl_optimisation/UWB_sim_RL_environment.py -> /home/ben/Documents/master_thesis/code/uwb_online_initialisation_simulator/src/install/rl_optimisation/lib/python3.10/site-packages/rl_optimisation
[2.218s] copying /home/ben/Documents/master_thesis/code/uwb_online_initialisation_simulator/src/build/rl_optimisation/build/lib/rl_optimisation/UWB_RL_test.py -> /home/ben/Documents/master_thesis/code/uwb_online_initialisation_simulator/src/install/rl_optimisation/lib/python3.10/site-packages/rl_optimisation
[2.218s] copying /home/ben/Documents/master_thesis/code/uwb_online_initialisation_simulator/src/build/rl_optimisation/build/lib/rl_optimisation/rl_dummy_env.py -> /home/ben/Documents/master_thesis/code/uwb_online_initialisation_simulator/src/install/rl_optimisation/lib/python3.10/site-packages/rl_optimisation
[2.218s] copying /home/ben/Documents/master_thesis/code/uwb_online_initialisation_simulator/src/build/rl_optimisation/build/lib/rl_optimisation/__init__.py -> /home/ben/Documents/master_thesis/code/uwb_online_initialisation_simulator/src/install/rl_optimisation/lib/python3.10/site-packages/rl_optimisation
[2.218s] byte-compiling /home/ben/Documents/master_thesis/code/uwb_online_initialisation_simulator/src/install/rl_optimisation/lib/python3.10/site-packages/rl_optimisation/UWB_RL_train.py to UWB_RL_train.cpython-310.pyc
[2.219s] byte-compiling /home/ben/Documents/master_thesis/code/uwb_online_initialisation_simulator/src/install/rl_optimisation/lib/python3.10/site-packages/rl_optimisation/UWB_sim_RL_environment.py to UWB_sim_RL_environment.cpython-310.pyc
[2.221s] byte-compiling /home/ben/Documents/master_thesis/code/uwb_online_initialisation_simulator/src/install/rl_optimisation/lib/python3.10/site-packages/rl_optimisation/UWB_RL_test.py to UWB_RL_test.cpython-310.pyc
[2.222s] byte-compiling /home/ben/Documents/master_thesis/code/uwb_online_initialisation_simulator/src/install/rl_optimisation/lib/python3.10/site-packages/rl_optimisation/rl_dummy_env.py to rl_dummy_env.cpython-310.pyc
[2.222s] byte-compiling /home/ben/Documents/master_thesis/code/uwb_online_initialisation_simulator/src/install/rl_optimisation/lib/python3.10/site-packages/rl_optimisation/__init__.py to __init__.cpython-310.pyc
[2.222s] running install_data
[2.222s] creating /home/ben/Documents/master_thesis/code/uwb_online_initialisation_simulator/src/install/rl_optimisation/share/ament_index
[2.223s] creating /home/ben/Documents/master_thesis/code/uwb_online_initialisation_simulator/src/install/rl_optimisation/share/ament_index/resource_index
[2.223s] creating /home/ben/Documents/master_thesis/code/uwb_online_initialisation_simulator/src/install/rl_optimisation/share/ament_index/resource_index/packages
[2.223s] copying resource/rl_optimisation -> /home/ben/Documents/master_thesis/code/uwb_online_initialisation_simulator/src/install/rl_optimisation/share/ament_index/resource_index/packages
[2.223s] copying package.xml -> /home/ben/Documents/master_thesis/code/uwb_online_initialisation_simulator/src/install/rl_optimisation/share/rl_optimisation
[2.223s] running install_egg_info
[2.241s] Copying ../build/rl_optimisation/rl_optimisation.egg-info to /home/ben/Documents/master_thesis/code/uwb_online_initialisation_simulator/src/install/rl_optimisation/lib/python3.10/site-packages/rl_optimisation-0.0.0-py3.10.egg-info
[2.242s] running install_scripts
[2.405s] writing list of installed files to '/home/ben/Documents/master_thesis/code/uwb_online_initialisation_simulator/src/build/rl_optimisation/install.log'
[2.456s] Invoked command in '/home/ben/Documents/master_thesis/code/uwb_online_initialisation_simulator/src/rl_optimisation' returned '0': PYTHONPATH=/home/ben/Documents/master_thesis/code/uwb_online_initialisation_simulator/src/build/rl_optimisation/prefix_override:/usr/lib/python3/dist-packages/colcon_core/task/python/colcon_distutils_commands:/home/ben/Documents/master_thesis/code/uwb_online_initialisation_simulator/src/install/rl_optimisation/lib/python3.10/site-packages:${PYTHONPATH} /usr/bin/python3 -W ignore:setup.py install is deprecated setup.py egg_info --egg-base ../build/rl_optimisation build --build-base /home/ben/Documents/master_thesis/code/uwb_online_initialisation_simulator/src/build/rl_optimisation/build install --record /home/ben/Documents/master_thesis/code/uwb_online_initialisation_simulator/src/build/rl_optimisation/install.log --single-version-externally-managed install_data
