running egg_info
creating ../build/drone_uwb_simulator/drone_uwb_simulator.egg-info
writing ../build/drone_uwb_simulator/drone_uwb_simulator.egg-info/PKG-INFO
writing dependency_links to ../build/drone_uwb_simulator/drone_uwb_simulator.egg-info/dependency_links.txt
writing entry points to ../build/drone_uwb_simulator/drone_uwb_simulator.egg-info/entry_points.txt
writing requirements to ../build/drone_uwb_simulator/drone_uwb_simulator.egg-info/requires.txt
writing top-level names to ../build/drone_uwb_simulator/drone_uwb_simulator.egg-info/top_level.txt
writing manifest file '../build/drone_uwb_simulator/drone_uwb_simulator.egg-info/SOURCES.txt'
writing manifest file '../build/drone_uwb_simulator/drone_uwb_simulator.egg-info/SOURCES.txt'
running build
running build_py
creating /home/ben/Documents/master_thesis/code/uwb_online_initialisation_simulator/src/build/drone_uwb_simulator/build
creating /home/ben/Documents/master_thesis/code/uwb_online_initialisation_simulator/src/build/drone_uwb_simulator/build/lib
creating /home/ben/Documents/master_thesis/code/uwb_online_initialisation_simulator/src/build/drone_uwb_simulator/build/lib/drone_uwb_simulator
copying drone_uwb_simulator/drone_simulator.py -> /home/ben/Documents/master_thesis/code/uwb_online_initialisation_simulator/src/build/drone_uwb_simulator/build/lib/drone_uwb_simulator
copying drone_uwb_simulator/UWB_protocol.py -> /home/ben/Documents/master_thesis/code/uwb_online_initialisation_simulator/src/build/drone_uwb_simulator/build/lib/drone_uwb_simulator
copying drone_uwb_simulator/drone_simulator_node.py -> /home/ben/Documents/master_thesis/code/uwb_online_initialisation_simulator/src/build/drone_uwb_simulator/build/lib/drone_uwb_simulator
copying drone_uwb_simulator/__init__.py -> /home/ben/Documents/master_thesis/code/uwb_online_initialisation_simulator/src/build/drone_uwb_simulator/build/lib/drone_uwb_simulator
copying drone_uwb_simulator/drone_dynamics.py -> /home/ben/Documents/master_thesis/code/uwb_online_initialisation_simulator/src/build/drone_uwb_simulator/build/lib/drone_uwb_simulator
running install
running install_lib
creating /home/ben/Documents/master_thesis/code/uwb_online_initialisation_simulator/src/install/drone_uwb_simulator/lib/python3.10/site-packages/drone_uwb_simulator
copying /home/ben/Documents/master_thesis/code/uwb_online_initialisation_simulator/src/build/drone_uwb_simulator/build/lib/drone_uwb_simulator/drone_simulator.py -> /home/ben/Documents/master_thesis/code/uwb_online_initialisation_simulator/src/install/drone_uwb_simulator/lib/python3.10/site-packages/drone_uwb_simulator
copying /home/ben/Documents/master_thesis/code/uwb_online_initialisation_simulator/src/build/drone_uwb_simulator/build/lib/drone_uwb_simulator/UWB_protocol.py -> /home/ben/Documents/master_thesis/code/uwb_online_initialisation_simulator/src/install/drone_uwb_simulator/lib/python3.10/site-packages/drone_uwb_simulator
copying /home/ben/Documents/master_thesis/code/uwb_online_initialisation_simulator/src/build/drone_uwb_simulator/build/lib/drone_uwb_simulator/drone_simulator_node.py -> /home/ben/Documents/master_thesis/code/uwb_online_initialisation_simulator/src/install/drone_uwb_simulator/lib/python3.10/site-packages/drone_uwb_simulator
copying /home/ben/Documents/master_thesis/code/uwb_online_initialisation_simulator/src/build/drone_uwb_simulator/build/lib/drone_uwb_simulator/__init__.py -> /home/ben/Documents/master_thesis/code/uwb_online_initialisation_simulator/src/install/drone_uwb_simulator/lib/python3.10/site-packages/drone_uwb_simulator
copying /home/ben/Documents/master_thesis/code/uwb_online_initialisation_simulator/src/build/drone_uwb_simulator/build/lib/drone_uwb_simulator/drone_dynamics.py -> /home/ben/Documents/master_thesis/code/uwb_online_initialisation_simulator/src/install/drone_uwb_simulator/lib/python3.10/site-packages/drone_uwb_simulator
byte-compiling /home/ben/Documents/master_thesis/code/uwb_online_initialisation_simulator/src/install/drone_uwb_simulator/lib/python3.10/site-packages/drone_uwb_simulator/drone_simulator.py to drone_simulator.cpython-310.pyc
byte-compiling /home/ben/Documents/master_thesis/code/uwb_online_initialisation_simulator/src/install/drone_uwb_simulator/lib/python3.10/site-packages/drone_uwb_simulator/UWB_protocol.py to UWB_protocol.cpython-310.pyc
byte-compiling /home/ben/Documents/master_thesis/code/uwb_online_initialisation_simulator/src/install/drone_uwb_simulator/lib/python3.10/site-packages/drone_uwb_simulator/drone_simulator_node.py to drone_simulator_node.cpython-310.pyc
byte-compiling /home/ben/Documents/master_thesis/code/uwb_online_initialisation_simulator/src/install/drone_uwb_simulator/lib/python3.10/site-packages/drone_uwb_simulator/__init__.py to __init__.cpython-310.pyc
byte-compiling /home/ben/Documents/master_thesis/code/uwb_online_initialisation_simulator/src/install/drone_uwb_simulator/lib/python3.10/site-packages/drone_uwb_simulator/drone_dynamics.py to drone_dynamics.cpython-310.pyc
running install_data
creating /home/ben/Documents/master_thesis/code/uwb_online_initialisation_simulator/src/install/drone_uwb_simulator/share/ament_index
creating /home/ben/Documents/master_thesis/code/uwb_online_initialisation_simulator/src/install/drone_uwb_simulator/share/ament_index/resource_index
creating /home/ben/Documents/master_thesis/code/uwb_online_initialisation_simulator/src/install/drone_uwb_simulator/share/ament_index/resource_index/packages
copying resource/drone_uwb_simulator -> /home/ben/Documents/master_thesis/code/uwb_online_initialisation_simulator/src/install/drone_uwb_simulator/share/ament_index/resource_index/packages
copying package.xml -> /home/ben/Documents/master_thesis/code/uwb_online_initialisation_simulator/src/install/drone_uwb_simulator/share/drone_uwb_simulator
copying resource/drone_mesh.glb -> /home/ben/Documents/master_thesis/code/uwb_online_initialisation_simulator/src/install/drone_uwb_simulator/share/drone_uwb_simulator
running install_egg_info
Copying ../build/drone_uwb_simulator/drone_uwb_simulator.egg-info to /home/ben/Documents/master_thesis/code/uwb_online_initialisation_simulator/src/install/drone_uwb_simulator/lib/python3.10/site-packages/drone_uwb_simulator-0.0.0-py3.10.egg-info
running install_scripts
Installing drone_simulator script to /home/ben/Documents/master_thesis/code/uwb_online_initialisation_simulator/src/install/drone_uwb_simulator/lib/drone_uwb_simulator
writing list of installed files to '/home/ben/Documents/master_thesis/code/uwb_online_initialisation_simulator/src/build/drone_uwb_simulator/install.log'
