[1.341s] Invoking command in '/home/ben/Documents/master_thesis/code/uwb_online_initialisation_simulator/src/drone_uwb_simulator': AMENT_PREFIX_PATH=/home/ben/Documents/master_thesis/code/uwb_online_initialisation_simulator/src/install/sim_interfaces:${AMENT_PREFIX_PATH} CMAKE_PREFIX_PATH=/home/ben/Documents/master_thesis/code/uwb_online_initialisation_simulator/src/install/sim_interfaces:${CMAKE_PREFIX_PATH} LD_LIBRARY_PATH=/home/ben/Documents/master_thesis/code/uwb_online_initialisation_simulator/src/install/sim_interfaces/lib:${LD_LIBRARY_PATH} PYTHONPATH=/home/ben/Documents/master_thesis/code/uwb_online_initialisation_simulator/src/build/drone_uwb_simulator/prefix_override:/usr/lib/python3/dist-packages/colcon_core/task/python/colcon_distutils_commands:/home/ben/Documents/master_thesis/code/uwb_online_initialisation_simulator/src/install/drone_uwb_simulator/lib/python3.10/site-packages:/home/ben/Documents/master_thesis/code/uwb_online_initialisation_simulator/src/install/sim_interfaces/local/lib/python3.10/dist-packages:${PYTHONPATH} /usr/bin/python3 -W ignore:setup.py install is deprecated setup.py egg_info --egg-base ../build/drone_uwb_simulator build --build-base /home/ben/Documents/master_thesis/code/uwb_online_initialisation_simulator/src/build/drone_uwb_simulator/build install --record /home/ben/Documents/master_thesis/code/uwb_online_initialisation_simulator/src/build/drone_uwb_simulator/install.log --single-version-externally-managed install_data
[1.648s] running egg_info
[1.648s] creating ../build/drone_uwb_simulator/drone_uwb_simulator.egg-info
[1.664s] writing ../build/drone_uwb_simulator/drone_uwb_simulator.egg-info/PKG-INFO
[1.664s] writing dependency_links to ../build/drone_uwb_simulator/drone_uwb_simulator.egg-info/dependency_links.txt
[1.664s] writing entry points to ../build/drone_uwb_simulator/drone_uwb_simulator.egg-info/entry_points.txt
[1.665s] writing requirements to ../build/drone_uwb_simulator/drone_uwb_simulator.egg-info/requires.txt
[1.665s] writing top-level names to ../build/drone_uwb_simulator/drone_uwb_simulator.egg-info/top_level.txt
[1.665s] writing manifest file '../build/drone_uwb_simulator/drone_uwb_simulator.egg-info/SOURCES.txt'
[2.300s] writing manifest file '../build/drone_uwb_simulator/drone_uwb_simulator.egg-info/SOURCES.txt'
[2.301s] running build
[2.301s] running build_py
[2.301s] creating /home/ben/Documents/master_thesis/code/uwb_online_initialisation_simulator/src/build/drone_uwb_simulator/build
[2.301s] creating /home/ben/Documents/master_thesis/code/uwb_online_initialisation_simulator/src/build/drone_uwb_simulator/build/lib
[2.301s] creating /home/ben/Documents/master_thesis/code/uwb_online_initialisation_simulator/src/build/drone_uwb_simulator/build/lib/drone_uwb_simulator
[2.301s] copying drone_uwb_simulator/drone_simulator.py -> /home/ben/Documents/master_thesis/code/uwb_online_initialisation_simulator/src/build/drone_uwb_simulator/build/lib/drone_uwb_simulator
[2.301s] copying drone_uwb_simulator/UWB_protocol.py -> /home/ben/Documents/master_thesis/code/uwb_online_initialisation_simulator/src/build/drone_uwb_simulator/build/lib/drone_uwb_simulator
[2.301s] copying drone_uwb_simulator/drone_simulator_node.py -> /home/ben/Documents/master_thesis/code/uwb_online_initialisation_simulator/src/build/drone_uwb_simulator/build/lib/drone_uwb_simulator
[2.301s] copying drone_uwb_simulator/__init__.py -> /home/ben/Documents/master_thesis/code/uwb_online_initialisation_simulator/src/build/drone_uwb_simulator/build/lib/drone_uwb_simulator
[2.302s] copying drone_uwb_simulator/drone_dynamics.py -> /home/ben/Documents/master_thesis/code/uwb_online_initialisation_simulator/src/build/drone_uwb_simulator/build/lib/drone_uwb_simulator
[2.302s] running install
[2.305s] running install_lib
[2.323s] creating /home/ben/Documents/master_thesis/code/uwb_online_initialisation_simulator/src/install/drone_uwb_simulator/lib/python3.10/site-packages/drone_uwb_simulator
[2.323s] copying /home/ben/Documents/master_thesis/code/uwb_online_initialisation_simulator/src/build/drone_uwb_simulator/build/lib/drone_uwb_simulator/drone_simulator.py -> /home/ben/Documents/master_thesis/code/uwb_online_initialisation_simulator/src/install/drone_uwb_simulator/lib/python3.10/site-packages/drone_uwb_simulator
[2.323s] copying /home/ben/Documents/master_thesis/code/uwb_online_initialisation_simulator/src/build/drone_uwb_simulator/build/lib/drone_uwb_simulator/UWB_protocol.py -> /home/ben/Documents/master_thesis/code/uwb_online_initialisation_simulator/src/install/drone_uwb_simulator/lib/python3.10/site-packages/drone_uwb_simulator
[2.323s] copying /home/ben/Documents/master_thesis/code/uwb_online_initialisation_simulator/src/build/drone_uwb_simulator/build/lib/drone_uwb_simulator/drone_simulator_node.py -> /home/ben/Documents/master_thesis/code/uwb_online_initialisation_simulator/src/install/drone_uwb_simulator/lib/python3.10/site-packages/drone_uwb_simulator
[2.324s] copying /home/ben/Documents/master_thesis/code/uwb_online_initialisation_simulator/src/build/drone_uwb_simulator/build/lib/drone_uwb_simulator/__init__.py -> /home/ben/Documents/master_thesis/code/uwb_online_initialisation_simulator/src/install/drone_uwb_simulator/lib/python3.10/site-packages/drone_uwb_simulator
[2.324s] copying /home/ben/Documents/master_thesis/code/uwb_online_initialisation_simulator/src/build/drone_uwb_simulator/build/lib/drone_uwb_simulator/drone_dynamics.py -> /home/ben/Documents/master_thesis/code/uwb_online_initialisation_simulator/src/install/drone_uwb_simulator/lib/python3.10/site-packages/drone_uwb_simulator
[2.324s] byte-compiling /home/ben/Documents/master_thesis/code/uwb_online_initialisation_simulator/src/install/drone_uwb_simulator/lib/python3.10/site-packages/drone_uwb_simulator/drone_simulator.py to drone_simulator.cpython-310.pyc
[2.329s] byte-compiling /home/ben/Documents/master_thesis/code/uwb_online_initialisation_simulator/src/install/drone_uwb_simulator/lib/python3.10/site-packages/drone_uwb_simulator/UWB_protocol.py to UWB_protocol.cpython-310.pyc
[2.330s] byte-compiling /home/ben/Documents/master_thesis/code/uwb_online_initialisation_simulator/src/install/drone_uwb_simulator/lib/python3.10/site-packages/drone_uwb_simulator/drone_simulator_node.py to drone_simulator_node.cpython-310.pyc
[2.333s] byte-compiling /home/ben/Documents/master_thesis/code/uwb_online_initialisation_simulator/src/install/drone_uwb_simulator/lib/python3.10/site-packages/drone_uwb_simulator/__init__.py to __init__.cpython-310.pyc
[2.333s] byte-compiling /home/ben/Documents/master_thesis/code/uwb_online_initialisation_simulator/src/install/drone_uwb_simulator/lib/python3.10/site-packages/drone_uwb_simulator/drone_dynamics.py to drone_dynamics.cpython-310.pyc
[2.336s] running install_data
[2.336s] creating /home/ben/Documents/master_thesis/code/uwb_online_initialisation_simulator/src/install/drone_uwb_simulator/share/ament_index
[2.337s] creating /home/ben/Documents/master_thesis/code/uwb_online_initialisation_simulator/src/install/drone_uwb_simulator/share/ament_index/resource_index
[2.337s] creating /home/ben/Documents/master_thesis/code/uwb_online_initialisation_simulator/src/install/drone_uwb_simulator/share/ament_index/resource_index/packages
[2.337s] copying resource/drone_uwb_simulator -> /home/ben/Documents/master_thesis/code/uwb_online_initialisation_simulator/src/install/drone_uwb_simulator/share/ament_index/resource_index/packages
[2.337s] copying package.xml -> /home/ben/Documents/master_thesis/code/uwb_online_initialisation_simulator/src/install/drone_uwb_simulator/share/drone_uwb_simulator
[2.337s] copying resource/drone_mesh.glb -> /home/ben/Documents/master_thesis/code/uwb_online_initialisation_simulator/src/install/drone_uwb_simulator/share/drone_uwb_simulator
[2.348s] running install_egg_info
[2.366s] Copying ../build/drone_uwb_simulator/drone_uwb_simulator.egg-info to /home/ben/Documents/master_thesis/code/uwb_online_initialisation_simulator/src/install/drone_uwb_simulator/lib/python3.10/site-packages/drone_uwb_simulator-0.0.0-py3.10.egg-info
[2.367s] running install_scripts
[2.510s] Installing drone_simulator script to /home/ben/Documents/master_thesis/code/uwb_online_initialisation_simulator/src/install/drone_uwb_simulator/lib/drone_uwb_simulator
[2.510s] writing list of installed files to '/home/ben/Documents/master_thesis/code/uwb_online_initialisation_simulator/src/build/drone_uwb_simulator/install.log'
[2.557s] Invoked command in '/home/ben/Documents/master_thesis/code/uwb_online_initialisation_simulator/src/drone_uwb_simulator' returned '0': AMENT_PREFIX_PATH=/home/ben/Documents/master_thesis/code/uwb_online_initialisation_simulator/src/install/sim_interfaces:${AMENT_PREFIX_PATH} CMAKE_PREFIX_PATH=/home/ben/Documents/master_thesis/code/uwb_online_initialisation_simulator/src/install/sim_interfaces:${CMAKE_PREFIX_PATH} LD_LIBRARY_PATH=/home/ben/Documents/master_thesis/code/uwb_online_initialisation_simulator/src/install/sim_interfaces/lib:${LD_LIBRARY_PATH} PYTHONPATH=/home/ben/Documents/master_thesis/code/uwb_online_initialisation_simulator/src/build/drone_uwb_simulator/prefix_override:/usr/lib/python3/dist-packages/colcon_core/task/python/colcon_distutils_commands:/home/ben/Documents/master_thesis/code/uwb_online_initialisation_simulator/src/install/drone_uwb_simulator/lib/python3.10/site-packages:/home/ben/Documents/master_thesis/code/uwb_online_initialisation_simulator/src/install/sim_interfaces/local/lib/python3.10/dist-packages:${PYTHONPATH} /usr/bin/python3 -W ignore:setup.py install is deprecated setup.py egg_info --egg-base ../build/drone_uwb_simulator build --build-base /home/ben/Documents/master_thesis/code/uwb_online_initialisation_simulator/src/build/drone_uwb_simulator/build install --record /home/ben/Documents/master_thesis/code/uwb_online_initialisation_simulator/src/build/drone_uwb_simulator/install.log --single-version-externally-managed install_data
