running egg_info
creating ../build/online_uwb_initialisation/online_uwb_initialisation.egg-info
writing ../build/online_uwb_initialisation/online_uwb_initialisation.egg-info/PKG-INFO
writing dependency_links to ../build/online_uwb_initialisation/online_uwb_initialisation.egg-info/dependency_links.txt
writing entry points to ../build/online_uwb_initialisation/online_uwb_initialisation.egg-info/entry_points.txt
writing requirements to ../build/online_uwb_initialisation/online_uwb_initialisation.egg-info/requires.txt
writing top-level names to ../build/online_uwb_initialisation/online_uwb_initialisation.egg-info/top_level.txt
writing manifest file '../build/online_uwb_initialisation/online_uwb_initialisation.egg-info/SOURCES.txt'
writing manifest file '../build/online_uwb_initialisation/online_uwb_initialisation.egg-info/SOURCES.txt'
running build
running build_py
creating /home/ben/Documents/master_thesis/code/uwb_online_initialisation_simulator/src/build/online_uwb_initialisation/build
creating /home/ben/Documents/master_thesis/code/uwb_online_initialisation_simulator/src/build/online_uwb_initialisation/build/lib
creating /home/ben/Documents/master_thesis/code/uwb_online_initialisation_simulator/src/build/online_uwb_initialisation/build/lib/online_uwb_initialisation
copying online_uwb_initialisation/__init__.py -> /home/ben/Documents/master_thesis/code/uwb_online_initialisation_simulator/src/build/online_uwb_initialisation/build/lib/online_uwb_initialisation
creating /home/ben/Documents/master_thesis/code/uwb_online_initialisation_simulator/src/build/online_uwb_initialisation/build/lib/online_uwb_initialisation/ros
copying online_uwb_initialisation/ros/uwb_online_initialisation_node.py -> /home/ben/Documents/master_thesis/code/uwb_online_initialisation_simulator/src/build/online_uwb_initialisation/build/lib/online_uwb_initialisation/ros
copying online_uwb_initialisation/ros/__init__.py -> /home/ben/Documents/master_thesis/code/uwb_online_initialisation_simulator/src/build/online_uwb_initialisation/build/lib/online_uwb_initialisation/ros
copying online_uwb_initialisation/ros/uwb_online_initialisation_node_old.py -> /home/ben/Documents/master_thesis/code/uwb_online_initialisation_simulator/src/build/online_uwb_initialisation/build/lib/online_uwb_initialisation/ros
copying online_uwb_initialisation/ros/uwb_config_loader.py -> /home/ben/Documents/master_thesis/code/uwb_online_initialisation_simulator/src/build/online_uwb_initialisation/build/lib/online_uwb_initialisation/ros
creating /home/ben/Documents/master_thesis/code/uwb_online_initialisation_simulator/src/build/online_uwb_initialisation/build/lib/online_uwb_initialisation/media
copying online_uwb_initialisation/media/__init__.py -> /home/ben/Documents/master_thesis/code/uwb_online_initialisation_simulator/src/build/online_uwb_initialisation/build/lib/online_uwb_initialisation/media
creating /home/ben/Documents/master_thesis/code/uwb_online_initialisation_simulator/src/build/online_uwb_initialisation/build/lib/online_uwb_initialisation/simulation
copying online_uwb_initialisation/simulation/monte_carlo_simulating.py -> /home/ben/Documents/master_thesis/code/uwb_online_initialisation_simulator/src/build/online_uwb_initialisation/build/lib/online_uwb_initialisation/simulation
copying online_uwb_initialisation/simulation/quick_uwb_initialisation_sim.py -> /home/ben/Documents/master_thesis/code/uwb_online_initialisation_simulator/src/build/online_uwb_initialisation/build/lib/online_uwb_initialisation/simulation
copying online_uwb_initialisation/simulation/__init__.py -> /home/ben/Documents/master_thesis/code/uwb_online_initialisation_simulator/src/build/online_uwb_initialisation/build/lib/online_uwb_initialisation/simulation
creating /home/ben/Documents/master_thesis/code/uwb_online_initialisation_simulator/src/build/online_uwb_initialisation/build/lib/online_uwb_initialisation/data
copying online_uwb_initialisation/data/__init__.py -> /home/ben/Documents/master_thesis/code/uwb_online_initialisation_simulator/src/build/online_uwb_initialisation/build/lib/online_uwb_initialisation/data
creating /home/ben/Documents/master_thesis/code/uwb_online_initialisation_simulator/src/build/online_uwb_initialisation/build/lib/online_uwb_initialisation/analysis
copying online_uwb_initialisation/analysis/stopping_criterion_metrics_analysis.py -> /home/ben/Documents/master_thesis/code/uwb_online_initialisation_simulator/src/build/online_uwb_initialisation/build/lib/online_uwb_initialisation/analysis
copying online_uwb_initialisation/analysis/final_error_analysis.py -> /home/ben/Documents/master_thesis/code/uwb_online_initialisation_simulator/src/build/online_uwb_initialisation/build/lib/online_uwb_initialisation/analysis
copying online_uwb_initialisation/analysis/rosbag_reader.py -> /home/ben/Documents/master_thesis/code/uwb_online_initialisation_simulator/src/build/online_uwb_initialisation/build/lib/online_uwb_initialisation/analysis
copying online_uwb_initialisation/analysis/non_linear_least_squares_analysis.py -> /home/ben/Documents/master_thesis/code/uwb_online_initialisation_simulator/src/build/online_uwb_initialisation/build/lib/online_uwb_initialisation/analysis
copying online_uwb_initialisation/analysis/linear_least_squares_analysis.py -> /home/ben/Documents/master_thesis/code/uwb_online_initialisation_simulator/src/build/online_uwb_initialisation/build/lib/online_uwb_initialisation/analysis
copying online_uwb_initialisation/analysis/general_analysis_script.py -> /home/ben/Documents/master_thesis/code/uwb_online_initialisation_simulator/src/build/online_uwb_initialisation/build/lib/online_uwb_initialisation/analysis
copying online_uwb_initialisation/analysis/trajectory_optimisation_analysis.py -> /home/ben/Documents/master_thesis/code/uwb_online_initialisation_simulator/src/build/online_uwb_initialisation/build/lib/online_uwb_initialisation/analysis
copying online_uwb_initialisation/analysis/trajectory_optimisation_comparison.py -> /home/ben/Documents/master_thesis/code/uwb_online_initialisation_simulator/src/build/online_uwb_initialisation/build/lib/online_uwb_initialisation/analysis
copying online_uwb_initialisation/analysis/drone_halle_data_analysis.py -> /home/ben/Documents/master_thesis/code/uwb_online_initialisation_simulator/src/build/online_uwb_initialisation/build/lib/online_uwb_initialisation/analysis
copying online_uwb_initialisation/analysis/residual_analysis.py -> /home/ben/Documents/master_thesis/code/uwb_online_initialisation_simulator/src/build/online_uwb_initialisation/build/lib/online_uwb_initialisation/analysis
copying online_uwb_initialisation/analysis/__init__.py -> /home/ben/Documents/master_thesis/code/uwb_online_initialisation_simulator/src/build/online_uwb_initialisation/build/lib/online_uwb_initialisation/analysis
copying online_uwb_initialisation/analysis/outlier_filtering_analysis.py -> /home/ben/Documents/master_thesis/code/uwb_online_initialisation_simulator/src/build/online_uwb_initialisation/build/lib/online_uwb_initialisation/analysis
copying online_uwb_initialisation/analysis/non_linear_methods_analysis.py -> /home/ben/Documents/master_thesis/code/uwb_online_initialisation_simulator/src/build/online_uwb_initialisation/build/lib/online_uwb_initialisation/analysis
copying online_uwb_initialisation/analysis/clustering_analysis.py -> /home/ben/Documents/master_thesis/code/uwb_online_initialisation_simulator/src/build/online_uwb_initialisation/build/lib/online_uwb_initialisation/analysis
copying online_uwb_initialisation/analysis/stopping_criterion_sensitivity.py -> /home/ben/Documents/master_thesis/code/uwb_online_initialisation_simulator/src/build/online_uwb_initialisation/build/lib/online_uwb_initialisation/analysis
copying online_uwb_initialisation/analysis/insane_dataset_analysis.py -> /home/ben/Documents/master_thesis/code/uwb_online_initialisation_simulator/src/build/online_uwb_initialisation/build/lib/online_uwb_initialisation/analysis
copying online_uwb_initialisation/analysis/weight_optimisation_analysis.py -> /home/ben/Documents/master_thesis/code/uwb_online_initialisation_simulator/src/build/online_uwb_initialisation/build/lib/online_uwb_initialisation/analysis
creating /home/ben/Documents/master_thesis/code/uwb_online_initialisation_simulator/src/build/online_uwb_initialisation/build/lib/online_uwb_initialisation/core
copying online_uwb_initialisation/core/uwb_online_initialisation_pipeline.py -> /home/ben/Documents/master_thesis/code/uwb_online_initialisation_simulator/src/build/online_uwb_initialisation/build/lib/online_uwb_initialisation/core
copying online_uwb_initialisation/core/trajectory_optimisation.py -> /home/ben/Documents/master_thesis/code/uwb_online_initialisation_simulator/src/build/online_uwb_initialisation/build/lib/online_uwb_initialisation/core
copying online_uwb_initialisation/core/trajectory_manager.py -> /home/ben/Documents/master_thesis/code/uwb_online_initialisation_simulator/src/build/online_uwb_initialisation/build/lib/online_uwb_initialisation/core
copying online_uwb_initialisation/core/measurement_processor.py -> /home/ben/Documents/master_thesis/code/uwb_online_initialisation_simulator/src/build/online_uwb_initialisation/build/lib/online_uwb_initialisation/core
copying online_uwb_initialisation/core/config_params.py -> /home/ben/Documents/master_thesis/code/uwb_online_initialisation_simulator/src/build/online_uwb_initialisation/build/lib/online_uwb_initialisation/core
copying online_uwb_initialisation/core/estimation_result.py -> /home/ben/Documents/master_thesis/code/uwb_online_initialisation_simulator/src/build/online_uwb_initialisation/build/lib/online_uwb_initialisation/core
copying online_uwb_initialisation/core/__init__.py -> /home/ben/Documents/master_thesis/code/uwb_online_initialisation_simulator/src/build/online_uwb_initialisation/build/lib/online_uwb_initialisation/core
copying online_uwb_initialisation/core/uwb_online_initialisation.py -> /home/ben/Documents/master_thesis/code/uwb_online_initialisation_simulator/src/build/online_uwb_initialisation/build/lib/online_uwb_initialisation/core
copying online_uwb_initialisation/core/anchor_data.py -> /home/ben/Documents/master_thesis/code/uwb_online_initialisation_simulator/src/build/online_uwb_initialisation/build/lib/online_uwb_initialisation/core
copying online_uwb_initialisation/core/estimation_interface.py -> /home/ben/Documents/master_thesis/code/uwb_online_initialisation_simulator/src/build/online_uwb_initialisation/build/lib/online_uwb_initialisation/core
copying online_uwb_initialisation/core/metrics_calculator.py -> /home/ben/Documents/master_thesis/code/uwb_online_initialisation_simulator/src/build/online_uwb_initialisation/build/lib/online_uwb_initialisation/core
running install
running install_lib
creating /home/ben/Documents/master_thesis/code/uwb_online_initialisation_simulator/src/install/online_uwb_initialisation/lib/python3.10/site-packages/online_uwb_initialisation
creating /home/ben/Documents/master_thesis/code/uwb_online_initialisation_simulator/src/install/online_uwb_initialisation/lib/python3.10/site-packages/online_uwb_initialisation/ros
copying /home/ben/Documents/master_thesis/code/uwb_online_initialisation_simulator/src/build/online_uwb_initialisation/build/lib/online_uwb_initialisation/ros/uwb_online_initialisation_node.py -> /home/ben/Documents/master_thesis/code/uwb_online_initialisation_simulator/src/install/online_uwb_initialisation/lib/python3.10/site-packages/online_uwb_initialisation/ros
copying /home/ben/Documents/master_thesis/code/uwb_online_initialisation_simulator/src/build/online_uwb_initialisation/build/lib/online_uwb_initialisation/ros/__init__.py -> /home/ben/Documents/master_thesis/code/uwb_online_initialisation_simulator/src/install/online_uwb_initialisation/lib/python3.10/site-packages/online_uwb_initialisation/ros
copying /home/ben/Documents/master_thesis/code/uwb_online_initialisation_simulator/src/build/online_uwb_initialisation/build/lib/online_uwb_initialisation/ros/uwb_online_initialisation_node_old.py -> /home/ben/Documents/master_thesis/code/uwb_online_initialisation_simulator/src/install/online_uwb_initialisation/lib/python3.10/site-packages/online_uwb_initialisation/ros
copying /home/ben/Documents/master_thesis/code/uwb_online_initialisation_simulator/src/build/online_uwb_initialisation/build/lib/online_uwb_initialisation/ros/uwb_config_loader.py -> /home/ben/Documents/master_thesis/code/uwb_online_initialisation_simulator/src/install/online_uwb_initialisation/lib/python3.10/site-packages/online_uwb_initialisation/ros
creating /home/ben/Documents/master_thesis/code/uwb_online_initialisation_simulator/src/install/online_uwb_initialisation/lib/python3.10/site-packages/online_uwb_initialisation/media
copying /home/ben/Documents/master_thesis/code/uwb_online_initialisation_simulator/src/build/online_uwb_initialisation/build/lib/online_uwb_initialisation/media/__init__.py -> /home/ben/Documents/master_thesis/code/uwb_online_initialisation_simulator/src/install/online_uwb_initialisation/lib/python3.10/site-packages/online_uwb_initialisation/media
creating /home/ben/Documents/master_thesis/code/uwb_online_initialisation_simulator/src/install/online_uwb_initialisation/lib/python3.10/site-packages/online_uwb_initialisation/simulation
copying /home/ben/Documents/master_thesis/code/uwb_online_initialisation_simulator/src/build/online_uwb_initialisation/build/lib/online_uwb_initialisation/simulation/monte_carlo_simulating.py -> /home/ben/Documents/master_thesis/code/uwb_online_initialisation_simulator/src/install/online_uwb_initialisation/lib/python3.10/site-packages/online_uwb_initialisation/simulation
copying /home/ben/Documents/master_thesis/code/uwb_online_initialisation_simulator/src/build/online_uwb_initialisation/build/lib/online_uwb_initialisation/simulation/quick_uwb_initialisation_sim.py -> /home/ben/Documents/master_thesis/code/uwb_online_initialisation_simulator/src/install/online_uwb_initialisation/lib/python3.10/site-packages/online_uwb_initialisation/simulation
copying /home/ben/Documents/master_thesis/code/uwb_online_initialisation_simulator/src/build/online_uwb_initialisation/build/lib/online_uwb_initialisation/simulation/__init__.py -> /home/ben/Documents/master_thesis/code/uwb_online_initialisation_simulator/src/install/online_uwb_initialisation/lib/python3.10/site-packages/online_uwb_initialisation/simulation
creating /home/ben/Documents/master_thesis/code/uwb_online_initialisation_simulator/src/install/online_uwb_initialisation/lib/python3.10/site-packages/online_uwb_initialisation/data
copying /home/ben/Documents/master_thesis/code/uwb_online_initialisation_simulator/src/build/online_uwb_initialisation/build/lib/online_uwb_initialisation/data/__init__.py -> /home/ben/Documents/master_thesis/code/uwb_online_initialisation_simulator/src/install/online_uwb_initialisation/lib/python3.10/site-packages/online_uwb_initialisation/data
copying /home/ben/Documents/master_thesis/code/uwb_online_initialisation_simulator/src/build/online_uwb_initialisation/build/lib/online_uwb_initialisation/__init__.py -> /home/ben/Documents/master_thesis/code/uwb_online_initialisation_simulator/src/install/online_uwb_initialisation/lib/python3.10/site-packages/online_uwb_initialisation
creating /home/ben/Documents/master_thesis/code/uwb_online_initialisation_simulator/src/install/online_uwb_initialisation/lib/python3.10/site-packages/online_uwb_initialisation/analysis
copying /home/ben/Documents/master_thesis/code/uwb_online_initialisation_simulator/src/build/online_uwb_initialisation/build/lib/online_uwb_initialisation/analysis/stopping_criterion_metrics_analysis.py -> /home/ben/Documents/master_thesis/code/uwb_online_initialisation_simulator/src/install/online_uwb_initialisation/lib/python3.10/site-packages/online_uwb_initialisation/analysis
copying /home/ben/Documents/master_thesis/code/uwb_online_initialisation_simulator/src/build/online_uwb_initialisation/build/lib/online_uwb_initialisation/analysis/final_error_analysis.py -> /home/ben/Documents/master_thesis/code/uwb_online_initialisation_simulator/src/install/online_uwb_initialisation/lib/python3.10/site-packages/online_uwb_initialisation/analysis
copying /home/ben/Documents/master_thesis/code/uwb_online_initialisation_simulator/src/build/online_uwb_initialisation/build/lib/online_uwb_initialisation/analysis/rosbag_reader.py -> /home/ben/Documents/master_thesis/code/uwb_online_initialisation_simulator/src/install/online_uwb_initialisation/lib/python3.10/site-packages/online_uwb_initialisation/analysis
copying /home/ben/Documents/master_thesis/code/uwb_online_initialisation_simulator/src/build/online_uwb_initialisation/build/lib/online_uwb_initialisation/analysis/non_linear_least_squares_analysis.py -> /home/ben/Documents/master_thesis/code/uwb_online_initialisation_simulator/src/install/online_uwb_initialisation/lib/python3.10/site-packages/online_uwb_initialisation/analysis
copying /home/ben/Documents/master_thesis/code/uwb_online_initialisation_simulator/src/build/online_uwb_initialisation/build/lib/online_uwb_initialisation/analysis/linear_least_squares_analysis.py -> /home/ben/Documents/master_thesis/code/uwb_online_initialisation_simulator/src/install/online_uwb_initialisation/lib/python3.10/site-packages/online_uwb_initialisation/analysis
copying /home/ben/Documents/master_thesis/code/uwb_online_initialisation_simulator/src/build/online_uwb_initialisation/build/lib/online_uwb_initialisation/analysis/general_analysis_script.py -> /home/ben/Documents/master_thesis/code/uwb_online_initialisation_simulator/src/install/online_uwb_initialisation/lib/python3.10/site-packages/online_uwb_initialisation/analysis
copying /home/ben/Documents/master_thesis/code/uwb_online_initialisation_simulator/src/build/online_uwb_initialisation/build/lib/online_uwb_initialisation/analysis/trajectory_optimisation_analysis.py -> /home/ben/Documents/master_thesis/code/uwb_online_initialisation_simulator/src/install/online_uwb_initialisation/lib/python3.10/site-packages/online_uwb_initialisation/analysis
copying /home/ben/Documents/master_thesis/code/uwb_online_initialisation_simulator/src/build/online_uwb_initialisation/build/lib/online_uwb_initialisation/analysis/trajectory_optimisation_comparison.py -> /home/ben/Documents/master_thesis/code/uwb_online_initialisation_simulator/src/install/online_uwb_initialisation/lib/python3.10/site-packages/online_uwb_initialisation/analysis
copying /home/ben/Documents/master_thesis/code/uwb_online_initialisation_simulator/src/build/online_uwb_initialisation/build/lib/online_uwb_initialisation/analysis/drone_halle_data_analysis.py -> /home/ben/Documents/master_thesis/code/uwb_online_initialisation_simulator/src/install/online_uwb_initialisation/lib/python3.10/site-packages/online_uwb_initialisation/analysis
copying /home/ben/Documents/master_thesis/code/uwb_online_initialisation_simulator/src/build/online_uwb_initialisation/build/lib/online_uwb_initialisation/analysis/residual_analysis.py -> /home/ben/Documents/master_thesis/code/uwb_online_initialisation_simulator/src/install/online_uwb_initialisation/lib/python3.10/site-packages/online_uwb_initialisation/analysis
copying /home/ben/Documents/master_thesis/code/uwb_online_initialisation_simulator/src/build/online_uwb_initialisation/build/lib/online_uwb_initialisation/analysis/__init__.py -> /home/ben/Documents/master_thesis/code/uwb_online_initialisation_simulator/src/install/online_uwb_initialisation/lib/python3.10/site-packages/online_uwb_initialisation/analysis
copying /home/ben/Documents/master_thesis/code/uwb_online_initialisation_simulator/src/build/online_uwb_initialisation/build/lib/online_uwb_initialisation/analysis/outlier_filtering_analysis.py -> /home/ben/Documents/master_thesis/code/uwb_online_initialisation_simulator/src/install/online_uwb_initialisation/lib/python3.10/site-packages/online_uwb_initialisation/analysis
copying /home/ben/Documents/master_thesis/code/uwb_online_initialisation_simulator/src/build/online_uwb_initialisation/build/lib/online_uwb_initialisation/analysis/non_linear_methods_analysis.py -> /home/ben/Documents/master_thesis/code/uwb_online_initialisation_simulator/src/install/online_uwb_initialisation/lib/python3.10/site-packages/online_uwb_initialisation/analysis
copying /home/ben/Documents/master_thesis/code/uwb_online_initialisation_simulator/src/build/online_uwb_initialisation/build/lib/online_uwb_initialisation/analysis/clustering_analysis.py -> /home/ben/Documents/master_thesis/code/uwb_online_initialisation_simulator/src/install/online_uwb_initialisation/lib/python3.10/site-packages/online_uwb_initialisation/analysis
copying /home/ben/Documents/master_thesis/code/uwb_online_initialisation_simulator/src/build/online_uwb_initialisation/build/lib/online_uwb_initialisation/analysis/stopping_criterion_sensitivity.py -> /home/ben/Documents/master_thesis/code/uwb_online_initialisation_simulator/src/install/online_uwb_initialisation/lib/python3.10/site-packages/online_uwb_initialisation/analysis
copying /home/ben/Documents/master_thesis/code/uwb_online_initialisation_simulator/src/build/online_uwb_initialisation/build/lib/online_uwb_initialisation/analysis/insane_dataset_analysis.py -> /home/ben/Documents/master_thesis/code/uwb_online_initialisation_simulator/src/install/online_uwb_initialisation/lib/python3.10/site-packages/online_uwb_initialisation/analysis
copying /home/ben/Documents/master_thesis/code/uwb_online_initialisation_simulator/src/build/online_uwb_initialisation/build/lib/online_uwb_initialisation/analysis/weight_optimisation_analysis.py -> /home/ben/Documents/master_thesis/code/uwb_online_initialisation_simulator/src/install/online_uwb_initialisation/lib/python3.10/site-packages/online_uwb_initialisation/analysis
creating /home/ben/Documents/master_thesis/code/uwb_online_initialisation_simulator/src/install/online_uwb_initialisation/lib/python3.10/site-packages/online_uwb_initialisation/core
copying /home/ben/Documents/master_thesis/code/uwb_online_initialisation_simulator/src/build/online_uwb_initialisation/build/lib/online_uwb_initialisation/core/uwb_online_initialisation_pipeline.py -> /home/ben/Documents/master_thesis/code/uwb_online_initialisation_simulator/src/install/online_uwb_initialisation/lib/python3.10/site-packages/online_uwb_initialisation/core
copying /home/ben/Documents/master_thesis/code/uwb_online_initialisation_simulator/src/build/online_uwb_initialisation/build/lib/online_uwb_initialisation/core/trajectory_optimisation.py -> /home/ben/Documents/master_thesis/code/uwb_online_initialisation_simulator/src/install/online_uwb_initialisation/lib/python3.10/site-packages/online_uwb_initialisation/core
copying /home/ben/Documents/master_thesis/code/uwb_online_initialisation_simulator/src/build/online_uwb_initialisation/build/lib/online_uwb_initialisation/core/trajectory_manager.py -> /home/ben/Documents/master_thesis/code/uwb_online_initialisation_simulator/src/install/online_uwb_initialisation/lib/python3.10/site-packages/online_uwb_initialisation/core
copying /home/ben/Documents/master_thesis/code/uwb_online_initialisation_simulator/src/build/online_uwb_initialisation/build/lib/online_uwb_initialisation/core/measurement_processor.py -> /home/ben/Documents/master_thesis/code/uwb_online_initialisation_simulator/src/install/online_uwb_initialisation/lib/python3.10/site-packages/online_uwb_initialisation/core
copying /home/ben/Documents/master_thesis/code/uwb_online_initialisation_simulator/src/build/online_uwb_initialisation/build/lib/online_uwb_initialisation/core/config_params.py -> /home/ben/Documents/master_thesis/code/uwb_online_initialisation_simulator/src/install/online_uwb_initialisation/lib/python3.10/site-packages/online_uwb_initialisation/core
copying /home/ben/Documents/master_thesis/code/uwb_online_initialisation_simulator/src/build/online_uwb_initialisation/build/lib/online_uwb_initialisation/core/estimation_result.py -> /home/ben/Documents/master_thesis/code/uwb_online_initialisation_simulator/src/install/online_uwb_initialisation/lib/python3.10/site-packages/online_uwb_initialisation/core
copying /home/ben/Documents/master_thesis/code/uwb_online_initialisation_simulator/src/build/online_uwb_initialisation/build/lib/online_uwb_initialisation/core/__init__.py -> /home/ben/Documents/master_thesis/code/uwb_online_initialisation_simulator/src/install/online_uwb_initialisation/lib/python3.10/site-packages/online_uwb_initialisation/core
copying /home/ben/Documents/master_thesis/code/uwb_online_initialisation_simulator/src/build/online_uwb_initialisation/build/lib/online_uwb_initialisation/core/uwb_online_initialisation.py -> /home/ben/Documents/master_thesis/code/uwb_online_initialisation_simulator/src/install/online_uwb_initialisation/lib/python3.10/site-packages/online_uwb_initialisation/core
copying /home/ben/Documents/master_thesis/code/uwb_online_initialisation_simulator/src/build/online_uwb_initialisation/build/lib/online_uwb_initialisation/core/anchor_data.py -> /home/ben/Documents/master_thesis/code/uwb_online_initialisation_simulator/src/install/online_uwb_initialisation/lib/python3.10/site-packages/online_uwb_initialisation/core
copying /home/ben/Documents/master_thesis/code/uwb_online_initialisation_simulator/src/build/online_uwb_initialisation/build/lib/online_uwb_initialisation/core/estimation_interface.py -> /home/ben/Documents/master_thesis/code/uwb_online_initialisation_simulator/src/install/online_uwb_initialisation/lib/python3.10/site-packages/online_uwb_initialisation/core
copying /home/ben/Documents/master_thesis/code/uwb_online_initialisation_simulator/src/build/online_uwb_initialisation/build/lib/online_uwb_initialisation/core/metrics_calculator.py -> /home/ben/Documents/master_thesis/code/uwb_online_initialisation_simulator/src/install/online_uwb_initialisation/lib/python3.10/site-packages/online_uwb_initialisation/core
byte-compiling /home/ben/Documents/master_thesis/code/uwb_online_initialisation_simulator/src/install/online_uwb_initialisation/lib/python3.10/site-packages/online_uwb_initialisation/ros/uwb_online_initialisation_node.py to uwb_online_initialisation_node.cpython-310.pyc
byte-compiling /home/ben/Documents/master_thesis/code/uwb_online_initialisation_simulator/src/install/online_uwb_initialisation/lib/python3.10/site-packages/online_uwb_initialisation/ros/__init__.py to __init__.cpython-310.pyc
byte-compiling /home/ben/Documents/master_thesis/code/uwb_online_initialisation_simulator/src/install/online_uwb_initialisation/lib/python3.10/site-packages/online_uwb_initialisation/ros/uwb_online_initialisation_node_old.py to uwb_online_initialisation_node_old.cpython-310.pyc
byte-compiling /home/ben/Documents/master_thesis/code/uwb_online_initialisation_simulator/src/install/online_uwb_initialisation/lib/python3.10/site-packages/online_uwb_initialisation/ros/uwb_config_loader.py to uwb_config_loader.cpython-310.pyc
byte-compiling /home/ben/Documents/master_thesis/code/uwb_online_initialisation_simulator/src/install/online_uwb_initialisation/lib/python3.10/site-packages/online_uwb_initialisation/media/__init__.py to __init__.cpython-310.pyc
byte-compiling /home/ben/Documents/master_thesis/code/uwb_online_initialisation_simulator/src/install/online_uwb_initialisation/lib/python3.10/site-packages/online_uwb_initialisation/simulation/monte_carlo_simulating.py to monte_carlo_simulating.cpython-310.pyc
byte-compiling /home/ben/Documents/master_thesis/code/uwb_online_initialisation_simulator/src/install/online_uwb_initialisation/lib/python3.10/site-packages/online_uwb_initialisation/simulation/quick_uwb_initialisation_sim.py to quick_uwb_initialisation_sim.cpython-310.pyc
byte-compiling /home/ben/Documents/master_thesis/code/uwb_online_initialisation_simulator/src/install/online_uwb_initialisation/lib/python3.10/site-packages/online_uwb_initialisation/simulation/__init__.py to __init__.cpython-310.pyc
byte-compiling /home/ben/Documents/master_thesis/code/uwb_online_initialisation_simulator/src/install/online_uwb_initialisation/lib/python3.10/site-packages/online_uwb_initialisation/data/__init__.py to __init__.cpython-310.pyc
byte-compiling /home/ben/Documents/master_thesis/code/uwb_online_initialisation_simulator/src/install/online_uwb_initialisation/lib/python3.10/site-packages/online_uwb_initialisation/__init__.py to __init__.cpython-310.pyc
byte-compiling /home/ben/Documents/master_thesis/code/uwb_online_initialisation_simulator/src/install/online_uwb_initialisation/lib/python3.10/site-packages/online_uwb_initialisation/analysis/stopping_criterion_metrics_analysis.py to stopping_criterion_metrics_analysis.cpython-310.pyc
byte-compiling /home/ben/Documents/master_thesis/code/uwb_online_initialisation_simulator/src/install/online_uwb_initialisation/lib/python3.10/site-packages/online_uwb_initialisation/analysis/final_error_analysis.py to final_error_analysis.cpython-310.pyc
byte-compiling /home/ben/Documents/master_thesis/code/uwb_online_initialisation_simulator/src/install/online_uwb_initialisation/lib/python3.10/site-packages/online_uwb_initialisation/analysis/rosbag_reader.py to rosbag_reader.cpython-310.pyc
byte-compiling /home/ben/Documents/master_thesis/code/uwb_online_initialisation_simulator/src/install/online_uwb_initialisation/lib/python3.10/site-packages/online_uwb_initialisation/analysis/non_linear_least_squares_analysis.py to non_linear_least_squares_analysis.cpython-310.pyc
byte-compiling /home/ben/Documents/master_thesis/code/uwb_online_initialisation_simulator/src/install/online_uwb_initialisation/lib/python3.10/site-packages/online_uwb_initialisation/analysis/linear_least_squares_analysis.py to linear_least_squares_analysis.cpython-310.pyc
byte-compiling /home/ben/Documents/master_thesis/code/uwb_online_initialisation_simulator/src/install/online_uwb_initialisation/lib/python3.10/site-packages/online_uwb_initialisation/analysis/general_analysis_script.py to general_analysis_script.cpython-310.pyc
byte-compiling /home/ben/Documents/master_thesis/code/uwb_online_initialisation_simulator/src/install/online_uwb_initialisation/lib/python3.10/site-packages/online_uwb_initialisation/analysis/trajectory_optimisation_analysis.py to trajectory_optimisation_analysis.cpython-310.pyc
byte-compiling /home/ben/Documents/master_thesis/code/uwb_online_initialisation_simulator/src/install/online_uwb_initialisation/lib/python3.10/site-packages/online_uwb_initialisation/analysis/trajectory_optimisation_comparison.py to trajectory_optimisation_comparison.cpython-310.pyc
byte-compiling /home/ben/Documents/master_thesis/code/uwb_online_initialisation_simulator/src/install/online_uwb_initialisation/lib/python3.10/site-packages/online_uwb_initialisation/analysis/drone_halle_data_analysis.py to drone_halle_data_analysis.cpython-310.pyc
byte-compiling /home/ben/Documents/master_thesis/code/uwb_online_initialisation_simulator/src/install/online_uwb_initialisation/lib/python3.10/site-packages/online_uwb_initialisation/analysis/residual_analysis.py to residual_analysis.cpython-310.pyc
byte-compiling /home/ben/Documents/master_thesis/code/uwb_online_initialisation_simulator/src/install/online_uwb_initialisation/lib/python3.10/site-packages/online_uwb_initialisation/analysis/__init__.py to __init__.cpython-310.pyc
byte-compiling /home/ben/Documents/master_thesis/code/uwb_online_initialisation_simulator/src/install/online_uwb_initialisation/lib/python3.10/site-packages/online_uwb_initialisation/analysis/outlier_filtering_analysis.py to outlier_filtering_analysis.cpython-310.pyc
byte-compiling /home/ben/Documents/master_thesis/code/uwb_online_initialisation_simulator/src/install/online_uwb_initialisation/lib/python3.10/site-packages/online_uwb_initialisation/analysis/non_linear_methods_analysis.py to non_linear_methods_analysis.cpython-310.pyc
byte-compiling /home/ben/Documents/master_thesis/code/uwb_online_initialisation_simulator/src/install/online_uwb_initialisation/lib/python3.10/site-packages/online_uwb_initialisation/analysis/clustering_analysis.py to clustering_analysis.cpython-310.pyc
byte-compiling /home/ben/Documents/master_thesis/code/uwb_online_initialisation_simulator/src/install/online_uwb_initialisation/lib/python3.10/site-packages/online_uwb_initialisation/analysis/stopping_criterion_sensitivity.py to stopping_criterion_sensitivity.cpython-310.pyc
byte-compiling /home/ben/Documents/master_thesis/code/uwb_online_initialisation_simulator/src/install/online_uwb_initialisation/lib/python3.10/site-packages/online_uwb_initialisation/analysis/insane_dataset_analysis.py to insane_dataset_analysis.cpython-310.pyc
byte-compiling /home/ben/Documents/master_thesis/code/uwb_online_initialisation_simulator/src/install/online_uwb_initialisation/lib/python3.10/site-packages/online_uwb_initialisation/analysis/weight_optimisation_analysis.py to weight_optimisation_analysis.cpython-310.pyc
byte-compiling /home/ben/Documents/master_thesis/code/uwb_online_initialisation_simulator/src/install/online_uwb_initialisation/lib/python3.10/site-packages/online_uwb_initialisation/core/uwb_online_initialisation_pipeline.py to uwb_online_initialisation_pipeline.cpython-310.pyc
byte-compiling /home/ben/Documents/master_thesis/code/uwb_online_initialisation_simulator/src/install/online_uwb_initialisation/lib/python3.10/site-packages/online_uwb_initialisation/core/trajectory_optimisation.py to trajectory_optimisation.cpython-310.pyc
byte-compiling /home/ben/Documents/master_thesis/code/uwb_online_initialisation_simulator/src/install/online_uwb_initialisation/lib/python3.10/site-packages/online_uwb_initialisation/core/trajectory_manager.py to trajectory_manager.cpython-310.pyc
byte-compiling /home/ben/Documents/master_thesis/code/uwb_online_initialisation_simulator/src/install/online_uwb_initialisation/lib/python3.10/site-packages/online_uwb_initialisation/core/measurement_processor.py to measurement_processor.cpython-310.pyc
byte-compiling /home/ben/Documents/master_thesis/code/uwb_online_initialisation_simulator/src/install/online_uwb_initialisation/lib/python3.10/site-packages/online_uwb_initialisation/core/config_params.py to config_params.cpython-310.pyc
byte-compiling /home/ben/Documents/master_thesis/code/uwb_online_initialisation_simulator/src/install/online_uwb_initialisation/lib/python3.10/site-packages/online_uwb_initialisation/core/estimation_result.py to estimation_result.cpython-310.pyc
byte-compiling /home/ben/Documents/master_thesis/code/uwb_online_initialisation_simulator/src/install/online_uwb_initialisation/lib/python3.10/site-packages/online_uwb_initialisation/core/__init__.py to __init__.cpython-310.pyc
byte-compiling /home/ben/Documents/master_thesis/code/uwb_online_initialisation_simulator/src/install/online_uwb_initialisation/lib/python3.10/site-packages/online_uwb_initialisation/core/uwb_online_initialisation.py to uwb_online_initialisation.cpython-310.pyc
byte-compiling /home/ben/Documents/master_thesis/code/uwb_online_initialisation_simulator/src/install/online_uwb_initialisation/lib/python3.10/site-packages/online_uwb_initialisation/core/anchor_data.py to anchor_data.cpython-310.pyc
byte-compiling /home/ben/Documents/master_thesis/code/uwb_online_initialisation_simulator/src/install/online_uwb_initialisation/lib/python3.10/site-packages/online_uwb_initialisation/core/estimation_interface.py to estimation_interface.cpython-310.pyc
byte-compiling /home/ben/Documents/master_thesis/code/uwb_online_initialisation_simulator/src/install/online_uwb_initialisation/lib/python3.10/site-packages/online_uwb_initialisation/core/metrics_calculator.py to metrics_calculator.cpython-310.pyc
running install_data
creating /home/ben/Documents/master_thesis/code/uwb_online_initialisation_simulator/src/install/online_uwb_initialisation/share/ament_index
creating /home/ben/Documents/master_thesis/code/uwb_online_initialisation_simulator/src/install/online_uwb_initialisation/share/ament_index/resource_index
creating /home/ben/Documents/master_thesis/code/uwb_online_initialisation_simulator/src/install/online_uwb_initialisation/share/ament_index/resource_index/packages
copying resource/online_uwb_initialisation -> /home/ben/Documents/master_thesis/code/uwb_online_initialisation_simulator/src/install/online_uwb_initialisation/share/ament_index/resource_index/packages
copying package.xml -> /home/ben/Documents/master_thesis/code/uwb_online_initialisation_simulator/src/install/online_uwb_initialisation/share/online_uwb_initialisation
running install_egg_info
Copying ../build/online_uwb_initialisation/online_uwb_initialisation.egg-info to /home/ben/Documents/master_thesis/code/uwb_online_initialisation_simulator/src/install/online_uwb_initialisation/lib/python3.10/site-packages/online_uwb_initialisation-0.0.0-py3.10.egg-info
running install_scripts
Installing uwb_online_initialisation script to /home/ben/Documents/master_thesis/code/uwb_online_initialisation_simulator/src/install/online_uwb_initialisation/lib/online_uwb_initialisation
writing list of installed files to '/home/ben/Documents/master_thesis/code/uwb_online_initialisation_simulator/src/build/online_uwb_initialisation/install.log'
