[1.332s] Invoking command in '/home/ben/Documents/master_thesis/code/uwb_online_initialisation_simulator/src/online_uwb_initialisation': AMENT_PREFIX_PATH=/home/ben/Documents/master_thesis/code/uwb_online_initialisation_simulator/src/install/sim_interfaces:${AMENT_PREFIX_PATH} CMAKE_PREFIX_PATH=/home/ben/Documents/master_thesis/code/uwb_online_initialisation_simulator/src/install/sim_interfaces:${CMAKE_PREFIX_PATH} LD_LIBRARY_PATH=/home/ben/Documents/master_thesis/code/uwb_online_initialisation_simulator/src/install/sim_interfaces/lib:${LD_LIBRARY_PATH} PYTHONPATH=/home/ben/Documents/master_thesis/code/uwb_online_initialisation_simulator/src/build/online_uwb_initialisation/prefix_override:/usr/lib/python3/dist-packages/colcon_core/task/python/colcon_distutils_commands:/home/ben/Documents/master_thesis/code/uwb_online_initialisation_simulator/src/install/online_uwb_initialisation/lib/python3.10/site-packages:/home/ben/Documents/master_thesis/code/uwb_online_initialisation_simulator/src/install/sim_interfaces/local/lib/python3.10/dist-packages:${PYTHONPATH} /usr/bin/python3 -W ignore:setup.py install is deprecated setup.py egg_info --egg-base ../build/online_uwb_initialisation build --build-base /home/ben/Documents/master_thesis/code/uwb_online_initialisation_simulator/src/build/online_uwb_initialisation/build install --record /home/ben/Documents/master_thesis/code/uwb_online_initialisation_simulator/src/build/online_uwb_initialisation/install.log --single-version-externally-managed install_data
[1.638s] running egg_info
[1.639s] creating ../build/online_uwb_initialisation/online_uwb_initialisation.egg-info
[1.656s] writing ../build/online_uwb_initialisation/online_uwb_initialisation.egg-info/PKG-INFO
[1.656s] writing dependency_links to ../build/online_uwb_initialisation/online_uwb_initialisation.egg-info/dependency_links.txt
[1.656s] writing entry points to ../build/online_uwb_initialisation/online_uwb_initialisation.egg-info/entry_points.txt
[1.657s] writing requirements to ../build/online_uwb_initialisation/online_uwb_initialisation.egg-info/requires.txt
[1.657s] writing top-level names to ../build/online_uwb_initialisation/online_uwb_initialisation.egg-info/top_level.txt
[1.657s] writing manifest file '../build/online_uwb_initialisation/online_uwb_initialisation.egg-info/SOURCES.txt'
[2.314s] writing manifest file '../build/online_uwb_initialisation/online_uwb_initialisation.egg-info/SOURCES.txt'
[2.314s] running build
[2.314s] running build_py
[2.314s] creating /home/ben/Documents/master_thesis/code/uwb_online_initialisation_simulator/src/build/online_uwb_initialisation/build
[2.314s] creating /home/ben/Documents/master_thesis/code/uwb_online_initialisation_simulator/src/build/online_uwb_initialisation/build/lib
[2.314s] creating /home/ben/Documents/master_thesis/code/uwb_online_initialisation_simulator/src/build/online_uwb_initialisation/build/lib/online_uwb_initialisation
[2.314s] copying online_uwb_initialisation/__init__.py -> /home/ben/Documents/master_thesis/code/uwb_online_initialisation_simulator/src/build/online_uwb_initialisation/build/lib/online_uwb_initialisation
[2.315s] creating /home/ben/Documents/master_thesis/code/uwb_online_initialisation_simulator/src/build/online_uwb_initialisation/build/lib/online_uwb_initialisation/ros
[2.315s] copying online_uwb_initialisation/ros/uwb_online_initialisation_node.py -> /home/ben/Documents/master_thesis/code/uwb_online_initialisation_simulator/src/build/online_uwb_initialisation/build/lib/online_uwb_initialisation/ros
[2.315s] copying online_uwb_initialisation/ros/__init__.py -> /home/ben/Documents/master_thesis/code/uwb_online_initialisation_simulator/src/build/online_uwb_initialisation/build/lib/online_uwb_initialisation/ros
[2.315s] copying online_uwb_initialisation/ros/uwb_online_initialisation_node_old.py -> /home/ben/Documents/master_thesis/code/uwb_online_initialisation_simulator/src/build/online_uwb_initialisation/build/lib/online_uwb_initialisation/ros
[2.315s] copying online_uwb_initialisation/ros/uwb_config_loader.py -> /home/ben/Documents/master_thesis/code/uwb_online_initialisation_simulator/src/build/online_uwb_initialisation/build/lib/online_uwb_initialisation/ros
[2.315s] creating /home/ben/Documents/master_thesis/code/uwb_online_initialisation_simulator/src/build/online_uwb_initialisation/build/lib/online_uwb_initialisation/media
[2.316s] copying online_uwb_initialisation/media/__init__.py -> /home/ben/Documents/master_thesis/code/uwb_online_initialisation_simulator/src/build/online_uwb_initialisation/build/lib/online_uwb_initialisation/media
[2.316s] creating /home/ben/Documents/master_thesis/code/uwb_online_initialisation_simulator/src/build/online_uwb_initialisation/build/lib/online_uwb_initialisation/simulation
[2.316s] copying online_uwb_initialisation/simulation/monte_carlo_simulating.py -> /home/ben/Documents/master_thesis/code/uwb_online_initialisation_simulator/src/build/online_uwb_initialisation/build/lib/online_uwb_initialisation/simulation
[2.316s] copying online_uwb_initialisation/simulation/quick_uwb_initialisation_sim.py -> /home/ben/Documents/master_thesis/code/uwb_online_initialisation_simulator/src/build/online_uwb_initialisation/build/lib/online_uwb_initialisation/simulation
[2.317s] copying online_uwb_initialisation/simulation/__init__.py -> /home/ben/Documents/master_thesis/code/uwb_online_initialisation_simulator/src/build/online_uwb_initialisation/build/lib/online_uwb_initialisation/simulation
[2.317s] creating /home/ben/Documents/master_thesis/code/uwb_online_initialisation_simulator/src/build/online_uwb_initialisation/build/lib/online_uwb_initialisation/data
[2.317s] copying online_uwb_initialisation/data/__init__.py -> /home/ben/Documents/master_thesis/code/uwb_online_initialisation_simulator/src/build/online_uwb_initialisation/build/lib/online_uwb_initialisation/data
[2.317s] creating /home/ben/Documents/master_thesis/code/uwb_online_initialisation_simulator/src/build/online_uwb_initialisation/build/lib/online_uwb_initialisation/analysis
[2.317s] copying online_uwb_initialisation/analysis/stopping_criterion_metrics_analysis.py -> /home/ben/Documents/master_thesis/code/uwb_online_initialisation_simulator/src/build/online_uwb_initialisation/build/lib/online_uwb_initialisation/analysis
[2.318s] copying online_uwb_initialisation/analysis/final_error_analysis.py -> /home/ben/Documents/master_thesis/code/uwb_online_initialisation_simulator/src/build/online_uwb_initialisation/build/lib/online_uwb_initialisation/analysis
[2.318s] copying online_uwb_initialisation/analysis/rosbag_reader.py -> /home/ben/Documents/master_thesis/code/uwb_online_initialisation_simulator/src/build/online_uwb_initialisation/build/lib/online_uwb_initialisation/analysis
[2.318s] copying online_uwb_initialisation/analysis/non_linear_least_squares_analysis.py -> /home/ben/Documents/master_thesis/code/uwb_online_initialisation_simulator/src/build/online_uwb_initialisation/build/lib/online_uwb_initialisation/analysis
[2.318s] copying online_uwb_initialisation/analysis/linear_least_squares_analysis.py -> /home/ben/Documents/master_thesis/code/uwb_online_initialisation_simulator/src/build/online_uwb_initialisation/build/lib/online_uwb_initialisation/analysis
[2.318s] copying online_uwb_initialisation/analysis/general_analysis_script.py -> /home/ben/Documents/master_thesis/code/uwb_online_initialisation_simulator/src/build/online_uwb_initialisation/build/lib/online_uwb_initialisation/analysis
[2.319s] copying online_uwb_initialisation/analysis/trajectory_optimisation_analysis.py -> /home/ben/Documents/master_thesis/code/uwb_online_initialisation_simulator/src/build/online_uwb_initialisation/build/lib/online_uwb_initialisation/analysis
[2.319s] copying online_uwb_initialisation/analysis/trajectory_optimisation_comparison.py -> /home/ben/Documents/master_thesis/code/uwb_online_initialisation_simulator/src/build/online_uwb_initialisation/build/lib/online_uwb_initialisation/analysis
[2.319s] copying online_uwb_initialisation/analysis/drone_halle_data_analysis.py -> /home/ben/Documents/master_thesis/code/uwb_online_initialisation_simulator/src/build/online_uwb_initialisation/build/lib/online_uwb_initialisation/analysis
[2.319s] copying online_uwb_initialisation/analysis/residual_analysis.py -> /home/ben/Documents/master_thesis/code/uwb_online_initialisation_simulator/src/build/online_uwb_initialisation/build/lib/online_uwb_initialisation/analysis
[2.319s] copying online_uwb_initialisation/analysis/__init__.py -> /home/ben/Documents/master_thesis/code/uwb_online_initialisation_simulator/src/build/online_uwb_initialisation/build/lib/online_uwb_initialisation/analysis
[2.319s] copying online_uwb_initialisation/analysis/outlier_filtering_analysis.py -> /home/ben/Documents/master_thesis/code/uwb_online_initialisation_simulator/src/build/online_uwb_initialisation/build/lib/online_uwb_initialisation/analysis
[2.319s] copying online_uwb_initialisation/analysis/non_linear_methods_analysis.py -> /home/ben/Documents/master_thesis/code/uwb_online_initialisation_simulator/src/build/online_uwb_initialisation/build/lib/online_uwb_initialisation/analysis
[2.320s] copying online_uwb_initialisation/analysis/clustering_analysis.py -> /home/ben/Documents/master_thesis/code/uwb_online_initialisation_simulator/src/build/online_uwb_initialisation/build/lib/online_uwb_initialisation/analysis
[2.320s] copying online_uwb_initialisation/analysis/stopping_criterion_sensitivity.py -> /home/ben/Documents/master_thesis/code/uwb_online_initialisation_simulator/src/build/online_uwb_initialisation/build/lib/online_uwb_initialisation/analysis
[2.320s] copying online_uwb_initialisation/analysis/insane_dataset_analysis.py -> /home/ben/Documents/master_thesis/code/uwb_online_initialisation_simulator/src/build/online_uwb_initialisation/build/lib/online_uwb_initialisation/analysis
[2.320s] copying online_uwb_initialisation/analysis/weight_optimisation_analysis.py -> /home/ben/Documents/master_thesis/code/uwb_online_initialisation_simulator/src/build/online_uwb_initialisation/build/lib/online_uwb_initialisation/analysis
[2.320s] creating /home/ben/Documents/master_thesis/code/uwb_online_initialisation_simulator/src/build/online_uwb_initialisation/build/lib/online_uwb_initialisation/core
[2.320s] copying online_uwb_initialisation/core/uwb_online_initialisation_pipeline.py -> /home/ben/Documents/master_thesis/code/uwb_online_initialisation_simulator/src/build/online_uwb_initialisation/build/lib/online_uwb_initialisation/core
[2.321s] copying online_uwb_initialisation/core/trajectory_optimisation.py -> /home/ben/Documents/master_thesis/code/uwb_online_initialisation_simulator/src/build/online_uwb_initialisation/build/lib/online_uwb_initialisation/core
[2.321s] copying online_uwb_initialisation/core/trajectory_manager.py -> /home/ben/Documents/master_thesis/code/uwb_online_initialisation_simulator/src/build/online_uwb_initialisation/build/lib/online_uwb_initialisation/core
[2.321s] copying online_uwb_initialisation/core/measurement_processor.py -> /home/ben/Documents/master_thesis/code/uwb_online_initialisation_simulator/src/build/online_uwb_initialisation/build/lib/online_uwb_initialisation/core
[2.321s] copying online_uwb_initialisation/core/config_params.py -> /home/ben/Documents/master_thesis/code/uwb_online_initialisation_simulator/src/build/online_uwb_initialisation/build/lib/online_uwb_initialisation/core
[2.321s] copying online_uwb_initialisation/core/estimation_result.py -> /home/ben/Documents/master_thesis/code/uwb_online_initialisation_simulator/src/build/online_uwb_initialisation/build/lib/online_uwb_initialisation/core
[2.321s] copying online_uwb_initialisation/core/__init__.py -> /home/ben/Documents/master_thesis/code/uwb_online_initialisation_simulator/src/build/online_uwb_initialisation/build/lib/online_uwb_initialisation/core
[2.322s] copying online_uwb_initialisation/core/uwb_online_initialisation.py -> /home/ben/Documents/master_thesis/code/uwb_online_initialisation_simulator/src/build/online_uwb_initialisation/build/lib/online_uwb_initialisation/core
[2.322s] copying online_uwb_initialisation/core/anchor_data.py -> /home/ben/Documents/master_thesis/code/uwb_online_initialisation_simulator/src/build/online_uwb_initialisation/build/lib/online_uwb_initialisation/core
[2.322s] copying online_uwb_initialisation/core/estimation_interface.py -> /home/ben/Documents/master_thesis/code/uwb_online_initialisation_simulator/src/build/online_uwb_initialisation/build/lib/online_uwb_initialisation/core
[2.322s] copying online_uwb_initialisation/core/metrics_calculator.py -> /home/ben/Documents/master_thesis/code/uwb_online_initialisation_simulator/src/build/online_uwb_initialisation/build/lib/online_uwb_initialisation/core
[2.324s] running install
[2.327s] running install_lib
[2.344s] creating /home/ben/Documents/master_thesis/code/uwb_online_initialisation_simulator/src/install/online_uwb_initialisation/lib/python3.10/site-packages/online_uwb_initialisation
[2.344s] creating /home/ben/Documents/master_thesis/code/uwb_online_initialisation_simulator/src/install/online_uwb_initialisation/lib/python3.10/site-packages/online_uwb_initialisation/ros
[2.344s] copying /home/ben/Documents/master_thesis/code/uwb_online_initialisation_simulator/src/build/online_uwb_initialisation/build/lib/online_uwb_initialisation/ros/uwb_online_initialisation_node.py -> /home/ben/Documents/master_thesis/code/uwb_online_initialisation_simulator/src/install/online_uwb_initialisation/lib/python3.10/site-packages/online_uwb_initialisation/ros
[2.345s] copying /home/ben/Documents/master_thesis/code/uwb_online_initialisation_simulator/src/build/online_uwb_initialisation/build/lib/online_uwb_initialisation/ros/__init__.py -> /home/ben/Documents/master_thesis/code/uwb_online_initialisation_simulator/src/install/online_uwb_initialisation/lib/python3.10/site-packages/online_uwb_initialisation/ros
[2.345s] copying /home/ben/Documents/master_thesis/code/uwb_online_initialisation_simulator/src/build/online_uwb_initialisation/build/lib/online_uwb_initialisation/ros/uwb_online_initialisation_node_old.py -> /home/ben/Documents/master_thesis/code/uwb_online_initialisation_simulator/src/install/online_uwb_initialisation/lib/python3.10/site-packages/online_uwb_initialisation/ros
[2.345s] copying /home/ben/Documents/master_thesis/code/uwb_online_initialisation_simulator/src/build/online_uwb_initialisation/build/lib/online_uwb_initialisation/ros/uwb_config_loader.py -> /home/ben/Documents/master_thesis/code/uwb_online_initialisation_simulator/src/install/online_uwb_initialisation/lib/python3.10/site-packages/online_uwb_initialisation/ros
[2.345s] creating /home/ben/Documents/master_thesis/code/uwb_online_initialisation_simulator/src/install/online_uwb_initialisation/lib/python3.10/site-packages/online_uwb_initialisation/media
[2.345s] copying /home/ben/Documents/master_thesis/code/uwb_online_initialisation_simulator/src/build/online_uwb_initialisation/build/lib/online_uwb_initialisation/media/__init__.py -> /home/ben/Documents/master_thesis/code/uwb_online_initialisation_simulator/src/install/online_uwb_initialisation/lib/python3.10/site-packages/online_uwb_initialisation/media
[2.345s] creating /home/ben/Documents/master_thesis/code/uwb_online_initialisation_simulator/src/install/online_uwb_initialisation/lib/python3.10/site-packages/online_uwb_initialisation/simulation
[2.345s] copying /home/ben/Documents/master_thesis/code/uwb_online_initialisation_simulator/src/build/online_uwb_initialisation/build/lib/online_uwb_initialisation/simulation/monte_carlo_simulating.py -> /home/ben/Documents/master_thesis/code/uwb_online_initialisation_simulator/src/install/online_uwb_initialisation/lib/python3.10/site-packages/online_uwb_initialisation/simulation
[2.345s] copying /home/ben/Documents/master_thesis/code/uwb_online_initialisation_simulator/src/build/online_uwb_initialisation/build/lib/online_uwb_initialisation/simulation/quick_uwb_initialisation_sim.py -> /home/ben/Documents/master_thesis/code/uwb_online_initialisation_simulator/src/install/online_uwb_initialisation/lib/python3.10/site-packages/online_uwb_initialisation/simulation
[2.346s] copying /home/ben/Documents/master_thesis/code/uwb_online_initialisation_simulator/src/build/online_uwb_initialisation/build/lib/online_uwb_initialisation/simulation/__init__.py -> /home/ben/Documents/master_thesis/code/uwb_online_initialisation_simulator/src/install/online_uwb_initialisation/lib/python3.10/site-packages/online_uwb_initialisation/simulation
[2.346s] creating /home/ben/Documents/master_thesis/code/uwb_online_initialisation_simulator/src/install/online_uwb_initialisation/lib/python3.10/site-packages/online_uwb_initialisation/data
[2.346s] copying /home/ben/Documents/master_thesis/code/uwb_online_initialisation_simulator/src/build/online_uwb_initialisation/build/lib/online_uwb_initialisation/data/__init__.py -> /home/ben/Documents/master_thesis/code/uwb_online_initialisation_simulator/src/install/online_uwb_initialisation/lib/python3.10/site-packages/online_uwb_initialisation/data
[2.346s] copying /home/ben/Documents/master_thesis/code/uwb_online_initialisation_simulator/src/build/online_uwb_initialisation/build/lib/online_uwb_initialisation/__init__.py -> /home/ben/Documents/master_thesis/code/uwb_online_initialisation_simulator/src/install/online_uwb_initialisation/lib/python3.10/site-packages/online_uwb_initialisation
[2.346s] creating /home/ben/Documents/master_thesis/code/uwb_online_initialisation_simulator/src/install/online_uwb_initialisation/lib/python3.10/site-packages/online_uwb_initialisation/analysis
[2.346s] copying /home/ben/Documents/master_thesis/code/uwb_online_initialisation_simulator/src/build/online_uwb_initialisation/build/lib/online_uwb_initialisation/analysis/stopping_criterion_metrics_analysis.py -> /home/ben/Documents/master_thesis/code/uwb_online_initialisation_simulator/src/install/online_uwb_initialisation/lib/python3.10/site-packages/online_uwb_initialisation/analysis
[2.346s] copying /home/ben/Documents/master_thesis/code/uwb_online_initialisation_simulator/src/build/online_uwb_initialisation/build/lib/online_uwb_initialisation/analysis/final_error_analysis.py -> /home/ben/Documents/master_thesis/code/uwb_online_initialisation_simulator/src/install/online_uwb_initialisation/lib/python3.10/site-packages/online_uwb_initialisation/analysis
[2.347s] copying /home/ben/Documents/master_thesis/code/uwb_online_initialisation_simulator/src/build/online_uwb_initialisation/build/lib/online_uwb_initialisation/analysis/rosbag_reader.py -> /home/ben/Documents/master_thesis/code/uwb_online_initialisation_simulator/src/install/online_uwb_initialisation/lib/python3.10/site-packages/online_uwb_initialisation/analysis
[2.347s] copying /home/ben/Documents/master_thesis/code/uwb_online_initialisation_simulator/src/build/online_uwb_initialisation/build/lib/online_uwb_initialisation/analysis/non_linear_least_squares_analysis.py -> /home/ben/Documents/master_thesis/code/uwb_online_initialisation_simulator/src/install/online_uwb_initialisation/lib/python3.10/site-packages/online_uwb_initialisation/analysis
[2.347s] copying /home/ben/Documents/master_thesis/code/uwb_online_initialisation_simulator/src/build/online_uwb_initialisation/build/lib/online_uwb_initialisation/analysis/linear_least_squares_analysis.py -> /home/ben/Documents/master_thesis/code/uwb_online_initialisation_simulator/src/install/online_uwb_initialisation/lib/python3.10/site-packages/online_uwb_initialisation/analysis
[2.347s] copying /home/ben/Documents/master_thesis/code/uwb_online_initialisation_simulator/src/build/online_uwb_initialisation/build/lib/online_uwb_initialisation/analysis/general_analysis_script.py -> /home/ben/Documents/master_thesis/code/uwb_online_initialisation_simulator/src/install/online_uwb_initialisation/lib/python3.10/site-packages/online_uwb_initialisation/analysis
[2.347s] copying /home/ben/Documents/master_thesis/code/uwb_online_initialisation_simulator/src/build/online_uwb_initialisation/build/lib/online_uwb_initialisation/analysis/trajectory_optimisation_analysis.py -> /home/ben/Documents/master_thesis/code/uwb_online_initialisation_simulator/src/install/online_uwb_initialisation/lib/python3.10/site-packages/online_uwb_initialisation/analysis
[2.347s] copying /home/ben/Documents/master_thesis/code/uwb_online_initialisation_simulator/src/build/online_uwb_initialisation/build/lib/online_uwb_initialisation/analysis/trajectory_optimisation_comparison.py -> /home/ben/Documents/master_thesis/code/uwb_online_initialisation_simulator/src/install/online_uwb_initialisation/lib/python3.10/site-packages/online_uwb_initialisation/analysis
[2.347s] copying /home/ben/Documents/master_thesis/code/uwb_online_initialisation_simulator/src/build/online_uwb_initialisation/build/lib/online_uwb_initialisation/analysis/drone_halle_data_analysis.py -> /home/ben/Documents/master_thesis/code/uwb_online_initialisation_simulator/src/install/online_uwb_initialisation/lib/python3.10/site-packages/online_uwb_initialisation/analysis
[2.347s] copying /home/ben/Documents/master_thesis/code/uwb_online_initialisation_simulator/src/build/online_uwb_initialisation/build/lib/online_uwb_initialisation/analysis/residual_analysis.py -> /home/ben/Documents/master_thesis/code/uwb_online_initialisation_simulator/src/install/online_uwb_initialisation/lib/python3.10/site-packages/online_uwb_initialisation/analysis
[2.348s] copying /home/ben/Documents/master_thesis/code/uwb_online_initialisation_simulator/src/build/online_uwb_initialisation/build/lib/online_uwb_initialisation/analysis/__init__.py -> /home/ben/Documents/master_thesis/code/uwb_online_initialisation_simulator/src/install/online_uwb_initialisation/lib/python3.10/site-packages/online_uwb_initialisation/analysis
[2.348s] copying /home/ben/Documents/master_thesis/code/uwb_online_initialisation_simulator/src/build/online_uwb_initialisation/build/lib/online_uwb_initialisation/analysis/outlier_filtering_analysis.py -> /home/ben/Documents/master_thesis/code/uwb_online_initialisation_simulator/src/install/online_uwb_initialisation/lib/python3.10/site-packages/online_uwb_initialisation/analysis
[2.348s] copying /home/ben/Documents/master_thesis/code/uwb_online_initialisation_simulator/src/build/online_uwb_initialisation/build/lib/online_uwb_initialisation/analysis/non_linear_methods_analysis.py -> /home/ben/Documents/master_thesis/code/uwb_online_initialisation_simulator/src/install/online_uwb_initialisation/lib/python3.10/site-packages/online_uwb_initialisation/analysis
[2.348s] copying /home/ben/Documents/master_thesis/code/uwb_online_initialisation_simulator/src/build/online_uwb_initialisation/build/lib/online_uwb_initialisation/analysis/clustering_analysis.py -> /home/ben/Documents/master_thesis/code/uwb_online_initialisation_simulator/src/install/online_uwb_initialisation/lib/python3.10/site-packages/online_uwb_initialisation/analysis
[2.348s] copying /home/ben/Documents/master_thesis/code/uwb_online_initialisation_simulator/src/build/online_uwb_initialisation/build/lib/online_uwb_initialisation/analysis/stopping_criterion_sensitivity.py -> /home/ben/Documents/master_thesis/code/uwb_online_initialisation_simulator/src/install/online_uwb_initialisation/lib/python3.10/site-packages/online_uwb_initialisation/analysis
[2.348s] copying /home/ben/Documents/master_thesis/code/uwb_online_initialisation_simulator/src/build/online_uwb_initialisation/build/lib/online_uwb_initialisation/analysis/insane_dataset_analysis.py -> /home/ben/Documents/master_thesis/code/uwb_online_initialisation_simulator/src/install/online_uwb_initialisation/lib/python3.10/site-packages/online_uwb_initialisation/analysis
[2.348s] copying /home/ben/Documents/master_thesis/code/uwb_online_initialisation_simulator/src/build/online_uwb_initialisation/build/lib/online_uwb_initialisation/analysis/weight_optimisation_analysis.py -> /home/ben/Documents/master_thesis/code/uwb_online_initialisation_simulator/src/install/online_uwb_initialisation/lib/python3.10/site-packages/online_uwb_initialisation/analysis
[2.349s] creating /home/ben/Documents/master_thesis/code/uwb_online_initialisation_simulator/src/install/online_uwb_initialisation/lib/python3.10/site-packages/online_uwb_initialisation/core
[2.349s] copying /home/ben/Documents/master_thesis/code/uwb_online_initialisation_simulator/src/build/online_uwb_initialisation/build/lib/online_uwb_initialisation/core/uwb_online_initialisation_pipeline.py -> /home/ben/Documents/master_thesis/code/uwb_online_initialisation_simulator/src/install/online_uwb_initialisation/lib/python3.10/site-packages/online_uwb_initialisation/core
[2.349s] copying /home/ben/Documents/master_thesis/code/uwb_online_initialisation_simulator/src/build/online_uwb_initialisation/build/lib/online_uwb_initialisation/core/trajectory_optimisation.py -> /home/ben/Documents/master_thesis/code/uwb_online_initialisation_simulator/src/install/online_uwb_initialisation/lib/python3.10/site-packages/online_uwb_initialisation/core
[2.349s] copying /home/ben/Documents/master_thesis/code/uwb_online_initialisation_simulator/src/build/online_uwb_initialisation/build/lib/online_uwb_initialisation/core/trajectory_manager.py -> /home/ben/Documents/master_thesis/code/uwb_online_initialisation_simulator/src/install/online_uwb_initialisation/lib/python3.10/site-packages/online_uwb_initialisation/core
[2.349s] copying /home/ben/Documents/master_thesis/code/uwb_online_initialisation_simulator/src/build/online_uwb_initialisation/build/lib/online_uwb_initialisation/core/measurement_processor.py -> /home/ben/Documents/master_thesis/code/uwb_online_initialisation_simulator/src/install/online_uwb_initialisation/lib/python3.10/site-packages/online_uwb_initialisation/core
[2.349s] copying /home/ben/Documents/master_thesis/code/uwb_online_initialisation_simulator/src/build/online_uwb_initialisation/build/lib/online_uwb_initialisation/core/config_params.py -> /home/ben/Documents/master_thesis/code/uwb_online_initialisation_simulator/src/install/online_uwb_initialisation/lib/python3.10/site-packages/online_uwb_initialisation/core
[2.350s] copying /home/ben/Documents/master_thesis/code/uwb_online_initialisation_simulator/src/build/online_uwb_initialisation/build/lib/online_uwb_initialisation/core/estimation_result.py -> /home/ben/Documents/master_thesis/code/uwb_online_initialisation_simulator/src/install/online_uwb_initialisation/lib/python3.10/site-packages/online_uwb_initialisation/core
[2.350s] copying /home/ben/Documents/master_thesis/code/uwb_online_initialisation_simulator/src/build/online_uwb_initialisation/build/lib/online_uwb_initialisation/core/__init__.py -> /home/ben/Documents/master_thesis/code/uwb_online_initialisation_simulator/src/install/online_uwb_initialisation/lib/python3.10/site-packages/online_uwb_initialisation/core
[2.350s] copying /home/ben/Documents/master_thesis/code/uwb_online_initialisation_simulator/src/build/online_uwb_initialisation/build/lib/online_uwb_initialisation/core/uwb_online_initialisation.py -> /home/ben/Documents/master_thesis/code/uwb_online_initialisation_simulator/src/install/online_uwb_initialisation/lib/python3.10/site-packages/online_uwb_initialisation/core
[2.350s] copying /home/ben/Documents/master_thesis/code/uwb_online_initialisation_simulator/src/build/online_uwb_initialisation/build/lib/online_uwb_initialisation/core/anchor_data.py -> /home/ben/Documents/master_thesis/code/uwb_online_initialisation_simulator/src/install/online_uwb_initialisation/lib/python3.10/site-packages/online_uwb_initialisation/core
[2.350s] copying /home/ben/Documents/master_thesis/code/uwb_online_initialisation_simulator/src/build/online_uwb_initialisation/build/lib/online_uwb_initialisation/core/estimation_interface.py -> /home/ben/Documents/master_thesis/code/uwb_online_initialisation_simulator/src/install/online_uwb_initialisation/lib/python3.10/site-packages/online_uwb_initialisation/core
[2.350s] copying /home/ben/Documents/master_thesis/code/uwb_online_initialisation_simulator/src/build/online_uwb_initialisation/build/lib/online_uwb_initialisation/core/metrics_calculator.py -> /home/ben/Documents/master_thesis/code/uwb_online_initialisation_simulator/src/install/online_uwb_initialisation/lib/python3.10/site-packages/online_uwb_initialisation/core
[2.351s] byte-compiling /home/ben/Documents/master_thesis/code/uwb_online_initialisation_simulator/src/install/online_uwb_initialisation/lib/python3.10/site-packages/online_uwb_initialisation/ros/uwb_online_initialisation_node.py to uwb_online_initialisation_node.cpython-310.pyc
[2.354s] byte-compiling /home/ben/Documents/master_thesis/code/uwb_online_initialisation_simulator/src/install/online_uwb_initialisation/lib/python3.10/site-packages/online_uwb_initialisation/ros/__init__.py to __init__.cpython-310.pyc
[2.354s] byte-compiling /home/ben/Documents/master_thesis/code/uwb_online_initialisation_simulator/src/install/online_uwb_initialisation/lib/python3.10/site-packages/online_uwb_initialisation/ros/uwb_online_initialisation_node_old.py to uwb_online_initialisation_node_old.cpython-310.pyc
[2.356s] byte-compiling /home/ben/Documents/master_thesis/code/uwb_online_initialisation_simulator/src/install/online_uwb_initialisation/lib/python3.10/site-packages/online_uwb_initialisation/ros/uwb_config_loader.py to uwb_config_loader.cpython-310.pyc
[2.356s] byte-compiling /home/ben/Documents/master_thesis/code/uwb_online_initialisation_simulator/src/install/online_uwb_initialisation/lib/python3.10/site-packages/online_uwb_initialisation/media/__init__.py to __init__.cpython-310.pyc
[2.356s] byte-compiling /home/ben/Documents/master_thesis/code/uwb_online_initialisation_simulator/src/install/online_uwb_initialisation/lib/python3.10/site-packages/online_uwb_initialisation/simulation/monte_carlo_simulating.py to monte_carlo_simulating.cpython-310.pyc
[2.367s] byte-compiling /home/ben/Documents/master_thesis/code/uwb_online_initialisation_simulator/src/install/online_uwb_initialisation/lib/python3.10/site-packages/online_uwb_initialisation/simulation/quick_uwb_initialisation_sim.py to quick_uwb_initialisation_sim.cpython-310.pyc
[2.384s] byte-compiling /home/ben/Documents/master_thesis/code/uwb_online_initialisation_simulator/src/install/online_uwb_initialisation/lib/python3.10/site-packages/online_uwb_initialisation/simulation/__init__.py to __init__.cpython-310.pyc
[2.384s] byte-compiling /home/ben/Documents/master_thesis/code/uwb_online_initialisation_simulator/src/install/online_uwb_initialisation/lib/python3.10/site-packages/online_uwb_initialisation/data/__init__.py to __init__.cpython-310.pyc
[2.384s] byte-compiling /home/ben/Documents/master_thesis/code/uwb_online_initialisation_simulator/src/install/online_uwb_initialisation/lib/python3.10/site-packages/online_uwb_initialisation/__init__.py to __init__.cpython-310.pyc
[2.384s] byte-compiling /home/ben/Documents/master_thesis/code/uwb_online_initialisation_simulator/src/install/online_uwb_initialisation/lib/python3.10/site-packages/online_uwb_initialisation/analysis/stopping_criterion_metrics_analysis.py to stopping_criterion_metrics_analysis.cpython-310.pyc
[2.388s] byte-compiling /home/ben/Documents/master_thesis/code/uwb_online_initialisation_simulator/src/install/online_uwb_initialisation/lib/python3.10/site-packages/online_uwb_initialisation/analysis/final_error_analysis.py to final_error_analysis.cpython-310.pyc
[2.388s] byte-compiling /home/ben/Documents/master_thesis/code/uwb_online_initialisation_simulator/src/install/online_uwb_initialisation/lib/python3.10/site-packages/online_uwb_initialisation/analysis/rosbag_reader.py to rosbag_reader.cpython-310.pyc
[2.389s] byte-compiling /home/ben/Documents/master_thesis/code/uwb_online_initialisation_simulator/src/install/online_uwb_initialisation/lib/python3.10/site-packages/online_uwb_initialisation/analysis/non_linear_least_squares_analysis.py to non_linear_least_squares_analysis.cpython-310.pyc
[2.390s] byte-compiling /home/ben/Documents/master_thesis/code/uwb_online_initialisation_simulator/src/install/online_uwb_initialisation/lib/python3.10/site-packages/online_uwb_initialisation/analysis/linear_least_squares_analysis.py to linear_least_squares_analysis.cpython-310.pyc
[2.392s] byte-compiling /home/ben/Documents/master_thesis/code/uwb_online_initialisation_simulator/src/install/online_uwb_initialisation/lib/python3.10/site-packages/online_uwb_initialisation/analysis/general_analysis_script.py to general_analysis_script.cpython-310.pyc
[2.393s] byte-compiling /home/ben/Documents/master_thesis/code/uwb_online_initialisation_simulator/src/install/online_uwb_initialisation/lib/python3.10/site-packages/online_uwb_initialisation/analysis/trajectory_optimisation_analysis.py to trajectory_optimisation_analysis.cpython-310.pyc
[2.394s] byte-compiling /home/ben/Documents/master_thesis/code/uwb_online_initialisation_simulator/src/install/online_uwb_initialisation/lib/python3.10/site-packages/online_uwb_initialisation/analysis/trajectory_optimisation_comparison.py to trajectory_optimisation_comparison.cpython-310.pyc
[2.394s] byte-compiling /home/ben/Documents/master_thesis/code/uwb_online_initialisation_simulator/src/install/online_uwb_initialisation/lib/python3.10/site-packages/online_uwb_initialisation/analysis/drone_halle_data_analysis.py to drone_halle_data_analysis.cpython-310.pyc
[2.397s] byte-compiling /home/ben/Documents/master_thesis/code/uwb_online_initialisation_simulator/src/install/online_uwb_initialisation/lib/python3.10/site-packages/online_uwb_initialisation/analysis/residual_analysis.py to residual_analysis.cpython-310.pyc
[2.397s] byte-compiling /home/ben/Documents/master_thesis/code/uwb_online_initialisation_simulator/src/install/online_uwb_initialisation/lib/python3.10/site-packages/online_uwb_initialisation/analysis/__init__.py to __init__.cpython-310.pyc
[2.397s] byte-compiling /home/ben/Documents/master_thesis/code/uwb_online_initialisation_simulator/src/install/online_uwb_initialisation/lib/python3.10/site-packages/online_uwb_initialisation/analysis/outlier_filtering_analysis.py to outlier_filtering_analysis.cpython-310.pyc
[2.397s] byte-compiling /home/ben/Documents/master_thesis/code/uwb_online_initialisation_simulator/src/install/online_uwb_initialisation/lib/python3.10/site-packages/online_uwb_initialisation/analysis/non_linear_methods_analysis.py to non_linear_methods_analysis.cpython-310.pyc
[2.398s] byte-compiling /home/ben/Documents/master_thesis/code/uwb_online_initialisation_simulator/src/install/online_uwb_initialisation/lib/python3.10/site-packages/online_uwb_initialisation/analysis/clustering_analysis.py to clustering_analysis.cpython-310.pyc
[2.399s] byte-compiling /home/ben/Documents/master_thesis/code/uwb_online_initialisation_simulator/src/install/online_uwb_initialisation/lib/python3.10/site-packages/online_uwb_initialisation/analysis/stopping_criterion_sensitivity.py to stopping_criterion_sensitivity.cpython-310.pyc
[2.400s] byte-compiling /home/ben/Documents/master_thesis/code/uwb_online_initialisation_simulator/src/install/online_uwb_initialisation/lib/python3.10/site-packages/online_uwb_initialisation/analysis/insane_dataset_analysis.py to insane_dataset_analysis.cpython-310.pyc
[2.401s] byte-compiling /home/ben/Documents/master_thesis/code/uwb_online_initialisation_simulator/src/install/online_uwb_initialisation/lib/python3.10/site-packages/online_uwb_initialisation/analysis/weight_optimisation_analysis.py to weight_optimisation_analysis.cpython-310.pyc
[2.402s] byte-compiling /home/ben/Documents/master_thesis/code/uwb_online_initialisation_simulator/src/install/online_uwb_initialisation/lib/python3.10/site-packages/online_uwb_initialisation/core/uwb_online_initialisation_pipeline.py to uwb_online_initialisation_pipeline.cpython-310.pyc
[2.405s] byte-compiling /home/ben/Documents/master_thesis/code/uwb_online_initialisation_simulator/src/install/online_uwb_initialisation/lib/python3.10/site-packages/online_uwb_initialisation/core/trajectory_optimisation.py to trajectory_optimisation.cpython-310.pyc
[2.409s] byte-compiling /home/ben/Documents/master_thesis/code/uwb_online_initialisation_simulator/src/install/online_uwb_initialisation/lib/python3.10/site-packages/online_uwb_initialisation/core/trajectory_manager.py to trajectory_manager.cpython-310.pyc
[2.410s] byte-compiling /home/ben/Documents/master_thesis/code/uwb_online_initialisation_simulator/src/install/online_uwb_initialisation/lib/python3.10/site-packages/online_uwb_initialisation/core/measurement_processor.py to measurement_processor.cpython-310.pyc
[2.411s] byte-compiling /home/ben/Documents/master_thesis/code/uwb_online_initialisation_simulator/src/install/online_uwb_initialisation/lib/python3.10/site-packages/online_uwb_initialisation/core/config_params.py to config_params.cpython-310.pyc
[2.413s] byte-compiling /home/ben/Documents/master_thesis/code/uwb_online_initialisation_simulator/src/install/online_uwb_initialisation/lib/python3.10/site-packages/online_uwb_initialisation/core/estimation_result.py to estimation_result.cpython-310.pyc
[2.413s] byte-compiling /home/ben/Documents/master_thesis/code/uwb_online_initialisation_simulator/src/install/online_uwb_initialisation/lib/python3.10/site-packages/online_uwb_initialisation/core/__init__.py to __init__.cpython-310.pyc
[2.414s] byte-compiling /home/ben/Documents/master_thesis/code/uwb_online_initialisation_simulator/src/install/online_uwb_initialisation/lib/python3.10/site-packages/online_uwb_initialisation/core/uwb_online_initialisation.py to uwb_online_initialisation.cpython-310.pyc
[2.423s] byte-compiling /home/ben/Documents/master_thesis/code/uwb_online_initialisation_simulator/src/install/online_uwb_initialisation/lib/python3.10/site-packages/online_uwb_initialisation/core/anchor_data.py to anchor_data.cpython-310.pyc
[2.424s] byte-compiling /home/ben/Documents/master_thesis/code/uwb_online_initialisation_simulator/src/install/online_uwb_initialisation/lib/python3.10/site-packages/online_uwb_initialisation/core/estimation_interface.py to estimation_interface.cpython-310.pyc
[2.429s] byte-compiling /home/ben/Documents/master_thesis/code/uwb_online_initialisation_simulator/src/install/online_uwb_initialisation/lib/python3.10/site-packages/online_uwb_initialisation/core/metrics_calculator.py to metrics_calculator.cpython-310.pyc
[2.431s] running install_data
[2.431s] creating /home/ben/Documents/master_thesis/code/uwb_online_initialisation_simulator/src/install/online_uwb_initialisation/share/ament_index
[2.431s] creating /home/ben/Documents/master_thesis/code/uwb_online_initialisation_simulator/src/install/online_uwb_initialisation/share/ament_index/resource_index
[2.431s] creating /home/ben/Documents/master_thesis/code/uwb_online_initialisation_simulator/src/install/online_uwb_initialisation/share/ament_index/resource_index/packages
[2.431s] copying resource/online_uwb_initialisation -> /home/ben/Documents/master_thesis/code/uwb_online_initialisation_simulator/src/install/online_uwb_initialisation/share/ament_index/resource_index/packages
[2.431s] copying package.xml -> /home/ben/Documents/master_thesis/code/uwb_online_initialisation_simulator/src/install/online_uwb_initialisation/share/online_uwb_initialisation
[2.431s] running install_egg_info
[2.448s] Copying ../build/online_uwb_initialisation/online_uwb_initialisation.egg-info to /home/ben/Documents/master_thesis/code/uwb_online_initialisation_simulator/src/install/online_uwb_initialisation/lib/python3.10/site-packages/online_uwb_initialisation-0.0.0-py3.10.egg-info
[2.449s] running install_scripts
[2.599s] Installing uwb_online_initialisation script to /home/ben/Documents/master_thesis/code/uwb_online_initialisation_simulator/src/install/online_uwb_initialisation/lib/online_uwb_initialisation
[2.600s] writing list of installed files to '/home/ben/Documents/master_thesis/code/uwb_online_initialisation_simulator/src/build/online_uwb_initialisation/install.log'
[2.650s] Invoked command in '/home/ben/Documents/master_thesis/code/uwb_online_initialisation_simulator/src/online_uwb_initialisation' returned '0': AMENT_PREFIX_PATH=/home/ben/Documents/master_thesis/code/uwb_online_initialisation_simulator/src/install/sim_interfaces:${AMENT_PREFIX_PATH} CMAKE_PREFIX_PATH=/home/ben/Documents/master_thesis/code/uwb_online_initialisation_simulator/src/install/sim_interfaces:${CMAKE_PREFIX_PATH} LD_LIBRARY_PATH=/home/ben/Documents/master_thesis/code/uwb_online_initialisation_simulator/src/install/sim_interfaces/lib:${LD_LIBRARY_PATH} PYTHONPATH=/home/ben/Documents/master_thesis/code/uwb_online_initialisation_simulator/src/build/online_uwb_initialisation/prefix_override:/usr/lib/python3/dist-packages/colcon_core/task/python/colcon_distutils_commands:/home/ben/Documents/master_thesis/code/uwb_online_initialisation_simulator/src/install/online_uwb_initialisation/lib/python3.10/site-packages:/home/ben/Documents/master_thesis/code/uwb_online_initialisation_simulator/src/install/sim_interfaces/local/lib/python3.10/dist-packages:${PYTHONPATH} /usr/bin/python3 -W ignore:setup.py install is deprecated setup.py egg_info --egg-base ../build/online_uwb_initialisation build --build-base /home/ben/Documents/master_thesis/code/uwb_online_initialisation_simulator/src/build/online_uwb_initialisation/build install --record /home/ben/Documents/master_thesis/code/uwb_online_initialisation_simulator/src/build/online_uwb_initialisation/install.log --single-version-externally-managed install_data
