/home/ben/Documents/master_thesis/code/uwb_online_initialisation_simulator/src/install/drone_uwb_simulator/lib/python3.10/site-packages/drone_uwb_simulator/drone_simulator.py
/home/ben/Documents/master_thesis/code/uwb_online_initialisation_simulator/src/install/drone_uwb_simulator/lib/python3.10/site-packages/drone_uwb_simulator/UWB_protocol.py
/home/ben/Documents/master_thesis/code/uwb_online_initialisation_simulator/src/install/drone_uwb_simulator/lib/python3.10/site-packages/drone_uwb_simulator/drone_simulator_node.py
/home/ben/Documents/master_thesis/code/uwb_online_initialisation_simulator/src/install/drone_uwb_simulator/lib/python3.10/site-packages/drone_uwb_simulator/__init__.py
/home/ben/Documents/master_thesis/code/uwb_online_initialisation_simulator/src/install/drone_uwb_simulator/lib/python3.10/site-packages/drone_uwb_simulator/drone_dynamics.py
/home/ben/Documents/master_thesis/code/uwb_online_initialisation_simulator/src/install/drone_uwb_simulator/lib/python3.10/site-packages/drone_uwb_simulator/__pycache__/drone_simulator.cpython-310.pyc
/home/ben/Documents/master_thesis/code/uwb_online_initialisation_simulator/src/install/drone_uwb_simulator/lib/python3.10/site-packages/drone_uwb_simulator/__pycache__/UWB_protocol.cpython-310.pyc
/home/ben/Documents/master_thesis/code/uwb_online_initialisation_simulator/src/install/drone_uwb_simulator/lib/python3.10/site-packages/drone_uwb_simulator/__pycache__/drone_simulator_node.cpython-310.pyc
/home/ben/Documents/master_thesis/code/uwb_online_initialisation_simulator/src/install/drone_uwb_simulator/lib/python3.10/site-packages/drone_uwb_simulator/__pycache__/__init__.cpython-310.pyc
/home/ben/Documents/master_thesis/code/uwb_online_initialisation_simulator/src/install/drone_uwb_simulator/lib/python3.10/site-packages/drone_uwb_simulator/__pycache__/drone_dynamics.cpython-310.pyc
/home/ben/Documents/master_thesis/code/uwb_online_initialisation_simulator/src/install/drone_uwb_simulator/share/ament_index/resource_index/packages/drone_uwb_simulator
/home/ben/Documents/master_thesis/code/uwb_online_initialisation_simulator/src/install/drone_uwb_simulator/share/drone_uwb_simulator/package.xml
/home/ben/Documents/master_thesis/code/uwb_online_initialisation_simulator/src/install/drone_uwb_simulator/share/drone_uwb_simulator/drone_mesh.glb
/home/ben/Documents/master_thesis/code/uwb_online_initialisation_simulator/src/install/drone_uwb_simulator/lib/python3.10/site-packages/drone_uwb_simulator-0.0.0-py3.10.egg-info/top_level.txt
/home/ben/Documents/master_thesis/code/uwb_online_initialisation_simulator/src/install/drone_uwb_simulator/lib/python3.10/site-packages/drone_uwb_simulator-0.0.0-py3.10.egg-info/entry_points.txt
/home/ben/Documents/master_thesis/code/uwb_online_initialisation_simulator/src/install/drone_uwb_simulator/lib/python3.10/site-packages/drone_uwb_simulator-0.0.0-py3.10.egg-info/PKG-INFO
/home/ben/Documents/master_thesis/code/uwb_online_initialisation_simulator/src/install/drone_uwb_simulator/lib/python3.10/site-packages/drone_uwb_simulator-0.0.0-py3.10.egg-info/requires.txt
/home/ben/Documents/master_thesis/code/uwb_online_initialisation_simulator/src/install/drone_uwb_simulator/lib/python3.10/site-packages/drone_uwb_simulator-0.0.0-py3.10.egg-info/dependency_links.txt
/home/ben/Documents/master_thesis/code/uwb_online_initialisation_simulator/src/install/drone_uwb_simulator/lib/python3.10/site-packages/drone_uwb_simulator-0.0.0-py3.10.egg-info/SOURCES.txt
/home/ben/Documents/master_thesis/code/uwb_online_initialisation_simulator/src/install/drone_uwb_simulator/lib/python3.10/site-packages/drone_uwb_simulator-0.0.0-py3.10.egg-info/zip-safe
/home/ben/Documents/master_thesis/code/uwb_online_initialisation_simulator/src/install/drone_uwb_simulator/lib/drone_uwb_simulator/drone_simulator
